ARM Linker, 4.1 [Build 567] [Standard]

==============================================================================

Section Cross References

    system_lpc17xx.o(.text) refers to system_lpc17xx.o(.data) for .data
    startup_lpc17xx.o(STACK) refers (Special) to heapauxi.o(.text) for __use_two_region_memory
    startup_lpc17xx.o(HEAP) refers (Special) to heapauxi.o(.text) for __use_two_region_memory
    startup_lpc17xx.o(RESET) refers (Special) to heapauxi.o(.text) for __use_two_region_memory
    startup_lpc17xx.o(RESET) refers to startup_lpc17xx.o(STACK) for __initial_sp
    startup_lpc17xx.o(RESET) refers to startup_lpc17xx.o(.text) for Reset_Handler
    startup_lpc17xx.o(RESET) refers to usbhw.o(.text) for USB_IRQHandler
    startup_lpc17xx.o(.ARM.__at_0x02FC) refers (Special) to heapauxi.o(.text) for __use_two_region_memory
    startup_lpc17xx.o(.text) refers (Special) to heapauxi.o(.text) for __use_two_region_memory
    startup_lpc17xx.o(.text) refers to __main.o(!!!main) for __main
    startup_lpc17xx.o(.text) refers to startup_lpc17xx.o(HEAP) for Heap_Mem
    startup_lpc17xx.o(.text) refers to startup_lpc17xx.o(STACK) for Stack_Mem
    mscuser.o(.text) refers to usbhw.o(.text) for USB_WriteEP
    mscuser.o(.text) refers to sbl_iap.o(.text) for erase_user_flash
    mscuser.o(.text) refers to mscuser.o(.data) for .data
    mscuser.o(.text) refers to usbcore.o(.bss) for EP0Buf
    mscuser.o(.text) refers to sbl_iap.o(.constdata) for sector_start_map
    mscuser.o(.text) refers to diskimg.o(.constdata) for BootSect
    mscuser.o(.text) refers to mscuser.o(.bss) for .bss
    mscuser.o(.text) refers to sbl_iap.o(.ARM.__at_0x1FC) for crp
    usbcore.o(.text) refers to usbhw.o(.text) for USB_ReadEP
    usbcore.o(.text) refers to usbcore.o(i.USB_GetStatus) for USB_GetStatus
    usbcore.o(.text) refers to usbcore.o(i.USB_SetClrFeature) for USB_SetClrFeature
    usbcore.o(.text) refers to usbcore.o(i.USB_GetDescriptor) for USB_GetDescriptor
    usbcore.o(.text) refers to usbcore.o(i.USB_SetConfiguration) for USB_SetConfiguration
    usbcore.o(.text) refers to usbuser.o(.text) for USB_Configure_Event
    usbcore.o(.text) refers to usbcore.o(i.USB_SetInterface) for USB_SetInterface
    usbcore.o(.text) refers to usbcore.o(.data) for .data
    usbcore.o(.text) refers to usbcore.o(.bss) for .bss
    usbhw.o(.text) refers to usbuser.o(.text) for USB_Reset_Event
    usbhw.o(.text) refers to usbcore.o(.data) for USB_DeviceStatus
    usbhw.o(.text) refers to usbuser.o(.constdata) for USB_P_EP
    usbuser.o(.text) refers to usbcore.o(.text) for USB_ResetCore
    usbuser.o(.text) refers to mscuser.o(.text) for MSC_BulkIn
    usbuser.o(.constdata) refers to usbcore.o(.text) for USB_EndPoint0
    usbuser.o(.constdata) refers to usbuser.o(.text) for USB_EndPoint2
    sbl_iap.o(.text) refers to sbl_iap.o(.emb_text) for boot_jump
    sbl_iap.o(.text) refers to sbl_iap.o(.bss) for .bss
    sbl_iap.o(.text) refers to system_lpc17xx.o(.data) for SystemFrequency
    sbl_iap.o(.text) refers to sbl_iap.o(.constdata) for .constdata
    sbl_iap.o(.text) refers to sbl_iap.o(.data) for .data
    memory.o(.text) refers to system_lpc17xx.o(.text) for SystemInit
    memory.o(.text) refers to usbhw.o(.text) for USB_Init
    memory.o(.text) refers to sbl_iap.o(.text) for user_code_present
    memory.o(.text) refers to mscuser.o(.data) for user_flash_erased
    memory.o(.text) refers to mscuser.o(.bss) for Fat_RootDir
    memory.o(.text) refers to sbl_iap.o(.constdata) for sector_end_map
    memory.o(.text) refers to diskimg.o(.constdata) for RootDirEntry
    memory.o(.text) refers to sbl_iap.o(.ARM.__at_0x1FC) for crp
    memory.o(.text) refers to diskimg.o(.constdata) for CRPEntry
    __main.o(!!!main) refers to rtentry.o(.ARM.Collect$$rtentry$$00000000) for __rt_entry
    rtentry.o(.ARM.Collect$$rtentry$$00000000) refers (Special) to rtentry2.o(.ARM.Collect$$rtentry$$0000000A) for __rt_entry_li
    rtentry.o(.ARM.Collect$$rtentry$$00000000) refers (Special) to rtentry2.o(.ARM.Collect$$rtentry$$0000000D) for __rt_entry_main
    rtentry.o(.ARM.Collect$$rtentry$$00000000) refers (Special) to rtentry2.o(.ARM.Collect$$rtentry$$0000000C) for __rt_entry_postli_1
    rtentry.o(.ARM.Collect$$rtentry$$00000000) refers (Special) to rtentry2.o(.ARM.Collect$$rtentry$$00000009) for __rt_entry_postsh_1
    rtentry.o(.ARM.Collect$$rtentry$$00000000) refers (Special) to rtentry2.o(.ARM.Collect$$rtentry$$00000002) for __rt_entry_presh_1
    rtentry.o(.ARM.Collect$$rtentry$$00000000) refers (Special) to rtentry4.o(.ARM.Collect$$rtentry$$00000004) for __rt_entry_sh
    rtentry.o(.ARM.exidx) refers (Special) to rtentry2.o(.ARM.Collect$$rtentry$$0000000A) for __rt_entry_li
    rtentry.o(.ARM.exidx) refers (Special) to rtentry2.o(.ARM.Collect$$rtentry$$0000000D) for __rt_entry_main
    rtentry.o(.ARM.exidx) refers (Special) to rtentry2.o(.ARM.Collect$$rtentry$$0000000C) for __rt_entry_postli_1
    rtentry.o(.ARM.exidx) refers (Special) to rtentry2.o(.ARM.Collect$$rtentry$$00000009) for __rt_entry_postsh_1
    rtentry.o(.ARM.exidx) refers (Special) to rtentry2.o(.ARM.Collect$$rtentry$$00000002) for __rt_entry_presh_1
    rtentry.o(.ARM.exidx) refers (Special) to rtentry4.o(.ARM.Collect$$rtentry$$00000004) for __rt_entry_sh
    rtentry.o(.ARM.exidx) refers to rtentry.o(.ARM.Collect$$rtentry$$00000000) for .ARM.Collect$$rtentry$$00000000
    rtentry2.o(.ARM.Collect$$rtentry$$00000008) refers to boardinit2.o(.text) for _platform_post_stackheap_init
    rtentry2.o(.ARM.Collect$$rtentry$$0000000A) refers to libinit.o(.ARM.Collect$$libinit$$00000000) for __rt_lib_init
    rtentry2.o(.ARM.Collect$$rtentry$$0000000B) refers to boardinit3.o(.text) for _platform_post_lib_init
    rtentry2.o(.ARM.Collect$$rtentry$$0000000D) refers to memory.o(.text) for main
    rtentry2.o(.ARM.Collect$$rtentry$$0000000D) refers to exit.o(.text) for exit
    rtentry2.o(.ARM.exidx) refers to rtentry2.o(.ARM.Collect$$rtentry$$00000001) for .ARM.Collect$$rtentry$$00000001
    rtentry2.o(.ARM.exidx) refers to rtentry2.o(.ARM.Collect$$rtentry$$00000002) for .ARM.Collect$$rtentry$$00000002
    rtentry2.o(.ARM.exidx) refers to rtentry2.o(.ARM.Collect$$rtentry$$00000008) for .ARM.Collect$$rtentry$$00000008
    rtentry2.o(.ARM.exidx) refers to rtentry2.o(.ARM.Collect$$rtentry$$00000009) for .ARM.Collect$$rtentry$$00000009
    rtentry2.o(.ARM.exidx) refers to rtentry2.o(.ARM.Collect$$rtentry$$0000000A) for .ARM.Collect$$rtentry$$0000000A
    rtentry2.o(.ARM.exidx) refers to rtentry2.o(.ARM.Collect$$rtentry$$0000000B) for .ARM.Collect$$rtentry$$0000000B
    rtentry2.o(.ARM.exidx) refers to rtentry2.o(.ARM.Collect$$rtentry$$0000000C) for .ARM.Collect$$rtentry$$0000000C
    rtentry2.o(.ARM.exidx) refers to rtentry2.o(.ARM.Collect$$rtentry$$0000000D) for .ARM.Collect$$rtentry$$0000000D
    rtentry4.o(.ARM.Collect$$rtentry$$00000004) refers to sys_stackheap_outer.o(.text) for __user_setup_stackheap
    rtentry4.o(.ARM.exidx) refers to rtentry4.o(.ARM.Collect$$rtentry$$00000004) for .ARM.Collect$$rtentry$$00000004
    sys_stackheap_outer.o(.text) refers to libspace.o(.text) for __user_perproc_libspace
    sys_stackheap_outer.o(.text) refers to startup_lpc17xx.o(.text) for __user_initial_stackheap
    exit.o(.text) refers to rtexit.o(.ARM.Collect$$rtexit$$00000000) for __rt_exit
    libinit.o(.ARM.Collect$$libinit$$00000000) refers (Special) to libinit2.o(.ARM.Collect$$libinit$$0000002A) for __rt_lib_init_alloca_1
    libinit.o(.ARM.Collect$$libinit$$00000000) refers (Special) to libinit2.o(.ARM.Collect$$libinit$$00000028) for __rt_lib_init_argv_1
    libinit.o(.ARM.Collect$$libinit$$00000000) refers (Special) to libinit2.o(.ARM.Collect$$libinit$$00000017) for __rt_lib_init_atexit_1
    libinit.o(.ARM.Collect$$libinit$$00000000) refers (Special) to libinit2.o(.ARM.Collect$$libinit$$0000001D) for __rt_lib_init_clock_1
    libinit.o(.ARM.Collect$$libinit$$00000000) refers (Special) to libinit2.o(.ARM.Collect$$libinit$$0000002E) for __rt_lib_init_cpp_1
    libinit.o(.ARM.Collect$$libinit$$00000000) refers (Special) to libinit2.o(.ARM.Collect$$libinit$$0000002C) for __rt_lib_init_exceptions_1
    libinit.o(.ARM.Collect$$libinit$$00000000) refers (Special) to libinit2.o(.ARM.Collect$$libinit$$0000001B) for __rt_lib_init_fp_trap_1
    libinit.o(.ARM.Collect$$libinit$$00000000) refers (Special) to libinit2.o(.ARM.Collect$$libinit$$0000001F) for __rt_lib_init_getenv_1
    libinit.o(.ARM.Collect$$libinit$$00000000) refers (Special) to libinit2.o(.ARM.Collect$$libinit$$00000006) for __rt_lib_init_heap_1
    libinit.o(.ARM.Collect$$libinit$$00000000) refers (Special) to libinit2.o(.ARM.Collect$$libinit$$0000000D) for __rt_lib_init_lc_collate_1
    libinit.o(.ARM.Collect$$libinit$$00000000) refers (Special) to libinit2.o(.ARM.Collect$$libinit$$0000000F) for __rt_lib_init_lc_ctype_1
    libinit.o(.ARM.Collect$$libinit$$00000000) refers (Special) to libinit2.o(.ARM.Collect$$libinit$$00000011) for __rt_lib_init_lc_monetary_1
    libinit.o(.ARM.Collect$$libinit$$00000000) refers (Special) to libinit2.o(.ARM.Collect$$libinit$$00000013) for __rt_lib_init_lc_numeric_1
    libinit.o(.ARM.Collect$$libinit$$00000000) refers (Special) to libinit2.o(.ARM.Collect$$libinit$$00000015) for __rt_lib_init_lc_time_1
    libinit.o(.ARM.Collect$$libinit$$00000000) refers (Special) to libinit2.o(.ARM.Collect$$libinit$$0000000A) for __rt_lib_init_rand_1
    libinit.o(.ARM.Collect$$libinit$$00000000) refers (Special) to libinit2.o(.ARM.Collect$$libinit$$0000002F) for __rt_lib_init_return
    libinit.o(.ARM.Collect$$libinit$$00000000) refers (Special) to libinit2.o(.ARM.Collect$$libinit$$00000019) for __rt_lib_init_signal_1
    libinit.o(.ARM.Collect$$libinit$$00000000) refers (Special) to libinit2.o(.ARM.Collect$$libinit$$00000021) for __rt_lib_init_stdio_1
    libinit.o(.ARM.Collect$$libinit$$00000000) refers (Special) to libinit2.o(.ARM.Collect$$libinit$$00000008) for __rt_lib_init_user_alloc_1
    libinit.o(.ARM.Collect$$libinit$$00000000) refers to fpinit.o(x$fpl$fpinit) for _fp_init
    libspace.o(.text) refers to libspace.o(.bss) for __libspace_start
    rtexit.o(.ARM.Collect$$rtexit$$00000000) refers (Special) to rtexit2.o(.ARM.Collect$$rtexit$$00000004) for __rt_exit_exit
    rtexit.o(.ARM.Collect$$rtexit$$00000000) refers (Special) to rtexit2.o(.ARM.Collect$$rtexit$$00000003) for __rt_exit_ls
    rtexit.o(.ARM.Collect$$rtexit$$00000000) refers (Special) to rtexit2.o(.ARM.Collect$$rtexit$$00000002) for __rt_exit_prels_1
    rtexit.o(.ARM.exidx) refers (Special) to rtexit2.o(.ARM.Collect$$rtexit$$00000004) for __rt_exit_exit
    rtexit.o(.ARM.exidx) refers (Special) to rtexit2.o(.ARM.Collect$$rtexit$$00000003) for __rt_exit_ls
    rtexit.o(.ARM.exidx) refers (Special) to rtexit2.o(.ARM.Collect$$rtexit$$00000002) for __rt_exit_prels_1
    rtexit.o(.ARM.exidx) refers to rtexit.o(.ARM.Collect$$rtexit$$00000000) for .ARM.Collect$$rtexit$$00000000
    libinit2.o(.ARM.Collect$$libinit$$0000000C) refers to libinit2.o(.ARM.Collect$$libinit$$0000000B) for .ARM.Collect$$libinit$$0000000B
    libinit2.o(.ARM.Collect$$libinit$$0000000E) refers to libinit2.o(.ARM.Collect$$libinit$$0000000B) for .ARM.Collect$$libinit$$0000000B
    libinit2.o(.ARM.Collect$$libinit$$00000010) refers to libinit2.o(.ARM.Collect$$libinit$$0000000B) for .ARM.Collect$$libinit$$0000000B
    libinit2.o(.ARM.Collect$$libinit$$00000012) refers to libinit2.o(.ARM.Collect$$libinit$$0000000B) for .ARM.Collect$$libinit$$0000000B
    libinit2.o(.ARM.Collect$$libinit$$00000014) refers to libinit2.o(.ARM.Collect$$libinit$$0000000B) for .ARM.Collect$$libinit$$0000000B
    libinit2.o(.ARM.Collect$$libinit$$00000022) refers to argv_veneer.o(.emb_text) for __ARM_argv_veneer
    libinit2.o(.ARM.Collect$$libinit$$00000023) refers to argv_veneer.o(.emb_text) for __ARM_argv_veneer
    fpinit.o(x$fpl$fpinit) refers to rt_fp_status_addr_intlibspace.o(.text) for __rt_fp_status_addr
    rtexit2.o(.ARM.Collect$$rtexit$$00000003) refers to libshutdown.o(.ARM.Collect$$libshutdown$$00000000) for __rt_lib_shutdown
    rtexit2.o(.ARM.Collect$$rtexit$$00000004) refers to sys_exit.o(.text) for _sys_exit
    rtexit2.o(.ARM.exidx) refers to rtexit2.o(.ARM.Collect$$rtexit$$00000001) for .ARM.Collect$$rtexit$$00000001
    rtexit2.o(.ARM.exidx) refers to rtexit2.o(.ARM.Collect$$rtexit$$00000002) for .ARM.Collect$$rtexit$$00000002
    rtexit2.o(.ARM.exidx) refers to rtexit2.o(.ARM.Collect$$rtexit$$00000003) for .ARM.Collect$$rtexit$$00000003
    rtexit2.o(.ARM.exidx) refers to rtexit2.o(.ARM.Collect$$rtexit$$00000004) for .ARM.Collect$$rtexit$$00000004
    rt_fp_status_addr.o(.text) refers to rt_fp_status_addr.o(.bss) for __rt_fp_status_addr_data
    rt_fp_status_addr_intlibspace.o(.text) refers to libspace.o(.bss) for __libspace_start
    argv_veneer.o(.emb_text) refers to no_argv.o(.text) for __ARM_get_argv
    sys_exit.o(.text) refers (Special) to use_no_semi.o(.text) for __I$use$semihosting
    _get_argv_nomalloc.o(.text) refers (Special) to hrguard.o(.text) for __heap_region$guard
    _get_argv_nomalloc.o(.text) refers to defsig_rtmem_outer.o(.text) for __rt_SIGRTMEM
    _get_argv_nomalloc.o(.text) refers to sys_command.o(.text) for _sys_command_string
    libshutdown.o(.ARM.Collect$$libshutdown$$00000000) refers (Special) to libshutdown2.o(.ARM.Collect$$libshutdown$$00000006) for __rt_lib_shutdown_fp_trap_1
    libshutdown.o(.ARM.Collect$$libshutdown$$00000000) refers (Special) to libshutdown2.o(.ARM.Collect$$libshutdown$$0000000E) for __rt_lib_shutdown_heap_1
    libshutdown.o(.ARM.Collect$$libshutdown$$00000000) refers (Special) to libshutdown2.o(.ARM.Collect$$libshutdown$$0000000F) for __rt_lib_shutdown_return
    libshutdown.o(.ARM.Collect$$libshutdown$$00000000) refers (Special) to libshutdown2.o(.ARM.Collect$$libshutdown$$00000009) for __rt_lib_shutdown_signal_1
    libshutdown.o(.ARM.Collect$$libshutdown$$00000000) refers (Special) to libshutdown2.o(.ARM.Collect$$libshutdown$$00000003) for __rt_lib_shutdown_stdio_1
    libshutdown.o(.ARM.Collect$$libshutdown$$00000000) refers (Special) to libshutdown2.o(.ARM.Collect$$libshutdown$$0000000B) for __rt_lib_shutdown_user_alloc_1
    sys_command.o(.text) refers (Special) to use_no_semi.o(.text) for __I$use$semihosting
    defsig_rtmem_outer.o(.text) refers to defsig_rtmem_inner.o(.text) for __rt_SIGRTMEM_inner
    defsig_rtmem_outer.o(.text) refers to defsig_exit.o(.text) for __sig_exit
    defsig_rtmem_formal.o(.text) refers to rt_raise.o(.text) for __rt_raise
    rt_raise.o(.text) refers to __raise.o(.text) for __raise
    rt_raise.o(.text) refers to sys_exit.o(.text) for _sys_exit
    defsig_exit.o(.text) refers to sys_exit.o(.text) for _sys_exit
    defsig_rtmem_inner.o(.text) refers to defsig_general.o(.text) for __default_signal_display
    __raise.o(.text) refers to defsig.o(CL$$defsig) for __default_signal_handler
    defsig_general.o(.text) refers to sys_wrch.o(.text) for _ttywrch
    sys_wrch.o(.text) refers (Special) to use_no_semi.o(.text) for __I$use$semihosting
    defsig.o(CL$$defsig) refers to defsig_rtmem_inner.o(.text) for __rt_SIGRTMEM_inner
    defsig_abrt_inner.o(.text) refers to defsig_general.o(.text) for __default_signal_display
    defsig_fpe_inner.o(.text) refers to defsig_general.o(.text) for __default_signal_display
    defsig_rtred_inner.o(.text) refers to defsig_general.o(.text) for __default_signal_display
    defsig_stak_inner.o(.text) refers to defsig_general.o(.text) for __default_signal_display
    defsig_pvfn_inner.o(.text) refers to defsig_general.o(.text) for __default_signal_display
    defsig_cppl_inner.o(.text) refers to defsig_general.o(.text) for __default_signal_display
    defsig_segv_inner.o(.text) refers to defsig_general.o(.text) for __default_signal_display
    defsig_other.o(.text) refers to defsig_general.o(.text) for __default_signal_display
    usbcore.o(i.USB_SetClrFeature) refers to usbhw.o(.text) for USB_WakeUpCfg
    usbcore.o(i.USB_SetClrFeature) refers to usbcore.o(.data) for .data
    usbcore.o(i.USB_SetConfiguration) refers to usbhw.o(.text) for USB_DisableEP
    usbcore.o(i.USB_SetConfiguration) refers to usbcore.o(.data) for .data
    usbcore.o(i.USB_SetConfiguration) refers to usbdesc.o(.constdata) for USB_ConfigDescriptor
    usbcore.o(i.USB_GetStatus) refers to usbcore.o(.text) for USB_DataInStage
    usbcore.o(i.USB_GetStatus) refers to usbcore.o(.data) for .data
    usbcore.o(i.USB_GetStatus) refers to usbcore.o(.bss) for .bss
    usbcore.o(i.USB_GetDescriptor) refers to usbcore.o(.text) for USB_DataInStage
    usbcore.o(i.USB_GetDescriptor) refers to usbcore.o(.data) for .data
    usbcore.o(i.USB_GetDescriptor) refers to usbdesc.o(.constdata) for USB_DeviceDescriptor
    usbcore.o(i.USB_GetDescriptor) refers to usbdesc.o(.constdata) for USB_ConfigDescriptor
    usbcore.o(i.USB_GetDescriptor) refers to usbdesc.o(.constdata) for USB_StringDescriptor
    usbcore.o(i.USB_SetInterface) refers to usbhw.o(.text) for USB_ConfigEP
    usbcore.o(i.USB_SetInterface) refers to usbcore.o(.data) for .data
    usbcore.o(i.USB_SetInterface) refers to usbdesc.o(.constdata) for USB_ConfigDescriptor


==============================================================================

Removing Unused input sections from the image.

    Removing core_cm3.o(.emb_text), (32 bytes).
    Removing system_lpc17xx.o(.emb_text), (8 bytes).
    Removing diskimg.o(.emb_text), (8 bytes).
    Removing mscuser.o(.emb_text), (8 bytes).
    Removing usbhw.o(.emb_text), (8 bytes).
    Removing usbuser.o(.emb_text), (8 bytes).
    Removing memory.o(.emb_text), (8 bytes).

7 unused section(s) (total 80 bytes) removed from the image.

==============================================================================

Image Symbol Table

    Local Symbols

    Symbol Name                              Value     Ov Type        Size  Object(Section)

    RESET                                    0x00000000   Section      204  startup_lpc17xx.o(RESET)
    ../../angel/boardlib.s                   0x00000000   Number         0  boardshut.o ABSOLUTE
    ../../angel/boardlib.s                   0x00000000   Number         0  boardinit1.o ABSOLUTE
    ../../angel/boardlib.s                   0x00000000   Number         0  boardinit2.o ABSOLUTE
    ../../angel/boardlib.s                   0x00000000   Number         0  boardinit3.o ABSOLUTE
    ../../angel/handlers.s                   0x00000000   Number         0  __scatter_zi.o ABSOLUTE
    ../../angel/handlers.s                   0x00000000   Number         0  __scatter_copy.o ABSOLUTE
    ../../angel/kernel.s                     0x00000000   Number         0  rtexit2.o ABSOLUTE
    ../../angel/kernel.s                     0x00000000   Number         0  rtentry4.o ABSOLUTE
    ../../angel/kernel.s                     0x00000000   Number         0  rtentry.o ABSOLUTE
    ../../angel/kernel.s                     0x00000000   Number         0  rtexit.o ABSOLUTE
    ../../angel/kernel.s                     0x00000000   Number         0  rtentry2.o ABSOLUTE
    ../../angel/rt.s                         0x00000000   Number         0  rt_fp_status_addr_intlibspace.o ABSOLUTE
    ../../angel/rt.s                         0x00000000   Number         0  rt_fp_status_addr.o ABSOLUTE
    ../../angel/rt.s                         0x00000000   Number         0  rt_raise.o ABSOLUTE
    ../../angel/scatter.s                    0x00000000   Number         0  __scatter.o ABSOLUTE
    ../../angel/startup.s                    0x00000000   Number         0  __main.o ABSOLUTE
    ../../angel/sys.s                        0x00000000   Number         0  sys_stackheap_outer.o ABSOLUTE
    ../../angel/sys.s                        0x00000000   Number         0  use_no_semi.o ABSOLUTE
    ../../angel/sys.s                        0x00000000   Number         0  libspace.o ABSOLUTE
    ../../angel/sysapp.c                     0x00000000   Number         0  sys_command.o ABSOLUTE
    ../../angel/sysapp.c                     0x00000000   Number         0  sys_wrch.o ABSOLUTE
    ../../angel/sysapp.c                     0x00000000   Number         0  sys_exit.o ABSOLUTE
    ../../armsys.c                           0x00000000   Number         0  no_argv.o ABSOLUTE
    ../../armsys.c                           0x00000000   Number         0  _get_argv_nomalloc.o ABSOLUTE
    ../../armsys.c                           0x00000000   Number         0  argv_veneer.o ABSOLUTE
    ../../armsys.c                           0x00000000   Number         0  argv_veneer.o ABSOLUTE
    ../../fpinit.s                           0x00000000   Number         0  fpinit.o ABSOLUTE
    ../../heapalloc.c                        0x00000000   Number         0  hrguard.o ABSOLUTE
    ../../heapaux.c                          0x00000000   Number         0  heapauxi.o ABSOLUTE
    ../../libinit.s                          0x00000000   Number         0  libinit2.o ABSOLUTE
    ../../libinit.s                          0x00000000   Number         0  libshutdown2.o ABSOLUTE
    ../../libinit.s                          0x00000000   Number         0  libinit.o ABSOLUTE
    ../../libinit.s                          0x00000000   Number         0  libshutdown.o ABSOLUTE
    ../../signal.c                           0x00000000   Number         0  defsig_segv_inner.o ABSOLUTE
    ../../signal.c                           0x00000000   Number         0  defsig_other.o ABSOLUTE
    ../../signal.c                           0x00000000   Number         0  defsig_exit.o ABSOLUTE
    ../../signal.c                           0x00000000   Number         0  defsig_rtmem_outer.o ABSOLUTE
    ../../signal.c                           0x00000000   Number         0  defsig_rtmem_formal.o ABSOLUTE
    ../../signal.c                           0x00000000   Number         0  defsig_rtmem_inner.o ABSOLUTE
    ../../signal.c                           0x00000000   Number         0  __raise.o ABSOLUTE
    ../../signal.c                           0x00000000   Number         0  defsig_general.o ABSOLUTE
    ../../signal.c                           0x00000000   Number         0  defsig_abrt_inner.o ABSOLUTE
    ../../signal.c                           0x00000000   Number         0  defsig_fpe_inner.o ABSOLUTE
    ../../signal.c                           0x00000000   Number         0  defsig_rtred_inner.o ABSOLUTE
    ../../signal.c                           0x00000000   Number         0  defsig_stak_inner.o ABSOLUTE
    ../../signal.c                           0x00000000   Number         0  defsig_pvfn_inner.o ABSOLUTE
    ../../signal.c                           0x00000000   Number         0  defsig_cppl_inner.o ABSOLUTE
    ../../signal.s                           0x00000000   Number         0  defsig.o ABSOLUTE
    ../../stdlib.c                           0x00000000   Number         0  exit.o ABSOLUTE
    common\\src\\core_cm3.c                  0x00000000   Number         0  core_cm3.o ABSOLUTE
    common\\src\\system_LPC17xx.c            0x00000000   Number         0  system_lpc17xx.o ABSOLUTE
    common\src\core_cm3.c                    0x00000000   Number         0  core_cm3.o ABSOLUTE
    common\src\startup_LPC17xx.s             0x00000000   Number         0  startup_lpc17xx.o ABSOLUTE
    common\src\system_LPC17xx.c              0x00000000   Number         0  system_lpc17xx.o ABSOLUTE
    dc.s                                     0x00000000   Number         0  dc.o ABSOLUTE
    iap\\sbl_iap.c                           0x00000000   Number         0  sbl_iap.o ABSOLUTE
    iap\sbl_iap.c                            0x00000000   Number         0  sbl_iap.o ABSOLUTE
    msc\DiskImg.c                            0x00000000   Number         0  diskimg.o ABSOLUTE
    msc\\DiskImg.c                           0x00000000   Number         0  diskimg.o ABSOLUTE
    msc\\memory.c                            0x00000000   Number         0  memory.o ABSOLUTE
    msc\\mscuser.c                           0x00000000   Number         0  mscuser.o ABSOLUTE
    msc\memory.c                             0x00000000   Number         0  memory.o ABSOLUTE
    msc\mscuser.c                            0x00000000   Number         0  mscuser.o ABSOLUTE
    usb\\usbhw.c                             0x00000000   Number         0  usbhw.o ABSOLUTE
    usb\\usbuser.c                           0x00000000   Number         0  usbuser.o ABSOLUTE
    usb\usbcore.c                            0x00000000   Number         0  usbcore.o ABSOLUTE
    usb\usbdesc.c                            0x00000000   Number         0  usbdesc.o ABSOLUTE
    usb\usbhw.c                              0x00000000   Number         0  usbhw.o ABSOLUTE
    usb\usbuser.c                            0x00000000   Number         0  usbuser.o ABSOLUTE
    !!!main                                  0x000000cc   Section        8  __main.o(!!!main)
    !!!scatter                               0x000000d4   Section       52  __scatter.o(!!!scatter)
    !!handler_copy                           0x00000108   Section       26  __scatter_copy.o(!!handler_copy)
    !!handler_zi                             0x00000124   Section       28  __scatter_zi.o(!!handler_zi)
    .ARM.Collect$$libinit$$00000000          0x00000140   Section        6  libinit.o(.ARM.Collect$$libinit$$00000000)
    .ARM.Collect$$libinit$$00000006          0x00000146   Section        0  libinit2.o(.ARM.Collect$$libinit$$00000006)
    .ARM.Collect$$libinit$$00000008          0x00000146   Section        0  libinit2.o(.ARM.Collect$$libinit$$00000008)
    .ARM.Collect$$libinit$$0000000A          0x00000146   Section        0  libinit2.o(.ARM.Collect$$libinit$$0000000A)
    .ARM.Collect$$libinit$$0000000D          0x00000146   Section        0  libinit2.o(.ARM.Collect$$libinit$$0000000D)
    .ARM.Collect$$libinit$$0000000F          0x00000146   Section        0  libinit2.o(.ARM.Collect$$libinit$$0000000F)
    .ARM.Collect$$libinit$$00000011          0x00000146   Section        0  libinit2.o(.ARM.Collect$$libinit$$00000011)
    .ARM.Collect$$libinit$$00000013          0x00000146   Section        0  libinit2.o(.ARM.Collect$$libinit$$00000013)
    .ARM.Collect$$libinit$$00000015          0x00000146   Section        0  libinit2.o(.ARM.Collect$$libinit$$00000015)
    .ARM.Collect$$libinit$$00000017          0x00000146   Section        0  libinit2.o(.ARM.Collect$$libinit$$00000017)
    .ARM.Collect$$libinit$$00000019          0x00000146   Section        0  libinit2.o(.ARM.Collect$$libinit$$00000019)
    .ARM.Collect$$libinit$$0000001B          0x00000146   Section        0  libinit2.o(.ARM.Collect$$libinit$$0000001B)
    .ARM.Collect$$libinit$$0000001D          0x00000146   Section        0  libinit2.o(.ARM.Collect$$libinit$$0000001D)
    .ARM.Collect$$libinit$$0000001F          0x00000146   Section        0  libinit2.o(.ARM.Collect$$libinit$$0000001F)
    .ARM.Collect$$libinit$$00000021          0x00000146   Section        0  libinit2.o(.ARM.Collect$$libinit$$00000021)
    .ARM.Collect$$libinit$$00000028          0x00000146   Section        0  libinit2.o(.ARM.Collect$$libinit$$00000028)
    .ARM.Collect$$libinit$$0000002A          0x00000146   Section        0  libinit2.o(.ARM.Collect$$libinit$$0000002A)
    .ARM.Collect$$libinit$$0000002C          0x00000146   Section        0  libinit2.o(.ARM.Collect$$libinit$$0000002C)
    .ARM.Collect$$libinit$$0000002E          0x00000146   Section        0  libinit2.o(.ARM.Collect$$libinit$$0000002E)
    .ARM.Collect$$libinit$$0000002F          0x00000146   Section        2  libinit2.o(.ARM.Collect$$libinit$$0000002F)
    .ARM.Collect$$libshutdown$$00000000      0x00000148   Section        2  libshutdown.o(.ARM.Collect$$libshutdown$$00000000)
    .ARM.Collect$$libshutdown$$00000003      0x0000014a   Section        0  libshutdown2.o(.ARM.Collect$$libshutdown$$00000003)
    .ARM.Collect$$libshutdown$$00000006      0x0000014a   Section        0  libshutdown2.o(.ARM.Collect$$libshutdown$$00000006)
    .ARM.Collect$$libshutdown$$00000009      0x0000014a   Section        0  libshutdown2.o(.ARM.Collect$$libshutdown$$00000009)
    .ARM.Collect$$libshutdown$$0000000B      0x0000014a   Section        0  libshutdown2.o(.ARM.Collect$$libshutdown$$0000000B)
    .ARM.Collect$$libshutdown$$0000000E      0x0000014a   Section        0  libshutdown2.o(.ARM.Collect$$libshutdown$$0000000E)
    .ARM.Collect$$libshutdown$$0000000F      0x0000014a   Section        2  libshutdown2.o(.ARM.Collect$$libshutdown$$0000000F)
    .ARM.Collect$$rtentry$$00000000          0x0000014c   Section        0  rtentry.o(.ARM.Collect$$rtentry$$00000000)
    .ARM.Collect$$rtentry$$00000002          0x0000014c   Section        0  rtentry2.o(.ARM.Collect$$rtentry$$00000002)
    .ARM.Collect$$rtentry$$00000004          0x0000014c   Section        6  rtentry4.o(.ARM.Collect$$rtentry$$00000004)
    .ARM.Collect$$rtentry$$00000009          0x00000152   Section        0  rtentry2.o(.ARM.Collect$$rtentry$$00000009)
    .ARM.Collect$$rtentry$$0000000A          0x00000152   Section        4  rtentry2.o(.ARM.Collect$$rtentry$$0000000A)
    .ARM.Collect$$rtentry$$0000000C          0x00000156   Section        0  rtentry2.o(.ARM.Collect$$rtentry$$0000000C)
    .ARM.Collect$$rtentry$$0000000D          0x00000156   Section        8  rtentry2.o(.ARM.Collect$$rtentry$$0000000D)
    .ARM.Collect$$rtexit$$00000000           0x0000015e   Section        2  rtexit.o(.ARM.Collect$$rtexit$$00000000)
    .ARM.Collect$$rtexit$$00000002           0x00000160   Section        0  rtexit2.o(.ARM.Collect$$rtexit$$00000002)
    .ARM.Collect$$rtexit$$00000003           0x00000160   Section        4  rtexit2.o(.ARM.Collect$$rtexit$$00000003)
    .ARM.Collect$$rtexit$$00000004           0x00000164   Section        6  rtexit2.o(.ARM.Collect$$rtexit$$00000004)
    .emb_text                                0x0000016c   Section       16  sbl_iap.o(.emb_text)
    .text                                    0x0000017c   Section       52  startup_lpc17xx.o(.text)
    .text                                    0x000001b0   Section        0  usbuser.o(.text)
    .text                                    0x000001e8   Section        0  heapauxi.o(.text)
    .text                                    0x000001ee   Section        0  exit.o(.text)
    .text                                    0x000001fa   Section        2  use_no_semi.o(.text)
    .ARM.__at_0x1FC                          0x000001fc   Section        4  sbl_iap.o(.ARM.__at_0x1FC)
    .text                                    0x00000200   Section       74  sys_stackheap_outer.o(.text)
    .text                                    0x0000024c   Section        8  libspace.o(.text)
    .text                                    0x00000254   Section        8  rt_fp_status_addr_intlibspace.o(.text)
    .text                                    0x0000025c   Section        0  sys_exit.o(.text)
    i.USB_GetDescriptor                      0x00000268   Section        0  usbcore.o(i.USB_GetDescriptor)
    x$fpl$fpinit                             0x000002e0   Section       14  fpinit.o(x$fpl$fpinit)
    .constdata                               0x000002ee   Section        7  diskimg.o(.constdata)
    .ARM.__at_0x02FC                         0x000002fc   Section        4  startup_lpc17xx.o(.ARM.__at_0x02FC)
    .text                                    0x00000300   Section        0  system_lpc17xx.o(.text)
    .text                                    0x00000464   Section        0  mscuser.o(.text)
    .text                                    0x00000b70   Section        0  usbcore.o(.text)
    .text                                    0x00000d14   Section        0  usbhw.o(.text)
    .text                                    0x000010f8   Section        0  sbl_iap.o(.text)
    .text                                    0x00001294   Section        0  memory.o(.text)
    i.USB_GetStatus                          0x0000141c   Section        0  usbcore.o(i.USB_GetStatus)
    i.USB_SetClrFeature                      0x0000149c   Section        0  usbcore.o(i.USB_SetClrFeature)
    i.USB_SetConfiguration                   0x0000152c   Section        0  usbcore.o(i.USB_SetConfiguration)
    i.USB_SetInterface                       0x00001678   Section        0  usbcore.o(i.USB_SetInterface)
    .constdata                               0x00001768   Section       30  diskimg.o(.constdata)
    .constdata                               0x00001786   Section       64  diskimg.o(.constdata)
    .constdata                               0x000017c6   Section       18  usbdesc.o(.constdata)
    .constdata                               0x000017d8   Section       33  usbdesc.o(.constdata)
    .constdata                               0x000017f9   Section      112  usbdesc.o(.constdata)
    .constdata                               0x0000186c   Section       64  usbuser.o(.constdata)
    .constdata                               0x000018ac   Section      240  sbl_iap.o(.constdata)
    .data                                    0x10000000   Section        4  system_lpc17xx.o(.data)
    .data                                    0x10000004   Section       20  mscuser.o(.data)
    .data                                    0x10000018   Section       36  usbcore.o(.data)
    .data                                    0x1000003c   Section        8  sbl_iap.o(.data)
    .bss                                     0x10000044   Section     1708  mscuser.o(.bss)
    .bss                                     0x100006f0   Section       64  usbcore.o(.bss)
    .bss                                     0x10000730   Section      296  sbl_iap.o(.bss)
    .bss                                     0x10000858   Section       96  libspace.o(.bss)
    HEAP                                     0x100008b8   Section        0  startup_lpc17xx.o(HEAP)
    STACK                                    0x100008b8   Section      512  startup_lpc17xx.o(STACK)
    Heap_Mem                                 0x100008b8   Data           0  startup_lpc17xx.o(HEAP)
    Stack_Mem                                0x100008b8   Data         512  startup_lpc17xx.o(STACK)
    __initial_sp                             0x10000ab8   Data           0  startup_lpc17xx.o(STACK)

    Global Symbols

    Symbol Name                              Value     Ov Type        Size  Object(Section)

    BuildAttributes$$THM_ISAv4$P$D$K$B$S$PE$A:L22UL41UL21$X:L11$S22US41US21$IEEE1$IW$USESV6$~STKCKD$USESV7$~SHL$OSPACE$ROPI$EBA8$UX$STANDARDLIB$REQ8$EABIv2 0x00000000   Number         0  anon$$obj.o ABSOLUTE
    __ARM_use_no_argv                        0x00000000   Number         0  memory.o ABSOLUTE
    __Vectors                                0x00000000   Data           4  startup_lpc17xx.o(RESET)
    __ARM_exceptions_init                     - Undefined Weak Reference
    __alloca_initialize                       - Undefined Weak Reference
    __cpp_initialize__aeabi_                  - Undefined Weak Reference
    __cxa_finalize                            - Undefined Weak Reference
    __rt_locale                               - Undefined Weak Reference
    __sigvec_lookup                           - Undefined Weak Reference
    _atexit_init                              - Undefined Weak Reference
    _call_atexit_fns                          - Undefined Weak Reference
    _clock_init                               - Undefined Weak Reference
    _fp_trap_init                             - Undefined Weak Reference
    _fp_trap_shutdown                         - Undefined Weak Reference
    _get_lc_collate                           - Undefined Weak Reference
    _get_lc_ctype                             - Undefined Weak Reference
    _get_lc_monetary                          - Undefined Weak Reference
    _get_lc_numeric                           - Undefined Weak Reference
    _get_lc_time                              - Undefined Weak Reference
    _getenv_init                              - Undefined Weak Reference
    _handle_redirection                       - Undefined Weak Reference
    _init_alloc                               - Undefined Weak Reference
    _init_user_alloc                          - Undefined Weak Reference
    _initio                                   - Undefined Weak Reference
    _rand_init                                - Undefined Weak Reference
    _signal_finish                            - Undefined Weak Reference
    _signal_init                              - Undefined Weak Reference
    _terminate_alloc                          - Undefined Weak Reference
    _terminate_user_alloc                     - Undefined Weak Reference
    _terminateio                              - Undefined Weak Reference
    __main                                   0x000000cd   Thumb Code     8  __main.o(!!!main)
    __scatterload                            0x000000d5   Thumb Code     0  __scatter.o(!!!scatter)
    __scatterload_rt2                        0x000000d5   Thumb Code    44  __scatter.o(!!!scatter)
    __scatterload_rt2_thumb_only             0x000000d5   Thumb Code     0  __scatter.o(!!!scatter)
    __scatterload_null                       0x000000e3   Thumb Code     0  __scatter.o(!!!scatter)
    __scatterload_copy                       0x00000109   Thumb Code    26  __scatter_copy.o(!!handler_copy)
    __scatterload_zeroinit                   0x00000125   Thumb Code    28  __scatter_zi.o(!!handler_zi)
    __rt_lib_init                            0x00000141   Thumb Code     0  libinit.o(.ARM.Collect$$libinit$$00000000)
    __rt_lib_init_alloca_1                   0x00000147   Thumb Code     0  libinit2.o(.ARM.Collect$$libinit$$0000002A)
    __rt_lib_init_argv_1                     0x00000147   Thumb Code     0  libinit2.o(.ARM.Collect$$libinit$$00000028)
    __rt_lib_init_atexit_1                   0x00000147   Thumb Code     0  libinit2.o(.ARM.Collect$$libinit$$00000017)
    __rt_lib_init_clock_1                    0x00000147   Thumb Code     0  libinit2.o(.ARM.Collect$$libinit$$0000001D)
    __rt_lib_init_cpp_1                      0x00000147   Thumb Code     0  libinit2.o(.ARM.Collect$$libinit$$0000002E)
    __rt_lib_init_exceptions_1               0x00000147   Thumb Code     0  libinit2.o(.ARM.Collect$$libinit$$0000002C)
    __rt_lib_init_fp_trap_1                  0x00000147   Thumb Code     0  libinit2.o(.ARM.Collect$$libinit$$0000001B)
    __rt_lib_init_getenv_1                   0x00000147   Thumb Code     0  libinit2.o(.ARM.Collect$$libinit$$0000001F)
    __rt_lib_init_heap_1                     0x00000147   Thumb Code     0  libinit2.o(.ARM.Collect$$libinit$$00000006)
    __rt_lib_init_lc_collate_1               0x00000147   Thumb Code     0  libinit2.o(.ARM.Collect$$libinit$$0000000D)
    __rt_lib_init_lc_ctype_1                 0x00000147   Thumb Code     0  libinit2.o(.ARM.Collect$$libinit$$0000000F)
    __rt_lib_init_lc_monetary_1              0x00000147   Thumb Code     0  libinit2.o(.ARM.Collect$$libinit$$00000011)
    __rt_lib_init_lc_numeric_1               0x00000147   Thumb Code     0  libinit2.o(.ARM.Collect$$libinit$$00000013)
    __rt_lib_init_lc_time_1                  0x00000147   Thumb Code     0  libinit2.o(.ARM.Collect$$libinit$$00000015)
    __rt_lib_init_rand_1                     0x00000147   Thumb Code     0  libinit2.o(.ARM.Collect$$libinit$$0000000A)
    __rt_lib_init_return                     0x00000147   Thumb Code     0  libinit2.o(.ARM.Collect$$libinit$$0000002F)
    __rt_lib_init_signal_1                   0x00000147   Thumb Code     0  libinit2.o(.ARM.Collect$$libinit$$00000019)
    __rt_lib_init_stdio_1                    0x00000147   Thumb Code     0  libinit2.o(.ARM.Collect$$libinit$$00000021)
    __rt_lib_init_user_alloc_1               0x00000147   Thumb Code     0  libinit2.o(.ARM.Collect$$libinit$$00000008)
    __rt_lib_shutdown                        0x00000149   Thumb Code     0  libshutdown.o(.ARM.Collect$$libshutdown$$00000000)
    __rt_lib_shutdown_fp_trap_1              0x0000014b   Thumb Code     0  libshutdown2.o(.ARM.Collect$$libshutdown$$00000006)
    __rt_lib_shutdown_heap_1                 0x0000014b   Thumb Code     0  libshutdown2.o(.ARM.Collect$$libshutdown$$0000000E)
    __rt_lib_shutdown_return                 0x0000014b   Thumb Code     0  libshutdown2.o(.ARM.Collect$$libshutdown$$0000000F)
    __rt_lib_shutdown_signal_1               0x0000014b   Thumb Code     0  libshutdown2.o(.ARM.Collect$$libshutdown$$00000009)
    __rt_lib_shutdown_stdio_1                0x0000014b   Thumb Code     0  libshutdown2.o(.ARM.Collect$$libshutdown$$00000003)
    __rt_lib_shutdown_user_alloc_1           0x0000014b   Thumb Code     0  libshutdown2.o(.ARM.Collect$$libshutdown$$0000000B)
    __rt_entry                               0x0000014d   Thumb Code     0  rtentry.o(.ARM.Collect$$rtentry$$00000000)
    __rt_entry_presh_1                       0x0000014d   Thumb Code     0  rtentry2.o(.ARM.Collect$$rtentry$$00000002)
    __rt_entry_sh                            0x0000014d   Thumb Code     0  rtentry4.o(.ARM.Collect$$rtentry$$00000004)
    __rt_entry_li                            0x00000153   Thumb Code     0  rtentry2.o(.ARM.Collect$$rtentry$$0000000A)
    __rt_entry_postsh_1                      0x00000153   Thumb Code     0  rtentry2.o(.ARM.Collect$$rtentry$$00000009)
    __rt_entry_main                          0x00000157   Thumb Code     0  rtentry2.o(.ARM.Collect$$rtentry$$0000000D)
    __rt_entry_postli_1                      0x00000157   Thumb Code     0  rtentry2.o(.ARM.Collect$$rtentry$$0000000C)
    __rt_exit                                0x0000015f   Thumb Code     0  rtexit.o(.ARM.Collect$$rtexit$$00000000)
    __rt_exit_ls                             0x00000161   Thumb Code     0  rtexit2.o(.ARM.Collect$$rtexit$$00000003)
    __rt_exit_prels_1                        0x00000161   Thumb Code     0  rtexit2.o(.ARM.Collect$$rtexit$$00000002)
    __rt_exit_exit                           0x00000165   Thumb Code     0  rtexit2.o(.ARM.Collect$$rtexit$$00000004)
    __asm___9_sbl_iap_c_crp____REV16         0x0000016d   Thumb Code     4  sbl_iap.o(.emb_text)
    __asm___9_sbl_iap_c_crp____REVSH         0x00000171   Thumb Code     4  sbl_iap.o(.emb_text)
    boot_jump                                0x00000175   Thumb Code     8  sbl_iap.o(.emb_text)
    Reset_Handler                            0x0000017d   Thumb Code     4  startup_lpc17xx.o(.text)
    NMI_Handler                              0x00000181   Thumb Code     2  startup_lpc17xx.o(.text)
    HardFault_Handler                        0x00000183   Thumb Code     2  startup_lpc17xx.o(.text)
    MemManage_Handler                        0x00000185   Thumb Code     2  startup_lpc17xx.o(.text)
    BusFault_Handler                         0x00000187   Thumb Code     2  startup_lpc17xx.o(.text)
    UsageFault_Handler                       0x00000189   Thumb Code     2  startup_lpc17xx.o(.text)
    SVC_Handler                              0x0000018b   Thumb Code     2  startup_lpc17xx.o(.text)
    DebugMon_Handler                         0x0000018d   Thumb Code     2  startup_lpc17xx.o(.text)
    PendSV_Handler                           0x0000018f   Thumb Code     2  startup_lpc17xx.o(.text)
    SysTick_Handler                          0x00000191   Thumb Code     2  startup_lpc17xx.o(.text)
    ADC_IRQHandler                           0x00000193   Thumb Code     0  startup_lpc17xx.o(.text)
    BOD_IRQHandler                           0x00000193   Thumb Code     0  startup_lpc17xx.o(.text)
    CANActivity_IRQHandler                   0x00000193   Thumb Code     0  startup_lpc17xx.o(.text)
    CAN_IRQHandler                           0x00000193   Thumb Code     0  startup_lpc17xx.o(.text)
    DMA_IRQHandler                           0x00000193   Thumb Code     0  startup_lpc17xx.o(.text)
    EINT0_IRQHandler                         0x00000193   Thumb Code     0  startup_lpc17xx.o(.text)
    EINT1_IRQHandler                         0x00000193   Thumb Code     0  startup_lpc17xx.o(.text)
    EINT2_IRQHandler                         0x00000193   Thumb Code     0  startup_lpc17xx.o(.text)
    EINT3_IRQHandler                         0x00000193   Thumb Code     0  startup_lpc17xx.o(.text)
    ENET_IRQHandler                          0x00000193   Thumb Code     0  startup_lpc17xx.o(.text)
    I2C0_IRQHandler                          0x00000193   Thumb Code     0  startup_lpc17xx.o(.text)
    I2C1_IRQHandler                          0x00000193   Thumb Code     0  startup_lpc17xx.o(.text)
    I2C2_IRQHandler                          0x00000193   Thumb Code     0  startup_lpc17xx.o(.text)
    I2S_IRQHandler                           0x00000193   Thumb Code     0  startup_lpc17xx.o(.text)
    MCPWM_IRQHandler                         0x00000193   Thumb Code     0  startup_lpc17xx.o(.text)
    PLL0_IRQHandler                          0x00000193   Thumb Code     0  startup_lpc17xx.o(.text)
    PLL1_IRQHandler                          0x00000193   Thumb Code     0  startup_lpc17xx.o(.text)
    PWM1_IRQHandler                          0x00000193   Thumb Code     0  startup_lpc17xx.o(.text)
    QEI_IRQHandler                           0x00000193   Thumb Code     0  startup_lpc17xx.o(.text)
    RIT_IRQHandler                           0x00000193   Thumb Code     0  startup_lpc17xx.o(.text)
    RTC_IRQHandler                           0x00000193   Thumb Code     0  startup_lpc17xx.o(.text)
    SPI_IRQHandler                           0x00000193   Thumb Code     0  startup_lpc17xx.o(.text)
    SSP0_IRQHandler                          0x00000193   Thumb Code     0  startup_lpc17xx.o(.text)
    SSP1_IRQHandler                          0x00000193   Thumb Code     0  startup_lpc17xx.o(.text)
    TIMER0_IRQHandler                        0x00000193   Thumb Code     0  startup_lpc17xx.o(.text)
    TIMER1_IRQHandler                        0x00000193   Thumb Code     0  startup_lpc17xx.o(.text)
    TIMER2_IRQHandler                        0x00000193   Thumb Code     0  startup_lpc17xx.o(.text)
    TIMER3_IRQHandler                        0x00000193   Thumb Code     0  startup_lpc17xx.o(.text)
    UART0_IRQHandler                         0x00000193   Thumb Code     0  startup_lpc17xx.o(.text)
    UART1_IRQHandler                         0x00000193   Thumb Code     0  startup_lpc17xx.o(.text)
    UART2_IRQHandler                         0x00000193   Thumb Code     0  startup_lpc17xx.o(.text)
    UART3_IRQHandler                         0x00000193   Thumb Code     0  startup_lpc17xx.o(.text)
    USBActivity_IRQHandler                   0x00000193   Thumb Code     0  startup_lpc17xx.o(.text)
    WDT_IRQHandler                           0x00000193   Thumb Code     0  startup_lpc17xx.o(.text)
    __user_initial_stackheap                 0x00000195   Thumb Code     0  startup_lpc17xx.o(.text)
    USB_Reset_Event                          0x000001b1   Thumb Code     4  usbuser.o(.text)
    USB_Suspend_Event                        0x000001b5   Thumb Code     2  usbuser.o(.text)
    USB_Resume_Event                         0x000001b7   Thumb Code     2  usbuser.o(.text)
    USB_Configure_Event                      0x000001b9   Thumb Code     2  usbuser.o(.text)
    USB_EndPoint1                            0x000001bb   Thumb Code     2  usbuser.o(.text)
    USB_EndPoint2                            0x000001bd   Thumb Code    18  usbuser.o(.text)
    USB_EndPoint3                            0x000001cf   Thumb Code     2  usbuser.o(.text)
    USB_EndPoint4                            0x000001d1   Thumb Code     2  usbuser.o(.text)
    USB_EndPoint5                            0x000001d3   Thumb Code     2  usbuser.o(.text)
    USB_EndPoint6                            0x000001d5   Thumb Code     2  usbuser.o(.text)
    USB_EndPoint7                            0x000001d7   Thumb Code     2  usbuser.o(.text)
    USB_EndPoint8                            0x000001d9   Thumb Code     2  usbuser.o(.text)
    USB_EndPoint9                            0x000001db   Thumb Code     2  usbuser.o(.text)
    USB_EndPoint10                           0x000001dd   Thumb Code     2  usbuser.o(.text)
    USB_EndPoint11                           0x000001df   Thumb Code     2  usbuser.o(.text)
    USB_EndPoint12                           0x000001e1   Thumb Code     2  usbuser.o(.text)
    USB_EndPoint13                           0x000001e3   Thumb Code     2  usbuser.o(.text)
    USB_EndPoint14                           0x000001e5   Thumb Code     2  usbuser.o(.text)
    USB_EndPoint15                           0x000001e7   Thumb Code     2  usbuser.o(.text)
    __use_two_region_memory                  0x000001e9   Thumb Code     2  heapauxi.o(.text)
    __rt_heap_escrow$2region                 0x000001eb   Thumb Code     2  heapauxi.o(.text)
    __rt_heap_expand$2region                 0x000001ed   Thumb Code     2  heapauxi.o(.text)
    exit                                     0x000001ef   Thumb Code    12  exit.o(.text)
    __I$use$semihosting                      0x000001fb   Thumb Code     0  use_no_semi.o(.text)
    __use_no_semihosting_swi                 0x000001fb   Thumb Code     2  use_no_semi.o(.text)
    crp                                      0x000001fc   Data           4  sbl_iap.o(.ARM.__at_0x1FC)
    __user_setup_stackheap                   0x00000201   Thumb Code    74  sys_stackheap_outer.o(.text)
    __user_libspace                          0x0000024d   Thumb Code     8  libspace.o(.text)
    __user_perproc_libspace                  0x0000024d   Thumb Code     0  libspace.o(.text)
    __user_perthread_libspace                0x0000024d   Thumb Code     0  libspace.o(.text)
    __rt_fp_status_addr                      0x00000255   Thumb Code     8  rt_fp_status_addr_intlibspace.o(.text)
    _sys_exit                                0x0000025d   Thumb Code     8  sys_exit.o(.text)
    USB_GetDescriptor                        0x00000269   Thumb Code   102  usbcore.o(i.USB_GetDescriptor)
    _fp_init                                 0x000002e1   Thumb Code    14  fpinit.o(x$fpl$fpinit)
    __fplib_config_pureend_doubles           0x000002ed   Thumb Code     0  fpinit.o(x$fpl$fpinit)
    CRPEntry                                 0x000002ee   Data           7  diskimg.o(.constdata)
    SystemInit                               0x00000301   Thumb Code   334  system_lpc17xx.o(.text)
    MSC_Reset                                0x00000465   Thumb Code    10  mscuser.o(.text)
    MSC_GetMaxLUN                            0x0000046f   Thumb Code    10  mscuser.o(.text)
    translate_rd                             0x00000479   Thumb Code   140  mscuser.o(.text)
    MSC_MemoryRead                           0x00000505   Thumb Code   106  mscuser.o(.text)
    MSC_SetCSW                               0x0000056f   Thumb Code    26  mscuser.o(.text)
    translate_wr                             0x00000589   Thumb Code   132  mscuser.o(.text)
    MSC_MemoryWrite                          0x0000060d   Thumb Code   100  mscuser.o(.text)
    MSC_MemoryVerify                         0x00000671   Thumb Code   134  mscuser.o(.text)
    MSC_RWSetup                              0x000006f7   Thumb Code    72  mscuser.o(.text)
    DataInFormat                             0x0000073f   Thumb Code    42  mscuser.o(.text)
    DataInTransfer                           0x00000769   Thumb Code    52  mscuser.o(.text)
    MSC_TestUnitReady                        0x0000079d   Thumb Code    40  mscuser.o(.text)
    MSC_RequestSense                         0x000007c5   Thumb Code    76  mscuser.o(.text)
    MSC_Inquiry                              0x00000811   Thumb Code   190  mscuser.o(.text)
    MSC_ModeSense6                           0x000008cf   Thumb Code    38  mscuser.o(.text)
    MSC_ModeSense10                          0x000008f5   Thumb Code    46  mscuser.o(.text)
    MSC_ReadCapacity                         0x00000923   Thumb Code    74  mscuser.o(.text)
    MSC_ReadFormatCapacity                   0x0000096d   Thumb Code    80  mscuser.o(.text)
    MSC_GetCBW                               0x000009bd   Thumb Code   282  mscuser.o(.text)
    MSC_BulkIn                               0x00000ad7   Thumb Code    58  mscuser.o(.text)
    MSC_BulkOut                              0x00000b11   Thumb Code    76  mscuser.o(.text)
    USB_ResetCore                            0x00000b71   Thumb Code    20  usbcore.o(.text)
    USB_SetupStage                           0x00000b85   Thumb Code    10  usbcore.o(.text)
    USB_DataInStage                          0x00000b8f   Thumb Code    36  usbcore.o(.text)
    USB_DataOutStage                         0x00000bb3   Thumb Code    28  usbcore.o(.text)
    USB_StatusInStage                        0x00000bcf   Thumb Code    10  usbcore.o(.text)
    USB_StatusOutStage                       0x00000bd9   Thumb Code     8  usbcore.o(.text)
    USB_EndPoint0                            0x00000be1   Thumb Code   298  usbcore.o(.text)
    EPAdr                                    0x00000d15   Thumb Code    18  usbhw.o(.text)
    WrCmd                                    0x00000d27   Thumb Code    24  usbhw.o(.text)
    WrCmdDat                                 0x00000d3f   Thumb Code    40  usbhw.o(.text)
    RdCmdDat                                 0x00000d67   Thumb Code    28  usbhw.o(.text)
    USB_SetAddress                           0x00000d83   Thumb Code    28  usbhw.o(.text)
    USB_Reset                                0x00000d9f   Thumb Code    52  usbhw.o(.text)
    USB_Init                                 0x00000dd3   Thumb Code    90  usbhw.o(.text)
    USB_Connect                              0x00000e2d   Thumb Code    16  usbhw.o(.text)
    USB_Suspend                              0x00000e3d   Thumb Code     2  usbhw.o(.text)
    USB_Resume                               0x00000e3f   Thumb Code     2  usbhw.o(.text)
    USB_WakeUp                               0x00000e41   Thumb Code    16  usbhw.o(.text)
    USB_WakeUpCfg                            0x00000e51   Thumb Code     2  usbhw.o(.text)
    USB_Configure                            0x00000e53   Thumb Code    44  usbhw.o(.text)
    USB_ConfigEP                             0x00000e7f   Thumb Code    56  usbhw.o(.text)
    USB_DirCtrlEP                            0x00000eb7   Thumb Code     2  usbhw.o(.text)
    USB_EnableEP                             0x00000eb9   Thumb Code    20  usbhw.o(.text)
    USB_DisableEP                            0x00000ecd   Thumb Code    20  usbhw.o(.text)
    USB_ResetEP                              0x00000ee1   Thumb Code    20  usbhw.o(.text)
    USB_SetStallEP                           0x00000ef5   Thumb Code    20  usbhw.o(.text)
    USB_ClrStallEP                           0x00000f09   Thumb Code    20  usbhw.o(.text)
    USB_ReadEP                               0x00000f1d   Thumb Code   102  usbhw.o(.text)
    USB_WriteEP                              0x00000f83   Thumb Code    84  usbhw.o(.text)
    USB_GetFrame                             0x00000fd7   Thumb Code    30  usbhw.o(.text)
    USB_IRQHandler                           0x00000ff5   Thumb Code   186  usbhw.o(.text)
    enable_interrupts                        0x000010f9   Thumb Code     4  sbl_iap.o(.text)
    iap_entry                                0x000010fd   Thumb Code     4  sbl_iap.o(.text)
    disable_interrupts                       0x00001101   Thumb Code     4  sbl_iap.o(.text)
    write_data                               0x00001105   Thumb Code    46  sbl_iap.o(.text)
    prepare_sector                           0x00001133   Thumb Code    34  sbl_iap.o(.text)
    erase_sector                             0x00001155   Thumb Code    34  sbl_iap.o(.text)
    find_erase_prepare_sector                0x00001177   Thumb Code    66  sbl_iap.o(.text)
    write_flash                              0x000011b9   Thumb Code    98  sbl_iap.o(.text)
    execute_user_code                        0x0000121b   Thumb Code    12  sbl_iap.o(.text)
    user_code_present                        0x00001227   Thumb Code    36  sbl_iap.o(.text)
    check_isp_entry_pin                      0x0000124b   Thumb Code    12  sbl_iap.o(.text)
    erase_user_flash                         0x00001257   Thumb Code    32  sbl_iap.o(.text)
    Prepare_Zero                             0x00001295   Thumb Code    14  memory.o(.text)
    Prepare_Copy                             0x000012a3   Thumb Code    24  memory.o(.text)
    enter_usb_isp                            0x000012bb   Thumb Code   268  memory.o(.text)
    main                                     0x000013c7   Thumb Code    34  memory.o(.text)
    USB_GetStatus                            0x0000141d   Thumb Code   118  usbcore.o(i.USB_GetStatus)
    USB_SetClrFeature                        0x0000149d   Thumb Code   140  usbcore.o(i.USB_SetClrFeature)
    USB_SetConfiguration                     0x0000152d   Thumb Code   324  usbcore.o(i.USB_SetConfiguration)
    USB_SetInterface                         0x00001679   Thumb Code   230  usbcore.o(i.USB_SetInterface)
    BootSect                                 0x00001768   Data          30  diskimg.o(.constdata)
    RootDirEntry                             0x00001786   Data          64  diskimg.o(.constdata)
    USB_DeviceDescriptor                     0x000017c6   Data          18  usbdesc.o(.constdata)
    USB_ConfigDescriptor                     0x000017d8   Data          33  usbdesc.o(.constdata)
    USB_StringDescriptor                     0x000017f9   Data         112  usbdesc.o(.constdata)
    USB_P_EP                                 0x0000186c   Data          64  usbuser.o(.constdata)
    sector_start_map                         0x000018ac   Data         120  sbl_iap.o(.constdata)
    sector_end_map                           0x00001924   Data         120  sbl_iap.o(.constdata)
    Region$$Table$$Base                      0x0000199c   Number         0  anon$$obj.o(Region$$Table)
    Region$$Table$$Limit                     0x000019bc   Number         0  anon$$obj.o(Region$$Table)
    SystemFrequency                          0x10000000   Data           4  system_lpc17xx.o(.data)
    BulkStage                                0x10000004   Data           1  mscuser.o(.data)
    BulkLen                                  0x10000005   Data           1  mscuser.o(.data)
    MemOK                                    0x10000008   Data           4  mscuser.o(.data)
    Offset                                   0x1000000c   Data           4  mscuser.o(.data)
    Length                                   0x10000010   Data           4  mscuser.o(.data)
    user_flash_erased                        0x10000014   Data           4  mscuser.o(.data)
    USB_DeviceAddress                        0x10000018   Data           1  usbcore.o(.data)
    USB_Configuration                        0x10000019   Data           1  usbcore.o(.data)
    USB_NumInterfaces                        0x1000001a   Data           1  usbcore.o(.data)
    USB_DeviceStatus                         0x1000001c   Data           2  usbcore.o(.data)
    USB_EndPointMask                         0x10000020   Data           4  usbcore.o(.data)
    USB_EndPointHalt                         0x10000024   Data           4  usbcore.o(.data)
    USB_AltSetting                           0x10000028   Data           4  usbcore.o(.data)
    EP0Data                                  0x1000002c   Data           8  usbcore.o(.data)
    SetupPacket                              0x10000034   Data           8  usbcore.o(.data)
    flash_address                            0x1000003c   Data           4  sbl_iap.o(.data)
    byte_ctr                                 0x10000040   Data           4  sbl_iap.o(.data)
    Fat_RootDir                              0x10000044   Data        1536  mscuser.o(.bss)
    Memory                                   0x10000644   Data          64  mscuser.o(.bss)
    BulkBuf                                  0x10000684   Data          64  mscuser.o(.bss)
    CBW                                      0x100006c4   Data          31  mscuser.o(.bss)
    CSW                                      0x100006e3   Data          13  mscuser.o(.bss)
    EP0Buf                                   0x100006f0   Data          64  usbcore.o(.bss)
    param_table                              0x10000730   Data          20  sbl_iap.o(.bss)
    result_table                             0x10000744   Data          20  sbl_iap.o(.bss)
    flash_buf                                0x10000758   Data         256  sbl_iap.o(.bss)
    __libspace_start                         0x10000858   Data          96  libspace.o(.bss)
    __temporary_stack_top$libspace           0x100008b8   Data           0  libspace.o(.bss)



==============================================================================

Memory Map of the image

  Image Entry point : 0x000000cd

  Load Region LR_IROM1 (Base: 0x00000000, Size: 0x00001a00, Max: 0x00080000, ABSOLUTE)

    Execution Region ER_IROM1 (Base: 0x00000000, Size: 0x000019bc, Max: 0x00080000, ABSOLUTE)

    Base Addr    Size         Type   Attr      Idx    E Section Name        Object

    0x00000000   0x000000cc   Data   RO           54    RESET               startup_lpc17xx.o
    0x000000cc   0x00000008   Code   RO          328  * !!!main             c_w.l(__main.o)
    0x000000d4   0x00000034   Code   RO          490    !!!scatter          c_w.l(__scatter.o)
    0x00000108   0x0000001a   Code   RO          492    !!handler_copy      c_w.l(__scatter_copy.o)
    0x00000122   0x00000002   PAD
    0x00000124   0x0000001c   Code   RO          494    !!handler_zi        c_w.l(__scatter_zi.o)
    0x00000140   0x00000006   Code   RO          360    .ARM.Collect$$libinit$$00000000  c_w.l(libinit.o)
    0x00000146   0x00000000   Code   RO          368    .ARM.Collect$$libinit$$00000006  c_w.l(libinit2.o)
    0x00000146   0x00000000   Code   RO          370    .ARM.Collect$$libinit$$00000008  c_w.l(libinit2.o)
    0x00000146   0x00000000   Code   RO          372    .ARM.Collect$$libinit$$0000000A  c_w.l(libinit2.o)
    0x00000146   0x00000000   Code   RO          375    .ARM.Collect$$libinit$$0000000D  c_w.l(libinit2.o)
    0x00000146   0x00000000   Code   RO          377    .ARM.Collect$$libinit$$0000000F  c_w.l(libinit2.o)
    0x00000146   0x00000000   Code   RO          379    .ARM.Collect$$libinit$$00000011  c_w.l(libinit2.o)
    0x00000146   0x00000000   Code   RO          381    .ARM.Collect$$libinit$$00000013  c_w.l(libinit2.o)
    0x00000146   0x00000000   Code   RO          383    .ARM.Collect$$libinit$$00000015  c_w.l(libinit2.o)
    0x00000146   0x00000000   Code   RO          385    .ARM.Collect$$libinit$$00000017  c_w.l(libinit2.o)
    0x00000146   0x00000000   Code   RO          387    .ARM.Collect$$libinit$$00000019  c_w.l(libinit2.o)
    0x00000146   0x00000000   Code   RO          389    .ARM.Collect$$libinit$$0000001B  c_w.l(libinit2.o)
    0x00000146   0x00000000   Code   RO          391    .ARM.Collect$$libinit$$0000001D  c_w.l(libinit2.o)
    0x00000146   0x00000000   Code   RO          393    .ARM.Collect$$libinit$$0000001F  c_w.l(libinit2.o)
    0x00000146   0x00000000   Code   RO          395    .ARM.Collect$$libinit$$00000021  c_w.l(libinit2.o)
    0x00000146   0x00000000   Code   RO          399    .ARM.Collect$$libinit$$00000028  c_w.l(libinit2.o)
    0x00000146   0x00000000   Code   RO          401    .ARM.Collect$$libinit$$0000002A  c_w.l(libinit2.o)
    0x00000146   0x00000000   Code   RO          403    .ARM.Collect$$libinit$$0000002C  c_w.l(libinit2.o)
    0x00000146   0x00000000   Code   RO          405    .ARM.Collect$$libinit$$0000002E  c_w.l(libinit2.o)
    0x00000146   0x00000002   Code   RO          406    .ARM.Collect$$libinit$$0000002F  c_w.l(libinit2.o)
    0x00000148   0x00000002   Code   RO          432    .ARM.Collect$$libshutdown$$00000000  c_w.l(libshutdown.o)
    0x0000014a   0x00000000   Code   RO          445    .ARM.Collect$$libshutdown$$00000003  c_w.l(libshutdown2.o)
    0x0000014a   0x00000000   Code   RO          448    .ARM.Collect$$libshutdown$$00000006  c_w.l(libshutdown2.o)
    0x0000014a   0x00000000   Code   RO          451    .ARM.Collect$$libshutdown$$00000009  c_w.l(libshutdown2.o)
    0x0000014a   0x00000000   Code   RO          453    .ARM.Collect$$libshutdown$$0000000B  c_w.l(libshutdown2.o)
    0x0000014a   0x00000000   Code   RO          456    .ARM.Collect$$libshutdown$$0000000E  c_w.l(libshutdown2.o)
    0x0000014a   0x00000002   Code   RO          457    .ARM.Collect$$libshutdown$$0000000F  c_w.l(libshutdown2.o)
    0x0000014c   0x00000000   Code   RO          330    .ARM.Collect$$rtentry$$00000000  c_w.l(rtentry.o)
    0x0000014c   0x00000000   Code   RO          333    .ARM.Collect$$rtentry$$00000002  c_w.l(rtentry2.o)
    0x0000014c   0x00000006   Code   RO          348    .ARM.Collect$$rtentry$$00000004  c_w.l(rtentry4.o)
    0x00000152   0x00000000   Code   RO          335    .ARM.Collect$$rtentry$$00000009  c_w.l(rtentry2.o)
    0x00000152   0x00000004   Code   RO          336    .ARM.Collect$$rtentry$$0000000A  c_w.l(rtentry2.o)
    0x00000156   0x00000000   Code   RO          338    .ARM.Collect$$rtentry$$0000000C  c_w.l(rtentry2.o)
    0x00000156   0x00000008   Code   RO          339    .ARM.Collect$$rtentry$$0000000D  c_w.l(rtentry2.o)
    0x0000015e   0x00000002   Code   RO          364    .ARM.Collect$$rtexit$$00000000  c_w.l(rtexit.o)
    0x00000160   0x00000000   Code   RO          410    .ARM.Collect$$rtexit$$00000002  c_w.l(rtexit2.o)
    0x00000160   0x00000004   Code   RO          411    .ARM.Collect$$rtexit$$00000003  c_w.l(rtexit2.o)
    0x00000164   0x00000006   Code   RO          412    .ARM.Collect$$rtexit$$00000004  c_w.l(rtexit2.o)
    0x0000016a   0x00000002   PAD
    0x0000016c   0x00000010   Code   RO          274    .emb_text           sbl_iap.o
    0x0000017c   0x00000034   Code   RO           56    .text               startup_lpc17xx.o
    0x000001b0   0x00000038   Code   RO          253    .text               usbuser.o
    0x000001e8   0x00000006   Code   RO          326    .text               c_w.l(heapauxi.o)
    0x000001ee   0x0000000c   Code   RO          352    .text               c_w.l(exit.o)
    0x000001fa   0x00000002   Code   RO          435    .text               c_w.l(use_no_semi.o)
    0x000001fc   0x00000004   Data   RO          276    .ARM.__at_0x1FC     sbl_iap.o
    0x00000200   0x0000004a   Code   RO          350    .text               c_w.l(sys_stackheap_outer.o)
    0x0000024a   0x00000002   PAD
    0x0000024c   0x00000008   Code   RO          361    .text               c_w.l(libspace.o)
    0x00000254   0x00000008   Code   RO          420    .text               c_w.l(rt_fp_status_addr_intlibspace.o)
    0x0000025c   0x0000000c   Code   RO          424    .text               c_w.l(sys_exit.o)
    0x00000268   0x00000078   Code   RO          161    i.USB_GetDescriptor  usbcore.o
    0x000002e0   0x0000000e   Code   RO          407    x$fpl$fpinit        fz_ws.l(fpinit.o)
    0x000002ee   0x00000007   Data   RO           65    .constdata          diskimg.o
    0x000002f5   0x00000007   PAD
    0x000002fc   0x00000004   Code   RO           55    .ARM.__at_0x02FC    startup_lpc17xx.o
    0x00000300   0x00000164   Code   RO           18    .text               system_lpc17xx.o
    0x00000464   0x0000070c   Code   RO           92    .text               mscuser.o
    0x00000b70   0x000001a4   Code   RO          131    .text               usbcore.o
    0x00000d14   0x000003e4   Code   RO          225    .text               usbhw.o
    0x000010f8   0x0000019c   Code   RO          275    .text               sbl_iap.o
    0x00001294   0x00000188   Code   RO          304    .text               memory.o
    0x0000141c   0x00000080   Code   RO          156    i.USB_GetStatus     usbcore.o
    0x0000149c   0x00000090   Code   RO          144    i.USB_SetClrFeature  usbcore.o
    0x0000152c   0x0000014c   Code   RO          150    i.USB_SetConfiguration  usbcore.o
    0x00001678   0x000000f0   Code   RO          166    i.USB_SetInterface  usbcore.o
    0x00001768   0x0000001e   Data   RO           63    .constdata          diskimg.o
    0x00001786   0x00000040   Data   RO           64    .constdata          diskimg.o
    0x000017c6   0x00000012   Data   RO          210    .constdata          usbdesc.o
    0x000017d8   0x00000021   Data   RO          211    .constdata          usbdesc.o
    0x000017f9   0x00000070   Data   RO          212    .constdata          usbdesc.o
    0x00001869   0x00000003   PAD
    0x0000186c   0x00000040   Data   RO          254    .constdata          usbuser.o
    0x000018ac   0x000000f0   Data   RO          278    .constdata          sbl_iap.o
    0x0000199c   0x00000020   Data   RO          488    Region$$Table       anon$$obj.o


    Execution Region RW_IRAM1 (Base: 0x10000000, Size: 0x00000ab8, Max: 0x00008000, ABSOLUTE)

    Base Addr    Size         Type   Attr      Idx    E Section Name        Object

    0x10000000   0x00000004   Data   RW           19    .data               system_lpc17xx.o
    0x10000004   0x00000014   Data   RW           94    .data               mscuser.o
    0x10000018   0x00000024   Data   RW          133    .data               usbcore.o
    0x1000003c   0x00000008   Data   RW          279    .data               sbl_iap.o
    0x10000044   0x000006ac   Zero   RW           93    .bss                mscuser.o
    0x100006f0   0x00000040   Zero   RW          132    .bss                usbcore.o
    0x10000730   0x00000128   Zero   RW          277    .bss                sbl_iap.o
    0x10000858   0x00000060   Zero   RW          362    .bss                c_w.l(libspace.o)
    0x100008b8   0x00000000   Zero   RW           53    HEAP                startup_lpc17xx.o
    0x100008b8   0x00000200   Zero   RW           52    STACK               startup_lpc17xx.o


==============================================================================

Image component sizes


      Code (inc. data)   RO Data    RW Data    ZI Data      Debug   Object Name

         0          0          0          0          0       4188   core_cm3.o
         0          0        101          0          0        577   diskimg.o
       392         52          0          0          0      18453   memory.o
      1804         64          0         20       1708       8095   mscuser.o
       428         30        244          8        296       4249   sbl_iap.o
        56         22        204          0        512        972   startup_lpc17xx.o
       356         22          0          4          0      17203   system_lpc17xx.o
      1384         80          0         36         64      11900   usbcore.o
         0          0        163          0          0        625   usbdesc.o
       996         74          0          0          0      21716   usbhw.o
        56          0         64          0          0       3324   usbuser.o

    ----------------------------------------------------------------------
      5472        344        818         68       2580      91302   Object Totals
         0          0         32          0          0          0   (incl. Generated)
         0          0         10          0          0          2   (incl. Padding)

    ----------------------------------------------------------------------

      Code (inc. data)   RO Data    RW Data    ZI Data      Debug   Library Member Name

         8          0          0          0          0         68   __main.o
        52          8          0          0          0          0   __scatter.o
        26          0          0          0          0          0   __scatter_copy.o
        28          0          0          0          0          0   __scatter_zi.o
        12          0          0          0          0         68   exit.o
         6          0          0          0          0        152   heapauxi.o
         6          0          0          0          0          0   libinit.o
         2          0          0          0          0          0   libinit2.o
         2          0          0          0          0          0   libshutdown.o
         2          0          0          0          0          0   libshutdown2.o
         8          4          0          0         96         68   libspace.o
         8          4          0          0          0         68   rt_fp_status_addr_intlibspace.o
         0          0          0          0          0          0   rtentry.o
        12          0          0          0          0          0   rtentry2.o
         6          0          0          0          0          0   rtentry4.o
         2          0          0          0          0          0   rtexit.o
        10          0          0          0          0          0   rtexit2.o
        12          4          0          0          0         68   sys_exit.o
        74          0          0          0          0         80   sys_stackheap_outer.o
         2          0          0          0          0         68   use_no_semi.o
        14          0          0          0          0         76   fpinit.o

    ----------------------------------------------------------------------
       298         20          0          0         96        716   Library Totals
         6          0          0          0          0          0   (incl. Padding)

    ----------------------------------------------------------------------

      Code (inc. data)   RO Data    RW Data    ZI Data      Debug   Library Name

       278         20          0          0         96        640   c_w.l
        14          0          0          0          0         76   fz_ws.l

    ----------------------------------------------------------------------
       298         20          0          0         96        716   Library Totals

    ----------------------------------------------------------------------

==============================================================================


      Code (inc. data)   RO Data    RW Data    ZI Data      Debug   

      5770        364        818         68       2676      90460   Grand Totals
      5770        364        818         68       2676      90460   ELF Image Totals
      5770        364        818         68          0          0   ROM Totals

==============================================================================

    Total RO  Size (Code + RO Data)                 6588 (   6.43kB)
    Total RW  Size (RW Data + ZI Data)              2744 (   2.68kB)
    Total ROM Size (Code + RO Data + RW Data)       6656 (   6.50kB)

==============================================================================

