ARM Linker, 4.1 [Build 567] [Standard]

==============================================================================

Section Cross References

    system_stm32f10x.o(.text) refers to system_stm32f10x.o(.data) for SystemCoreClock
    main.o(.text) refers to delay.o(.text) for delay_init
    main.o(.text) refers to key.o(.text) for KEY_Init
    main.o(.text) refers to qifreeio.o(.text) for newQiFree_ioObj
    main.o(.text) refers to rt_memclr_w.o(.text) for __aeabi_memclr4
    main.o(.text) refers to misc.o(.text) for NVIC_SetVectorTable
    main.o(.text) refers to main.o(.data) for cfg
    qifreeio.o(.text) refers to stm32f10x_rcc.o(.text) for RCC_APB2PeriphClockCmd
    qifreeio.o(.text) refers to stm32f10x_gpio.o(.text) for GPIO_Init
    qifreeio.o(.text) refers to qifreeio.o(.data) for QiFree_RCC_GPIOx
    key.o(.text) refers to stm32f10x_rcc.o(.text) for RCC_APB2PeriphClockCmd
    key.o(.text) refers to stm32f10x_gpio.o(.text) for GPIO_PinRemapConfig
    key.o(.text) refers to delay.o(.text) for delay_ms
    key.o(.text) refers to key.o(.data) for key_up
    delay.o(.text) refers to misc.o(.text) for SysTick_CLKSourceConfig
    delay.o(.text) refers to system_stm32f10x.o(.data) for SystemCoreClock
    delay.o(.text) refers to delay.o(.data) for fac_us
    sys.o(.text) refers to misc.o(.text) for NVIC_PriorityGroupConfig
    usart.o(.text) refers (Special) to use_no_semi_2.o(.text) for __use_no_semihosting
    usart.o(.text) refers to stm32f10x_rcc.o(.text) for RCC_APB2PeriphClockCmd
    usart.o(.text) refers to stm32f10x_usart.o(.text) for USART_DeInit
    usart.o(.text) refers to stm32f10x_gpio.o(.text) for GPIO_Init
    usart.o(.text) refers to misc.o(.text) for NVIC_Init
    usart.o(.text) refers to usart.o(.data) for USART_RX_STA
    usart.o(.text) refers to usart.o(.bss) for USART_RX_BUF
    usart.o(.bss) refers (Special) to use_no_semi_2.o(.text) for __use_no_semihosting
    usart.o(.data) refers (Special) to use_no_semi_2.o(.text) for __use_no_semihosting
    startup_stm32f10x_hd.o(STACK) refers (Special) to heapauxi.o(.text) for __use_two_region_memory
    startup_stm32f10x_hd.o(HEAP) refers (Special) to heapauxi.o(.text) for __use_two_region_memory
    startup_stm32f10x_hd.o(RESET) refers (Special) to heapauxi.o(.text) for __use_two_region_memory
    startup_stm32f10x_hd.o(RESET) refers to startup_stm32f10x_hd.o(STACK) for __initial_sp
    startup_stm32f10x_hd.o(RESET) refers to startup_stm32f10x_hd.o(.text) for Reset_Handler
    startup_stm32f10x_hd.o(RESET) refers to stm32f10x_it.o(.text) for NMI_Handler
    startup_stm32f10x_hd.o(RESET) refers to usart.o(.text) for USART1_IRQHandler
    startup_stm32f10x_hd.o(.text) refers (Special) to heapauxi.o(.text) for __use_two_region_memory
    startup_stm32f10x_hd.o(.text) refers to system_stm32f10x.o(.text) for SystemInit
    startup_stm32f10x_hd.o(.text) refers to __main.o(!!!main) for __main
    startup_stm32f10x_hd.o(.text) refers to startup_stm32f10x_hd.o(HEAP) for Heap_Mem
    startup_stm32f10x_hd.o(.text) refers to startup_stm32f10x_hd.o(STACK) for Stack_Mem
    stm32f10x_gpio.o(.text) refers to stm32f10x_rcc.o(.text) for RCC_APB2PeriphResetCmd
    stm32f10x_rcc.o(.text) refers to stm32f10x_rcc.o(.data) for APBAHBPrescTable
    stm32f10x_usart.o(.text) refers to stm32f10x_rcc.o(.text) for RCC_APB2PeriphResetCmd
    use_no_semi_2.o(.text) refers (Special) to use_no_semi.o(.text) for __use_no_semihosting_swi
    __main.o(!!!main) refers to rtentry.o(.ARM.Collect$$rtentry$$00000000) for __rt_entry
    rtentry.o(.ARM.Collect$$rtentry$$00000000) refers (Special) to rtentry2.o(.ARM.Collect$$rtentry$$0000000A) for __rt_entry_li
    rtentry.o(.ARM.Collect$$rtentry$$00000000) refers (Special) to rtentry2.o(.ARM.Collect$$rtentry$$0000000D) for __rt_entry_main
    rtentry.o(.ARM.Collect$$rtentry$$00000000) refers (Special) to rtentry2.o(.ARM.Collect$$rtentry$$0000000C) for __rt_entry_postli_1
    rtentry.o(.ARM.Collect$$rtentry$$00000000) refers (Special) to rtentry2.o(.ARM.Collect$$rtentry$$00000009) for __rt_entry_postsh_1
    rtentry.o(.ARM.Collect$$rtentry$$00000000) refers (Special) to rtentry2.o(.ARM.Collect$$rtentry$$00000002) for __rt_entry_presh_1
    rtentry.o(.ARM.Collect$$rtentry$$00000000) refers (Special) to rtentry4.o(.ARM.Collect$$rtentry$$00000004) for __rt_entry_sh
    rtentry.o(.ARM.exidx) refers (Special) to rtentry2.o(.ARM.Collect$$rtentry$$0000000A) for __rt_entry_li
    rtentry.o(.ARM.exidx) refers (Special) to rtentry2.o(.ARM.Collect$$rtentry$$0000000D) for __rt_entry_main
    rtentry.o(.ARM.exidx) refers (Special) to rtentry2.o(.ARM.Collect$$rtentry$$0000000C) for __rt_entry_postli_1
    rtentry.o(.ARM.exidx) refers (Special) to rtentry2.o(.ARM.Collect$$rtentry$$00000009) for __rt_entry_postsh_1
    rtentry.o(.ARM.exidx) refers (Special) to rtentry2.o(.ARM.Collect$$rtentry$$00000002) for __rt_entry_presh_1
    rtentry.o(.ARM.exidx) refers (Special) to rtentry4.o(.ARM.Collect$$rtentry$$00000004) for __rt_entry_sh
    rtentry.o(.ARM.exidx) refers to rtentry.o(.ARM.Collect$$rtentry$$00000000) for .ARM.Collect$$rtentry$$00000000
    rtentry2.o(.ARM.Collect$$rtentry$$00000008) refers to boardinit2.o(.text) for _platform_post_stackheap_init
    rtentry2.o(.ARM.Collect$$rtentry$$0000000A) refers to libinit.o(.ARM.Collect$$libinit$$00000000) for __rt_lib_init
    rtentry2.o(.ARM.Collect$$rtentry$$0000000B) refers to boardinit3.o(.text) for _platform_post_lib_init
    rtentry2.o(.ARM.Collect$$rtentry$$0000000D) refers to main.o(.text) for main
    rtentry2.o(.ARM.Collect$$rtentry$$0000000D) refers to exit.o(.text) for exit
    rtentry2.o(.ARM.exidx) refers to rtentry2.o(.ARM.Collect$$rtentry$$00000001) for .ARM.Collect$$rtentry$$00000001
    rtentry2.o(.ARM.exidx) refers to rtentry2.o(.ARM.Collect$$rtentry$$00000002) for .ARM.Collect$$rtentry$$00000002
    rtentry2.o(.ARM.exidx) refers to rtentry2.o(.ARM.Collect$$rtentry$$00000008) for .ARM.Collect$$rtentry$$00000008
    rtentry2.o(.ARM.exidx) refers to rtentry2.o(.ARM.Collect$$rtentry$$00000009) for .ARM.Collect$$rtentry$$00000009
    rtentry2.o(.ARM.exidx) refers to rtentry2.o(.ARM.Collect$$rtentry$$0000000A) for .ARM.Collect$$rtentry$$0000000A
    rtentry2.o(.ARM.exidx) refers to rtentry2.o(.ARM.Collect$$rtentry$$0000000B) for .ARM.Collect$$rtentry$$0000000B
    rtentry2.o(.ARM.exidx) refers to rtentry2.o(.ARM.Collect$$rtentry$$0000000C) for .ARM.Collect$$rtentry$$0000000C
    rtentry2.o(.ARM.exidx) refers to rtentry2.o(.ARM.Collect$$rtentry$$0000000D) for .ARM.Collect$$rtentry$$0000000D
    rtentry4.o(.ARM.Collect$$rtentry$$00000004) refers to sys_stackheap_outer.o(.text) for __user_setup_stackheap
    rtentry4.o(.ARM.exidx) refers to rtentry4.o(.ARM.Collect$$rtentry$$00000004) for .ARM.Collect$$rtentry$$00000004
    sys_stackheap_outer.o(.text) refers to libspace.o(.text) for __user_perproc_libspace
    sys_stackheap_outer.o(.text) refers to startup_stm32f10x_hd.o(.text) for __user_initial_stackheap
    exit.o(.text) refers to rtexit.o(.ARM.Collect$$rtexit$$00000000) for __rt_exit
    libinit.o(.ARM.Collect$$libinit$$00000000) refers (Special) to libinit2.o(.ARM.Collect$$libinit$$0000002A) for __rt_lib_init_alloca_1
    libinit.o(.ARM.Collect$$libinit$$00000000) refers (Special) to libinit2.o(.ARM.Collect$$libinit$$00000028) for __rt_lib_init_argv_1
    libinit.o(.ARM.Collect$$libinit$$00000000) refers (Special) to libinit2.o(.ARM.Collect$$libinit$$00000017) for __rt_lib_init_atexit_1
    libinit.o(.ARM.Collect$$libinit$$00000000) refers (Special) to libinit2.o(.ARM.Collect$$libinit$$0000001D) for __rt_lib_init_clock_1
    libinit.o(.ARM.Collect$$libinit$$00000000) refers (Special) to libinit2.o(.ARM.Collect$$libinit$$0000002E) for __rt_lib_init_cpp_1
    libinit.o(.ARM.Collect$$libinit$$00000000) refers (Special) to libinit2.o(.ARM.Collect$$libinit$$0000002C) for __rt_lib_init_exceptions_1
    libinit.o(.ARM.Collect$$libinit$$00000000) refers (Special) to libinit2.o(.ARM.Collect$$libinit$$0000001B) for __rt_lib_init_fp_trap_1
    libinit.o(.ARM.Collect$$libinit$$00000000) refers (Special) to libinit2.o(.ARM.Collect$$libinit$$0000001F) for __rt_lib_init_getenv_1
    libinit.o(.ARM.Collect$$libinit$$00000000) refers (Special) to libinit2.o(.ARM.Collect$$libinit$$00000006) for __rt_lib_init_heap_1
    libinit.o(.ARM.Collect$$libinit$$00000000) refers (Special) to libinit2.o(.ARM.Collect$$libinit$$0000000D) for __rt_lib_init_lc_collate_1
    libinit.o(.ARM.Collect$$libinit$$00000000) refers (Special) to libinit2.o(.ARM.Collect$$libinit$$0000000F) for __rt_lib_init_lc_ctype_1
    libinit.o(.ARM.Collect$$libinit$$00000000) refers (Special) to libinit2.o(.ARM.Collect$$libinit$$00000011) for __rt_lib_init_lc_monetary_1
    libinit.o(.ARM.Collect$$libinit$$00000000) refers (Special) to libinit2.o(.ARM.Collect$$libinit$$00000013) for __rt_lib_init_lc_numeric_1
    libinit.o(.ARM.Collect$$libinit$$00000000) refers (Special) to libinit2.o(.ARM.Collect$$libinit$$00000015) for __rt_lib_init_lc_time_1
    libinit.o(.ARM.Collect$$libinit$$00000000) refers (Special) to libinit2.o(.ARM.Collect$$libinit$$0000000A) for __rt_lib_init_rand_1
    libinit.o(.ARM.Collect$$libinit$$00000000) refers (Special) to libinit2.o(.ARM.Collect$$libinit$$0000002F) for __rt_lib_init_return
    libinit.o(.ARM.Collect$$libinit$$00000000) refers (Special) to libinit2.o(.ARM.Collect$$libinit$$00000019) for __rt_lib_init_signal_1
    libinit.o(.ARM.Collect$$libinit$$00000000) refers (Special) to libinit2.o(.ARM.Collect$$libinit$$00000021) for __rt_lib_init_stdio_1
    libinit.o(.ARM.Collect$$libinit$$00000000) refers (Special) to libinit2.o(.ARM.Collect$$libinit$$00000008) for __rt_lib_init_user_alloc_1
    libinit.o(.ARM.Collect$$libinit$$00000000) refers to fpinit.o(x$fpl$fpinit) for _fp_init
    libspace.o(.text) refers to libspace.o(.bss) for __libspace_start
    rtexit.o(.ARM.Collect$$rtexit$$00000000) refers (Special) to rtexit2.o(.ARM.Collect$$rtexit$$00000004) for __rt_exit_exit
    rtexit.o(.ARM.Collect$$rtexit$$00000000) refers (Special) to rtexit2.o(.ARM.Collect$$rtexit$$00000003) for __rt_exit_ls
    rtexit.o(.ARM.Collect$$rtexit$$00000000) refers (Special) to rtexit2.o(.ARM.Collect$$rtexit$$00000002) for __rt_exit_prels_1
    rtexit.o(.ARM.exidx) refers (Special) to rtexit2.o(.ARM.Collect$$rtexit$$00000004) for __rt_exit_exit
    rtexit.o(.ARM.exidx) refers (Special) to rtexit2.o(.ARM.Collect$$rtexit$$00000003) for __rt_exit_ls
    rtexit.o(.ARM.exidx) refers (Special) to rtexit2.o(.ARM.Collect$$rtexit$$00000002) for __rt_exit_prels_1
    rtexit.o(.ARM.exidx) refers to rtexit.o(.ARM.Collect$$rtexit$$00000000) for .ARM.Collect$$rtexit$$00000000
    libinit2.o(.ARM.Collect$$libinit$$0000000C) refers to libinit2.o(.ARM.Collect$$libinit$$0000000B) for .ARM.Collect$$libinit$$0000000B
    libinit2.o(.ARM.Collect$$libinit$$0000000E) refers to libinit2.o(.ARM.Collect$$libinit$$0000000B) for .ARM.Collect$$libinit$$0000000B
    libinit2.o(.ARM.Collect$$libinit$$00000010) refers to libinit2.o(.ARM.Collect$$libinit$$0000000B) for .ARM.Collect$$libinit$$0000000B
    libinit2.o(.ARM.Collect$$libinit$$00000012) refers to libinit2.o(.ARM.Collect$$libinit$$0000000B) for .ARM.Collect$$libinit$$0000000B
    libinit2.o(.ARM.Collect$$libinit$$00000014) refers to libinit2.o(.ARM.Collect$$libinit$$0000000B) for .ARM.Collect$$libinit$$0000000B
    libinit2.o(.ARM.Collect$$libinit$$00000022) refers to argv_veneer.o(.emb_text) for __ARM_argv_veneer
    libinit2.o(.ARM.Collect$$libinit$$00000023) refers to argv_veneer.o(.emb_text) for __ARM_argv_veneer
    fpinit.o(x$fpl$fpinit) refers to rt_fp_status_addr_intlibspace.o(.text) for __rt_fp_status_addr
    rtexit2.o(.ARM.Collect$$rtexit$$00000003) refers to libshutdown.o(.ARM.Collect$$libshutdown$$00000000) for __rt_lib_shutdown
    rtexit2.o(.ARM.Collect$$rtexit$$00000004) refers to usart.o(.text) for _sys_exit
    rtexit2.o(.ARM.exidx) refers to rtexit2.o(.ARM.Collect$$rtexit$$00000001) for .ARM.Collect$$rtexit$$00000001
    rtexit2.o(.ARM.exidx) refers to rtexit2.o(.ARM.Collect$$rtexit$$00000002) for .ARM.Collect$$rtexit$$00000002
    rtexit2.o(.ARM.exidx) refers to rtexit2.o(.ARM.Collect$$rtexit$$00000003) for .ARM.Collect$$rtexit$$00000003
    rtexit2.o(.ARM.exidx) refers to rtexit2.o(.ARM.Collect$$rtexit$$00000004) for .ARM.Collect$$rtexit$$00000004
    rt_fp_status_addr.o(.text) refers to rt_fp_status_addr.o(.bss) for __rt_fp_status_addr_data
    rt_fp_status_addr_intlibspace.o(.text) refers to libspace.o(.bss) for __libspace_start
    argv_veneer.o(.emb_text) refers to no_argv.o(.text) for __ARM_get_argv
    _get_argv_nomalloc.o(.text) refers (Special) to hrguard.o(.text) for __heap_region$guard
    _get_argv_nomalloc.o(.text) refers to defsig_rtmem_outer.o(.text) for __rt_SIGRTMEM
    _get_argv_nomalloc.o(.text) refers to sys_command.o(.text) for _sys_command_string
    libshutdown.o(.ARM.Collect$$libshutdown$$00000000) refers (Special) to libshutdown2.o(.ARM.Collect$$libshutdown$$00000006) for __rt_lib_shutdown_fp_trap_1
    libshutdown.o(.ARM.Collect$$libshutdown$$00000000) refers (Special) to libshutdown2.o(.ARM.Collect$$libshutdown$$0000000E) for __rt_lib_shutdown_heap_1
    libshutdown.o(.ARM.Collect$$libshutdown$$00000000) refers (Special) to libshutdown2.o(.ARM.Collect$$libshutdown$$0000000F) for __rt_lib_shutdown_return
    libshutdown.o(.ARM.Collect$$libshutdown$$00000000) refers (Special) to libshutdown2.o(.ARM.Collect$$libshutdown$$00000009) for __rt_lib_shutdown_signal_1
    libshutdown.o(.ARM.Collect$$libshutdown$$00000000) refers (Special) to libshutdown2.o(.ARM.Collect$$libshutdown$$00000003) for __rt_lib_shutdown_stdio_1
    libshutdown.o(.ARM.Collect$$libshutdown$$00000000) refers (Special) to libshutdown2.o(.ARM.Collect$$libshutdown$$0000000B) for __rt_lib_shutdown_user_alloc_1
    sys_command.o(.text) refers (Special) to use_no_semi.o(.text) for __I$use$semihosting
    defsig_rtmem_outer.o(.text) refers to defsig_rtmem_inner.o(.text) for __rt_SIGRTMEM_inner
    defsig_rtmem_outer.o(.text) refers to defsig_exit.o(.text) for __sig_exit
    defsig_rtmem_formal.o(.text) refers to rt_raise.o(.text) for __rt_raise
    rt_raise.o(.text) refers to __raise.o(.text) for __raise
    rt_raise.o(.text) refers to usart.o(.text) for _sys_exit
    defsig_exit.o(.text) refers to usart.o(.text) for _sys_exit
    defsig_rtmem_inner.o(.text) refers to defsig_general.o(.text) for __default_signal_display
    __raise.o(.text) refers to defsig.o(CL$$defsig) for __default_signal_handler
    defsig_general.o(.text) refers to sys_wrch.o(.text) for _ttywrch
    sys_wrch.o(.text) refers (Special) to use_no_semi.o(.text) for __I$use$semihosting
    defsig.o(CL$$defsig) refers to defsig_rtmem_inner.o(.text) for __rt_SIGRTMEM_inner
    defsig_abrt_inner.o(.text) refers to defsig_general.o(.text) for __default_signal_display
    defsig_fpe_inner.o(.text) refers to defsig_general.o(.text) for __default_signal_display
    defsig_rtred_inner.o(.text) refers to defsig_general.o(.text) for __default_signal_display
    defsig_stak_inner.o(.text) refers to defsig_general.o(.text) for __default_signal_display
    defsig_pvfn_inner.o(.text) refers to defsig_general.o(.text) for __default_signal_display
    defsig_cppl_inner.o(.text) refers to defsig_general.o(.text) for __default_signal_display
    defsig_segv_inner.o(.text) refers to defsig_general.o(.text) for __default_signal_display
    defsig_other.o(.text) refers to defsig_general.o(.text) for __default_signal_display


==============================================================================

Removing Unused input sections from the image.

    Removing sys.o(.text), (12 bytes).
    Removing core_cm3.o(.emb_text), (32 bytes).

2 unused section(s) (total 44 bytes) removed from the image.

==============================================================================

Image Symbol Table

    Local Symbols

    Symbol Name                              Value     Ov Type        Size  Object(Section)

    ../../angel/boardlib.s                   0x00000000   Number         0  boardinit1.o ABSOLUTE
    ../../angel/boardlib.s                   0x00000000   Number         0  boardshut.o ABSOLUTE
    ../../angel/boardlib.s                   0x00000000   Number         0  boardinit3.o ABSOLUTE
    ../../angel/boardlib.s                   0x00000000   Number         0  boardinit2.o ABSOLUTE
    ../../angel/handlers.s                   0x00000000   Number         0  __scatter_zi.o ABSOLUTE
    ../../angel/handlers.s                   0x00000000   Number         0  __scatter_copy.o ABSOLUTE
    ../../angel/kernel.s                     0x00000000   Number         0  rtentry4.o ABSOLUTE
    ../../angel/kernel.s                     0x00000000   Number         0  rtentry2.o ABSOLUTE
    ../../angel/kernel.s                     0x00000000   Number         0  rtentry.o ABSOLUTE
    ../../angel/kernel.s                     0x00000000   Number         0  rtexit.o ABSOLUTE
    ../../angel/kernel.s                     0x00000000   Number         0  rtexit2.o ABSOLUTE
    ../../angel/rt.s                         0x00000000   Number         0  rt_fp_status_addr.o ABSOLUTE
    ../../angel/rt.s                         0x00000000   Number         0  rt_fp_status_addr_intlibspace.o ABSOLUTE
    ../../angel/rt.s                         0x00000000   Number         0  rt_raise.o ABSOLUTE
    ../../angel/scatter.s                    0x00000000   Number         0  __scatter.o ABSOLUTE
    ../../angel/startup.s                    0x00000000   Number         0  __main.o ABSOLUTE
    ../../angel/sys.s                        0x00000000   Number         0  sys_stackheap_outer.o ABSOLUTE
    ../../angel/sys.s                        0x00000000   Number         0  libspace.o ABSOLUTE
    ../../angel/sys.s                        0x00000000   Number         0  use_no_semi.o ABSOLUTE
    ../../angel/sys.s                        0x00000000   Number         0  use_no_semi_2.o ABSOLUTE
    ../../angel/sysapp.c                     0x00000000   Number         0  sys_wrch.o ABSOLUTE
    ../../angel/sysapp.c                     0x00000000   Number         0  sys_command.o ABSOLUTE
    ../../armsys.c                           0x00000000   Number         0  argv_veneer.o ABSOLUTE
    ../../armsys.c                           0x00000000   Number         0  argv_veneer.o ABSOLUTE
    ../../armsys.c                           0x00000000   Number         0  no_argv.o ABSOLUTE
    ../../armsys.c                           0x00000000   Number         0  _get_argv_nomalloc.o ABSOLUTE
    ../../fpinit.s                           0x00000000   Number         0  fpinit.o ABSOLUTE
    ../../heapalloc.c                        0x00000000   Number         0  hrguard.o ABSOLUTE
    ../../heapaux.c                          0x00000000   Number         0  heapauxi.o ABSOLUTE
    ../../libinit.s                          0x00000000   Number         0  libshutdown2.o ABSOLUTE
    ../../libinit.s                          0x00000000   Number         0  libinit.o ABSOLUTE
    ../../libinit.s                          0x00000000   Number         0  libshutdown.o ABSOLUTE
    ../../libinit.s                          0x00000000   Number         0  libinit2.o ABSOLUTE
    ../../memcpset.s                         0x00000000   Number         0  rt_memclr_w.o ABSOLUTE
    ../../signal.c                           0x00000000   Number         0  defsig_cppl_inner.o ABSOLUTE
    ../../signal.c                           0x00000000   Number         0  defsig_rtred_inner.o ABSOLUTE
    ../../signal.c                           0x00000000   Number         0  defsig_fpe_inner.o ABSOLUTE
    ../../signal.c                           0x00000000   Number         0  defsig_abrt_inner.o ABSOLUTE
    ../../signal.c                           0x00000000   Number         0  defsig_rtmem_inner.o ABSOLUTE
    ../../signal.c                           0x00000000   Number         0  __raise.o ABSOLUTE
    ../../signal.c                           0x00000000   Number         0  defsig_pvfn_inner.o ABSOLUTE
    ../../signal.c                           0x00000000   Number         0  defsig_rtmem_outer.o ABSOLUTE
    ../../signal.c                           0x00000000   Number         0  defsig_rtmem_formal.o ABSOLUTE
    ../../signal.c                           0x00000000   Number         0  defsig_other.o ABSOLUTE
    ../../signal.c                           0x00000000   Number         0  defsig_segv_inner.o ABSOLUTE
    ../../signal.c                           0x00000000   Number         0  defsig_exit.o ABSOLUTE
    ../../signal.c                           0x00000000   Number         0  defsig_general.o ABSOLUTE
    ../../signal.c                           0x00000000   Number         0  defsig_stak_inner.o ABSOLUTE
    ../../signal.s                           0x00000000   Number         0  defsig.o ABSOLUTE
    ../../stdlib.c                           0x00000000   Number         0  exit.o ABSOLUTE
    ..\CORE\core_cm3.c                       0x00000000   Number         0  core_cm3.o ABSOLUTE
    ..\CORE\startup_stm32f10x_hd.s           0x00000000   Number         0  startup_stm32f10x_hd.o ABSOLUTE
    ..\HARDWARE\KEY\key.c                    0x00000000   Number         0  key.o ABSOLUTE
    ..\QiFree\QiFreeIO.c                     0x00000000   Number         0  qifreeio.o ABSOLUTE
    ..\QiFree\main.c                         0x00000000   Number         0  main.o ABSOLUTE
    ..\STM32F10x_FWLib\src\misc.c            0x00000000   Number         0  misc.o ABSOLUTE
    ..\STM32F10x_FWLib\src\stm32f10x_gpio.c  0x00000000   Number         0  stm32f10x_gpio.o ABSOLUTE
    ..\STM32F10x_FWLib\src\stm32f10x_rcc.c   0x00000000   Number         0  stm32f10x_rcc.o ABSOLUTE
    ..\STM32F10x_FWLib\src\stm32f10x_usart.c 0x00000000   Number         0  stm32f10x_usart.o ABSOLUTE
    ..\SYSTEM\delay\delay.c                  0x00000000   Number         0  delay.o ABSOLUTE
    ..\SYSTEM\sys\sys.c                      0x00000000   Number         0  sys.o ABSOLUTE
    ..\SYSTEM\usart\usart.c                  0x00000000   Number         0  usart.o ABSOLUTE
    ..\\CORE\\core_cm3.c                     0x00000000   Number         0  core_cm3.o ABSOLUTE
    dc.s                                     0x00000000   Number         0  dc.o ABSOLUTE
    stm32f10x_it.c                           0x00000000   Number         0  stm32f10x_it.o ABSOLUTE
    system_stm32f10x.c                       0x00000000   Number         0  system_stm32f10x.o ABSOLUTE
    .boot                                    0x08005000   Section     1024  main.o(.boot)
    __tagsym$$used                           0x08005000   Number         0  main.o(.boot)
    RESET                                    0x08005400   Section      304  startup_stm32f10x_hd.o(RESET)
    !!!main                                  0x08005530   Section        8  __main.o(!!!main)
    !!!scatter                               0x08005538   Section       52  __scatter.o(!!!scatter)
    !!handler_copy                           0x0800556c   Section       26  __scatter_copy.o(!!handler_copy)
    !!handler_zi                             0x08005588   Section       28  __scatter_zi.o(!!handler_zi)
    .ARM.Collect$$libinit$$00000000          0x080055a4   Section        6  libinit.o(.ARM.Collect$$libinit$$00000000)
    .ARM.Collect$$libinit$$00000006          0x080055aa   Section        0  libinit2.o(.ARM.Collect$$libinit$$00000006)
    .ARM.Collect$$libinit$$00000008          0x080055aa   Section        0  libinit2.o(.ARM.Collect$$libinit$$00000008)
    .ARM.Collect$$libinit$$0000000A          0x080055aa   Section        0  libinit2.o(.ARM.Collect$$libinit$$0000000A)
    .ARM.Collect$$libinit$$0000000D          0x080055aa   Section        0  libinit2.o(.ARM.Collect$$libinit$$0000000D)
    .ARM.Collect$$libinit$$0000000F          0x080055aa   Section        0  libinit2.o(.ARM.Collect$$libinit$$0000000F)
    .ARM.Collect$$libinit$$00000011          0x080055aa   Section        0  libinit2.o(.ARM.Collect$$libinit$$00000011)
    .ARM.Collect$$libinit$$00000013          0x080055aa   Section        0  libinit2.o(.ARM.Collect$$libinit$$00000013)
    .ARM.Collect$$libinit$$00000015          0x080055aa   Section        0  libinit2.o(.ARM.Collect$$libinit$$00000015)
    .ARM.Collect$$libinit$$00000017          0x080055aa   Section        0  libinit2.o(.ARM.Collect$$libinit$$00000017)
    .ARM.Collect$$libinit$$00000019          0x080055aa   Section        0  libinit2.o(.ARM.Collect$$libinit$$00000019)
    .ARM.Collect$$libinit$$0000001B          0x080055aa   Section        0  libinit2.o(.ARM.Collect$$libinit$$0000001B)
    .ARM.Collect$$libinit$$0000001D          0x080055aa   Section        0  libinit2.o(.ARM.Collect$$libinit$$0000001D)
    .ARM.Collect$$libinit$$0000001F          0x080055aa   Section        0  libinit2.o(.ARM.Collect$$libinit$$0000001F)
    .ARM.Collect$$libinit$$00000021          0x080055aa   Section        0  libinit2.o(.ARM.Collect$$libinit$$00000021)
    .ARM.Collect$$libinit$$00000028          0x080055aa   Section        0  libinit2.o(.ARM.Collect$$libinit$$00000028)
    .ARM.Collect$$libinit$$0000002A          0x080055aa   Section        0  libinit2.o(.ARM.Collect$$libinit$$0000002A)
    .ARM.Collect$$libinit$$0000002C          0x080055aa   Section        0  libinit2.o(.ARM.Collect$$libinit$$0000002C)
    .ARM.Collect$$libinit$$0000002E          0x080055aa   Section        0  libinit2.o(.ARM.Collect$$libinit$$0000002E)
    .ARM.Collect$$libinit$$0000002F          0x080055aa   Section        2  libinit2.o(.ARM.Collect$$libinit$$0000002F)
    .ARM.Collect$$libshutdown$$00000000      0x080055ac   Section        2  libshutdown.o(.ARM.Collect$$libshutdown$$00000000)
    .ARM.Collect$$libshutdown$$00000003      0x080055ae   Section        0  libshutdown2.o(.ARM.Collect$$libshutdown$$00000003)
    .ARM.Collect$$libshutdown$$00000006      0x080055ae   Section        0  libshutdown2.o(.ARM.Collect$$libshutdown$$00000006)
    .ARM.Collect$$libshutdown$$00000009      0x080055ae   Section        0  libshutdown2.o(.ARM.Collect$$libshutdown$$00000009)
    .ARM.Collect$$libshutdown$$0000000B      0x080055ae   Section        0  libshutdown2.o(.ARM.Collect$$libshutdown$$0000000B)
    .ARM.Collect$$libshutdown$$0000000E      0x080055ae   Section        0  libshutdown2.o(.ARM.Collect$$libshutdown$$0000000E)
    .ARM.Collect$$libshutdown$$0000000F      0x080055ae   Section        2  libshutdown2.o(.ARM.Collect$$libshutdown$$0000000F)
    .ARM.Collect$$rtentry$$00000000          0x080055b0   Section        0  rtentry.o(.ARM.Collect$$rtentry$$00000000)
    .ARM.Collect$$rtentry$$00000002          0x080055b0   Section        0  rtentry2.o(.ARM.Collect$$rtentry$$00000002)
    .ARM.Collect$$rtentry$$00000004          0x080055b0   Section        6  rtentry4.o(.ARM.Collect$$rtentry$$00000004)
    .ARM.Collect$$rtentry$$00000009          0x080055b6   Section        0  rtentry2.o(.ARM.Collect$$rtentry$$00000009)
    .ARM.Collect$$rtentry$$0000000A          0x080055b6   Section        4  rtentry2.o(.ARM.Collect$$rtentry$$0000000A)
    .ARM.Collect$$rtentry$$0000000C          0x080055ba   Section        0  rtentry2.o(.ARM.Collect$$rtentry$$0000000C)
    .ARM.Collect$$rtentry$$0000000D          0x080055ba   Section        8  rtentry2.o(.ARM.Collect$$rtentry$$0000000D)
    .ARM.Collect$$rtexit$$00000000           0x080055c2   Section        2  rtexit.o(.ARM.Collect$$rtexit$$00000000)
    .ARM.Collect$$rtexit$$00000002           0x080055c4   Section        0  rtexit2.o(.ARM.Collect$$rtexit$$00000002)
    .ARM.Collect$$rtexit$$00000003           0x080055c4   Section        4  rtexit2.o(.ARM.Collect$$rtexit$$00000003)
    .ARM.Collect$$rtexit$$00000004           0x080055c8   Section        6  rtexit2.o(.ARM.Collect$$rtexit$$00000004)
    .text                                    0x080055ce   Section        0  stm32f10x_it.o(.text)
    .text                                    0x080055e8   Section        0  system_stm32f10x.o(.text)
    SetSysClockTo72                          0x080055e9   Thumb Code   192  system_stm32f10x.o(.text)
    SetSysClock                              0x080056a9   Thumb Code     8  system_stm32f10x.o(.text)
    .text                                    0x080057b0   Section        0  main.o(.text)
    match_ReadHalfWord                       0x080057b1   Thumb Code     6  main.o(.text)
    match_Read                               0x080057b7   Thumb Code    38  main.o(.text)
    .text                                    0x08005a74   Section        0  qifreeio.o(.text)
    QiFree_led_Init                          0x08005a75   Thumb Code    56  qifreeio.o(.text)
    QiFree_led_on                            0x08005aad   Thumb Code    28  qifreeio.o(.text)
    QiFree_led_on_low                        0x08005ac9   Thumb Code    34  qifreeio.o(.text)
    QiFree_led_reversal                      0x08005aeb   Thumb Code    44  qifreeio.o(.text)
    QiFree_key_Init                          0x08005b17   Thumb Code    48  qifreeio.o(.text)
    QiFree_key_down                          0x08005b47   Thumb Code    32  qifreeio.o(.text)
    QiFree_key_down_low                      0x08005b67   Thumb Code    36  qifreeio.o(.text)
    .text                                    0x08005c2c   Section        0  key.o(.text)
    .text                                    0x08005d28   Section        0  delay.o(.text)
    .text                                    0x08005dec   Section        0  usart.o(.text)
    .text                                    0x08005f34   Section       64  startup_stm32f10x_hd.o(.text)
    .text                                    0x08005f74   Section        0  stm32f10x_gpio.o(.text)
    .text                                    0x080062cc   Section        0  stm32f10x_rcc.o(.text)
    .text                                    0x08006670   Section        0  stm32f10x_usart.o(.text)
    .text                                    0x08006a7c   Section        0  misc.o(.text)
    .text                                    0x08006b74   Section        2  use_no_semi_2.o(.text)
    .text                                    0x08006b76   Section       78  rt_memclr_w.o(.text)
    .text                                    0x08006bc4   Section        0  heapauxi.o(.text)
    .text                                    0x08006bca   Section        2  use_no_semi.o(.text)
    .text                                    0x08006bcc   Section       74  sys_stackheap_outer.o(.text)
    .text                                    0x08006c16   Section        0  exit.o(.text)
    .text                                    0x08006c24   Section        8  libspace.o(.text)
    .text                                    0x08006c2c   Section        8  rt_fp_status_addr_intlibspace.o(.text)
    x$fpl$fpinit                             0x08006c34   Section       14  fpinit.o(x$fpl$fpinit)
    .data                                    0x20000000   Section       20  system_stm32f10x.o(.data)
    .data                                    0x20000014   Section       24  main.o(.data)
    .data                                    0x2000002c   Section       88  qifreeio.o(.data)
    QiFree_RCC_GPIOx                         0x2000002c   Data          28  qifreeio.o(.data)
    QiFree_GPIOx                             0x20000048   Data          28  qifreeio.o(.data)
    QiFree_Pin                               0x20000064   Data          32  qifreeio.o(.data)
    .data                                    0x20000084   Section        1  key.o(.data)
    key_up                                   0x20000084   Data           1  key.o(.data)
    .data                                    0x20000086   Section        4  delay.o(.data)
    fac_us                                   0x20000086   Data           1  delay.o(.data)
    fac_ms                                   0x20000088   Data           2  delay.o(.data)
    .data                                    0x2000008c   Section        8  usart.o(.data)
    .data                                    0x20000094   Section       20  stm32f10x_rcc.o(.data)
    APBAHBPrescTable                         0x20000094   Data          16  stm32f10x_rcc.o(.data)
    ADCPrescTable                            0x200000a4   Data           4  stm32f10x_rcc.o(.data)
    .bss                                     0x200000a8   Section      200  usart.o(.bss)
    .bss                                     0x20000170   Section       96  libspace.o(.bss)
    HEAP                                     0x200001d0   Section      512  startup_stm32f10x_hd.o(HEAP)
    Heap_Mem                                 0x200001d0   Data         512  startup_stm32f10x_hd.o(HEAP)
    STACK                                    0x200003d0   Section     1024  startup_stm32f10x_hd.o(STACK)
    Stack_Mem                                0x200003d0   Data        1024  startup_stm32f10x_hd.o(STACK)
    __initial_sp                             0x200007d0   Data           0  startup_stm32f10x_hd.o(STACK)

    Global Symbols

    Symbol Name                              Value     Ov Type        Size  Object(Section)

    BuildAttributes$$THM_ISAv4$P$D$K$B$S$PE$A:L22UL41UL21$X:L11$S22US41US21$IEEE1$IW$USESV6$~STKCKD$USESV7$~SHL$OSPACE$ROPI$EBA8$UX$STANDARDLIB$REQ8$PRES8$EABIv2 0x00000000   Number         0  anon$$obj.o ABSOLUTE
    __ARM_use_no_argv                        0x00000000   Number         0  main.o ABSOLUTE
    __ARM_exceptions_init                     - Undefined Weak Reference
    __alloca_initialize                       - Undefined Weak Reference
    __cpp_initialize__aeabi_                  - Undefined Weak Reference
    __cxa_finalize                            - Undefined Weak Reference
    __rt_locale                               - Undefined Weak Reference
    __sigvec_lookup                           - Undefined Weak Reference
    _atexit_init                              - Undefined Weak Reference
    _call_atexit_fns                          - Undefined Weak Reference
    _clock_init                               - Undefined Weak Reference
    _fp_trap_init                             - Undefined Weak Reference
    _fp_trap_shutdown                         - Undefined Weak Reference
    _get_lc_collate                           - Undefined Weak Reference
    _get_lc_ctype                             - Undefined Weak Reference
    _get_lc_monetary                          - Undefined Weak Reference
    _get_lc_numeric                           - Undefined Weak Reference
    _get_lc_time                              - Undefined Weak Reference
    _getenv_init                              - Undefined Weak Reference
    _handle_redirection                       - Undefined Weak Reference
    _init_alloc                               - Undefined Weak Reference
    _init_user_alloc                          - Undefined Weak Reference
    _initio                                   - Undefined Weak Reference
    _rand_init                                - Undefined Weak Reference
    _signal_finish                            - Undefined Weak Reference
    _signal_init                              - Undefined Weak Reference
    _terminate_alloc                          - Undefined Weak Reference
    _terminate_user_alloc                     - Undefined Weak Reference
    _terminateio                              - Undefined Weak Reference
    __Vectors_Size                           0x00000130   Number         0  startup_stm32f10x_hd.o ABSOLUTE
    _boot                                    0x08005000   Data        1024  main.o(.boot)
    __Vectors                                0x08005400   Data           4  startup_stm32f10x_hd.o(RESET)
    __Vectors_End                            0x08005530   Data           0  startup_stm32f10x_hd.o(RESET)
    __main                                   0x08005531   Thumb Code     8  __main.o(!!!main)
    __scatterload                            0x08005539   Thumb Code     0  __scatter.o(!!!scatter)
    __scatterload_rt2                        0x08005539   Thumb Code    44  __scatter.o(!!!scatter)
    __scatterload_rt2_thumb_only             0x08005539   Thumb Code     0  __scatter.o(!!!scatter)
    __scatterload_null                       0x08005547   Thumb Code     0  __scatter.o(!!!scatter)
    __scatterload_copy                       0x0800556d   Thumb Code    26  __scatter_copy.o(!!handler_copy)
    __scatterload_zeroinit                   0x08005589   Thumb Code    28  __scatter_zi.o(!!handler_zi)
    __rt_lib_init                            0x080055a5   Thumb Code     0  libinit.o(.ARM.Collect$$libinit$$00000000)
    __rt_lib_init_alloca_1                   0x080055ab   Thumb Code     0  libinit2.o(.ARM.Collect$$libinit$$0000002A)
    __rt_lib_init_argv_1                     0x080055ab   Thumb Code     0  libinit2.o(.ARM.Collect$$libinit$$00000028)
    __rt_lib_init_atexit_1                   0x080055ab   Thumb Code     0  libinit2.o(.ARM.Collect$$libinit$$00000017)
    __rt_lib_init_clock_1                    0x080055ab   Thumb Code     0  libinit2.o(.ARM.Collect$$libinit$$0000001D)
    __rt_lib_init_cpp_1                      0x080055ab   Thumb Code     0  libinit2.o(.ARM.Collect$$libinit$$0000002E)
    __rt_lib_init_exceptions_1               0x080055ab   Thumb Code     0  libinit2.o(.ARM.Collect$$libinit$$0000002C)
    __rt_lib_init_fp_trap_1                  0x080055ab   Thumb Code     0  libinit2.o(.ARM.Collect$$libinit$$0000001B)
    __rt_lib_init_getenv_1                   0x080055ab   Thumb Code     0  libinit2.o(.ARM.Collect$$libinit$$0000001F)
    __rt_lib_init_heap_1                     0x080055ab   Thumb Code     0  libinit2.o(.ARM.Collect$$libinit$$00000006)
    __rt_lib_init_lc_collate_1               0x080055ab   Thumb Code     0  libinit2.o(.ARM.Collect$$libinit$$0000000D)
    __rt_lib_init_lc_ctype_1                 0x080055ab   Thumb Code     0  libinit2.o(.ARM.Collect$$libinit$$0000000F)
    __rt_lib_init_lc_monetary_1              0x080055ab   Thumb Code     0  libinit2.o(.ARM.Collect$$libinit$$00000011)
    __rt_lib_init_lc_numeric_1               0x080055ab   Thumb Code     0  libinit2.o(.ARM.Collect$$libinit$$00000013)
    __rt_lib_init_lc_time_1                  0x080055ab   Thumb Code     0  libinit2.o(.ARM.Collect$$libinit$$00000015)
    __rt_lib_init_rand_1                     0x080055ab   Thumb Code     0  libinit2.o(.ARM.Collect$$libinit$$0000000A)
    __rt_lib_init_return                     0x080055ab   Thumb Code     0  libinit2.o(.ARM.Collect$$libinit$$0000002F)
    __rt_lib_init_signal_1                   0x080055ab   Thumb Code     0  libinit2.o(.ARM.Collect$$libinit$$00000019)
    __rt_lib_init_stdio_1                    0x080055ab   Thumb Code     0  libinit2.o(.ARM.Collect$$libinit$$00000021)
    __rt_lib_init_user_alloc_1               0x080055ab   Thumb Code     0  libinit2.o(.ARM.Collect$$libinit$$00000008)
    __rt_lib_shutdown                        0x080055ad   Thumb Code     0  libshutdown.o(.ARM.Collect$$libshutdown$$00000000)
    __rt_lib_shutdown_fp_trap_1              0x080055af   Thumb Code     0  libshutdown2.o(.ARM.Collect$$libshutdown$$00000006)
    __rt_lib_shutdown_heap_1                 0x080055af   Thumb Code     0  libshutdown2.o(.ARM.Collect$$libshutdown$$0000000E)
    __rt_lib_shutdown_return                 0x080055af   Thumb Code     0  libshutdown2.o(.ARM.Collect$$libshutdown$$0000000F)
    __rt_lib_shutdown_signal_1               0x080055af   Thumb Code     0  libshutdown2.o(.ARM.Collect$$libshutdown$$00000009)
    __rt_lib_shutdown_stdio_1                0x080055af   Thumb Code     0  libshutdown2.o(.ARM.Collect$$libshutdown$$00000003)
    __rt_lib_shutdown_user_alloc_1           0x080055af   Thumb Code     0  libshutdown2.o(.ARM.Collect$$libshutdown$$0000000B)
    __rt_entry                               0x080055b1   Thumb Code     0  rtentry.o(.ARM.Collect$$rtentry$$00000000)
    __rt_entry_presh_1                       0x080055b1   Thumb Code     0  rtentry2.o(.ARM.Collect$$rtentry$$00000002)
    __rt_entry_sh                            0x080055b1   Thumb Code     0  rtentry4.o(.ARM.Collect$$rtentry$$00000004)
    __rt_entry_li                            0x080055b7   Thumb Code     0  rtentry2.o(.ARM.Collect$$rtentry$$0000000A)
    __rt_entry_postsh_1                      0x080055b7   Thumb Code     0  rtentry2.o(.ARM.Collect$$rtentry$$00000009)
    __rt_entry_main                          0x080055bb   Thumb Code     0  rtentry2.o(.ARM.Collect$$rtentry$$0000000D)
    __rt_entry_postli_1                      0x080055bb   Thumb Code     0  rtentry2.o(.ARM.Collect$$rtentry$$0000000C)
    __rt_exit                                0x080055c3   Thumb Code     0  rtexit.o(.ARM.Collect$$rtexit$$00000000)
    __rt_exit_ls                             0x080055c5   Thumb Code     0  rtexit2.o(.ARM.Collect$$rtexit$$00000003)
    __rt_exit_prels_1                        0x080055c5   Thumb Code     0  rtexit2.o(.ARM.Collect$$rtexit$$00000002)
    __rt_exit_exit                           0x080055c9   Thumb Code     0  rtexit2.o(.ARM.Collect$$rtexit$$00000004)
    NMI_Handler                              0x080055cf   Thumb Code     2  stm32f10x_it.o(.text)
    HardFault_Handler                        0x080055d1   Thumb Code     4  stm32f10x_it.o(.text)
    MemManage_Handler                        0x080055d5   Thumb Code     4  stm32f10x_it.o(.text)
    BusFault_Handler                         0x080055d9   Thumb Code     4  stm32f10x_it.o(.text)
    UsageFault_Handler                       0x080055dd   Thumb Code     4  stm32f10x_it.o(.text)
    SVC_Handler                              0x080055e1   Thumb Code     2  stm32f10x_it.o(.text)
    DebugMon_Handler                         0x080055e3   Thumb Code     2  stm32f10x_it.o(.text)
    PendSV_Handler                           0x080055e5   Thumb Code     2  stm32f10x_it.o(.text)
    SysTick_Handler                          0x080055e7   Thumb Code     2  stm32f10x_it.o(.text)
    SystemInit                               0x080056b1   Thumb Code    78  system_stm32f10x.o(.text)
    SystemCoreClockUpdate                    0x080056ff   Thumb Code   142  system_stm32f10x.o(.text)
    QiFreeIO_test1                           0x080057dd   Thumb Code   106  main.o(.text)
    QiFreeIO_test2                           0x08005847   Thumb Code   112  main.o(.text)
    QiFreeIO_test3                           0x080058b7   Thumb Code   100  main.o(.text)
    QiFreeIO_test4                           0x0800591b   Thumb Code   122  main.o(.text)
    QiFreeIO_test5                           0x08005995   Thumb Code   192  main.o(.text)
    main                                     0x08005a55   Thumb Code    20  main.o(.text)
    newQiFree_ioObj                          0x08005b8b   Thumb Code    34  qifreeio.o(.text)
    QiFreeIO_config                          0x08005bad   Thumb Code    88  qifreeio.o(.text)
    KEY_Init                                 0x08005c2d   Thumb Code    82  key.o(.text)
    KEY_Scan                                 0x08005c7f   Thumb Code   154  key.o(.text)
    delay_init                               0x08005d29   Thumb Code    40  delay.o(.text)
    delay_us                                 0x08005d51   Thumb Code    70  delay.o(.text)
    delay_ms                                 0x08005d97   Thumb Code    70  delay.o(.text)
    _sys_exit                                0x08005ded   Thumb Code     6  usart.o(.text)
    fputc                                    0x08005df3   Thumb Code    20  usart.o(.text)
    uart_init                                0x08005e07   Thumb Code   158  usart.o(.text)
    USART1_IRQHandler                        0x08005ea5   Thumb Code   122  usart.o(.text)
    Reset_Handler                            0x08005f35   Thumb Code     8  startup_stm32f10x_hd.o(.text)
    ADC1_2_IRQHandler                        0x08005f4f   Thumb Code     0  startup_stm32f10x_hd.o(.text)
    ADC3_IRQHandler                          0x08005f4f   Thumb Code     0  startup_stm32f10x_hd.o(.text)
    CAN1_RX1_IRQHandler                      0x08005f4f   Thumb Code     0  startup_stm32f10x_hd.o(.text)
    CAN1_SCE_IRQHandler                      0x08005f4f   Thumb Code     0  startup_stm32f10x_hd.o(.text)
    DMA1_Channel1_IRQHandler                 0x08005f4f   Thumb Code     0  startup_stm32f10x_hd.o(.text)
    DMA1_Channel2_IRQHandler                 0x08005f4f   Thumb Code     0  startup_stm32f10x_hd.o(.text)
    DMA1_Channel3_IRQHandler                 0x08005f4f   Thumb Code     0  startup_stm32f10x_hd.o(.text)
    DMA1_Channel4_IRQHandler                 0x08005f4f   Thumb Code     0  startup_stm32f10x_hd.o(.text)
    DMA1_Channel5_IRQHandler                 0x08005f4f   Thumb Code     0  startup_stm32f10x_hd.o(.text)
    DMA1_Channel6_IRQHandler                 0x08005f4f   Thumb Code     0  startup_stm32f10x_hd.o(.text)
    DMA1_Channel7_IRQHandler                 0x08005f4f   Thumb Code     0  startup_stm32f10x_hd.o(.text)
    DMA2_Channel1_IRQHandler                 0x08005f4f   Thumb Code     0  startup_stm32f10x_hd.o(.text)
    DMA2_Channel2_IRQHandler                 0x08005f4f   Thumb Code     0  startup_stm32f10x_hd.o(.text)
    DMA2_Channel3_IRQHandler                 0x08005f4f   Thumb Code     0  startup_stm32f10x_hd.o(.text)
    DMA2_Channel4_5_IRQHandler               0x08005f4f   Thumb Code     0  startup_stm32f10x_hd.o(.text)
    EXTI0_IRQHandler                         0x08005f4f   Thumb Code     0  startup_stm32f10x_hd.o(.text)
    EXTI15_10_IRQHandler                     0x08005f4f   Thumb Code     0  startup_stm32f10x_hd.o(.text)
    EXTI1_IRQHandler                         0x08005f4f   Thumb Code     0  startup_stm32f10x_hd.o(.text)
    EXTI2_IRQHandler                         0x08005f4f   Thumb Code     0  startup_stm32f10x_hd.o(.text)
    EXTI3_IRQHandler                         0x08005f4f   Thumb Code     0  startup_stm32f10x_hd.o(.text)
    EXTI4_IRQHandler                         0x08005f4f   Thumb Code     0  startup_stm32f10x_hd.o(.text)
    EXTI9_5_IRQHandler                       0x08005f4f   Thumb Code     0  startup_stm32f10x_hd.o(.text)
    FLASH_IRQHandler                         0x08005f4f   Thumb Code     0  startup_stm32f10x_hd.o(.text)
    FSMC_IRQHandler                          0x08005f4f   Thumb Code     0  startup_stm32f10x_hd.o(.text)
    I2C1_ER_IRQHandler                       0x08005f4f   Thumb Code     0  startup_stm32f10x_hd.o(.text)
    I2C1_EV_IRQHandler                       0x08005f4f   Thumb Code     0  startup_stm32f10x_hd.o(.text)
    I2C2_ER_IRQHandler                       0x08005f4f   Thumb Code     0  startup_stm32f10x_hd.o(.text)
    I2C2_EV_IRQHandler                       0x08005f4f   Thumb Code     0  startup_stm32f10x_hd.o(.text)
    PVD_IRQHandler                           0x08005f4f   Thumb Code     0  startup_stm32f10x_hd.o(.text)
    RCC_IRQHandler                           0x08005f4f   Thumb Code     0  startup_stm32f10x_hd.o(.text)
    RTCAlarm_IRQHandler                      0x08005f4f   Thumb Code     0  startup_stm32f10x_hd.o(.text)
    RTC_IRQHandler                           0x08005f4f   Thumb Code     0  startup_stm32f10x_hd.o(.text)
    SDIO_IRQHandler                          0x08005f4f   Thumb Code     0  startup_stm32f10x_hd.o(.text)
    SPI1_IRQHandler                          0x08005f4f   Thumb Code     0  startup_stm32f10x_hd.o(.text)
    SPI2_IRQHandler                          0x08005f4f   Thumb Code     0  startup_stm32f10x_hd.o(.text)
    SPI3_IRQHandler                          0x08005f4f   Thumb Code     0  startup_stm32f10x_hd.o(.text)
    TAMPER_IRQHandler                        0x08005f4f   Thumb Code     0  startup_stm32f10x_hd.o(.text)
    TIM1_BRK_IRQHandler                      0x08005f4f   Thumb Code     0  startup_stm32f10x_hd.o(.text)
    TIM1_CC_IRQHandler                       0x08005f4f   Thumb Code     0  startup_stm32f10x_hd.o(.text)
    TIM1_TRG_COM_IRQHandler                  0x08005f4f   Thumb Code     0  startup_stm32f10x_hd.o(.text)
    TIM1_UP_IRQHandler                       0x08005f4f   Thumb Code     0  startup_stm32f10x_hd.o(.text)
    TIM2_IRQHandler                          0x08005f4f   Thumb Code     0  startup_stm32f10x_hd.o(.text)
    TIM3_IRQHandler                          0x08005f4f   Thumb Code     0  startup_stm32f10x_hd.o(.text)
    TIM4_IRQHandler                          0x08005f4f   Thumb Code     0  startup_stm32f10x_hd.o(.text)
    TIM5_IRQHandler                          0x08005f4f   Thumb Code     0  startup_stm32f10x_hd.o(.text)
    TIM6_IRQHandler                          0x08005f4f   Thumb Code     0  startup_stm32f10x_hd.o(.text)
    TIM7_IRQHandler                          0x08005f4f   Thumb Code     0  startup_stm32f10x_hd.o(.text)
    TIM8_BRK_IRQHandler                      0x08005f4f   Thumb Code     0  startup_stm32f10x_hd.o(.text)
    TIM8_CC_IRQHandler                       0x08005f4f   Thumb Code     0  startup_stm32f10x_hd.o(.text)
    TIM8_TRG_COM_IRQHandler                  0x08005f4f   Thumb Code     0  startup_stm32f10x_hd.o(.text)
    TIM8_UP_IRQHandler                       0x08005f4f   Thumb Code     0  startup_stm32f10x_hd.o(.text)
    UART4_IRQHandler                         0x08005f4f   Thumb Code     0  startup_stm32f10x_hd.o(.text)
    UART5_IRQHandler                         0x08005f4f   Thumb Code     0  startup_stm32f10x_hd.o(.text)
    USART2_IRQHandler                        0x08005f4f   Thumb Code     0  startup_stm32f10x_hd.o(.text)
    USART3_IRQHandler                        0x08005f4f   Thumb Code     0  startup_stm32f10x_hd.o(.text)
    USBWakeUp_IRQHandler                     0x08005f4f   Thumb Code     0  startup_stm32f10x_hd.o(.text)
    USB_HP_CAN1_TX_IRQHandler                0x08005f4f   Thumb Code     0  startup_stm32f10x_hd.o(.text)
    USB_LP_CAN1_RX0_IRQHandler               0x08005f4f   Thumb Code     0  startup_stm32f10x_hd.o(.text)
    WWDG_IRQHandler                          0x08005f4f   Thumb Code     0  startup_stm32f10x_hd.o(.text)
    __user_initial_stackheap                 0x08005f51   Thumb Code     0  startup_stm32f10x_hd.o(.text)
    GPIO_DeInit                              0x08005f75   Thumb Code   172  stm32f10x_gpio.o(.text)
    GPIO_AFIODeInit                          0x08006021   Thumb Code    20  stm32f10x_gpio.o(.text)
    GPIO_Init                                0x08006035   Thumb Code   274  stm32f10x_gpio.o(.text)
    GPIO_StructInit                          0x08006147   Thumb Code    16  stm32f10x_gpio.o(.text)
    GPIO_ReadInputDataBit                    0x08006157   Thumb Code    18  stm32f10x_gpio.o(.text)
    GPIO_ReadInputData                       0x08006169   Thumb Code     8  stm32f10x_gpio.o(.text)
    GPIO_ReadOutputDataBit                   0x08006171   Thumb Code    18  stm32f10x_gpio.o(.text)
    GPIO_ReadOutputData                      0x08006183   Thumb Code     8  stm32f10x_gpio.o(.text)
    GPIO_SetBits                             0x0800618b   Thumb Code     4  stm32f10x_gpio.o(.text)
    GPIO_ResetBits                           0x0800618f   Thumb Code     4  stm32f10x_gpio.o(.text)
    GPIO_WriteBit                            0x08006193   Thumb Code    10  stm32f10x_gpio.o(.text)
    GPIO_Write                               0x0800619d   Thumb Code     4  stm32f10x_gpio.o(.text)
    GPIO_PinLockConfig                       0x080061a1   Thumb Code    18  stm32f10x_gpio.o(.text)
    GPIO_EventOutputConfig                   0x080061b3   Thumb Code    26  stm32f10x_gpio.o(.text)
    GPIO_EventOutputCmd                      0x080061cd   Thumb Code     6  stm32f10x_gpio.o(.text)
    GPIO_PinRemapConfig                      0x080061d3   Thumb Code   138  stm32f10x_gpio.o(.text)
    GPIO_EXTILineConfig                      0x0800625d   Thumb Code    66  stm32f10x_gpio.o(.text)
    GPIO_ETH_MediaInterfaceConfig            0x0800629f   Thumb Code     6  stm32f10x_gpio.o(.text)
    RCC_DeInit                               0x080062cd   Thumb Code    64  stm32f10x_rcc.o(.text)
    RCC_HSEConfig                            0x0800630d   Thumb Code    70  stm32f10x_rcc.o(.text)
    RCC_GetFlagStatus                        0x08006353   Thumb Code    56  stm32f10x_rcc.o(.text)
    RCC_WaitForHSEStartUp                    0x0800638b   Thumb Code    48  stm32f10x_rcc.o(.text)
    RCC_AdjustHSICalibrationValue            0x080063bb   Thumb Code    20  stm32f10x_rcc.o(.text)
    RCC_HSICmd                               0x080063cf   Thumb Code     6  stm32f10x_rcc.o(.text)
    RCC_PLLConfig                            0x080063d5   Thumb Code    24  stm32f10x_rcc.o(.text)
    RCC_PLLCmd                               0x080063ed   Thumb Code     6  stm32f10x_rcc.o(.text)
    RCC_SYSCLKConfig                         0x080063f3   Thumb Code    18  stm32f10x_rcc.o(.text)
    RCC_GetSYSCLKSource                      0x08006405   Thumb Code    10  stm32f10x_rcc.o(.text)
    RCC_HCLKConfig                           0x0800640f   Thumb Code    18  stm32f10x_rcc.o(.text)
    RCC_PCLK1Config                          0x08006421   Thumb Code    18  stm32f10x_rcc.o(.text)
    RCC_PCLK2Config                          0x08006433   Thumb Code    20  stm32f10x_rcc.o(.text)
    RCC_ITConfig                             0x08006447   Thumb Code    30  stm32f10x_rcc.o(.text)
    RCC_USBCLKConfig                         0x08006465   Thumb Code     6  stm32f10x_rcc.o(.text)
    RCC_ADCCLKConfig                         0x0800646b   Thumb Code    18  stm32f10x_rcc.o(.text)
    RCC_LSEConfig                            0x0800647d   Thumb Code    44  stm32f10x_rcc.o(.text)
    RCC_LSICmd                               0x080064a9   Thumb Code     6  stm32f10x_rcc.o(.text)
    RCC_RTCCLKConfig                         0x080064af   Thumb Code    12  stm32f10x_rcc.o(.text)
    RCC_RTCCLKCmd                            0x080064bb   Thumb Code     6  stm32f10x_rcc.o(.text)
    RCC_GetClocksFreq                        0x080064c1   Thumb Code   192  stm32f10x_rcc.o(.text)
    RCC_AHBPeriphClockCmd                    0x08006581   Thumb Code    26  stm32f10x_rcc.o(.text)
    RCC_APB2PeriphClockCmd                   0x0800659b   Thumb Code    26  stm32f10x_rcc.o(.text)
    RCC_APB1PeriphClockCmd                   0x080065b5   Thumb Code    26  stm32f10x_rcc.o(.text)
    RCC_APB2PeriphResetCmd                   0x080065cf   Thumb Code    26  stm32f10x_rcc.o(.text)
    RCC_APB1PeriphResetCmd                   0x080065e9   Thumb Code    26  stm32f10x_rcc.o(.text)
    RCC_BackupResetCmd                       0x08006603   Thumb Code     6  stm32f10x_rcc.o(.text)
    RCC_ClockSecuritySystemCmd               0x08006609   Thumb Code     6  stm32f10x_rcc.o(.text)
    RCC_MCOConfig                            0x0800660f   Thumb Code     6  stm32f10x_rcc.o(.text)
    RCC_ClearFlag                            0x08006615   Thumb Code    14  stm32f10x_rcc.o(.text)
    RCC_GetITStatus                          0x08006623   Thumb Code    20  stm32f10x_rcc.o(.text)
    RCC_ClearITPendingBit                    0x08006637   Thumb Code     6  stm32f10x_rcc.o(.text)
    USART_DeInit                             0x08006671   Thumb Code   134  stm32f10x_usart.o(.text)
    USART_Init                               0x080066f7   Thumb Code   210  stm32f10x_usart.o(.text)
    USART_StructInit                         0x080067c9   Thumb Code    24  stm32f10x_usart.o(.text)
    USART_ClockInit                          0x080067e1   Thumb Code    34  stm32f10x_usart.o(.text)
    USART_ClockStructInit                    0x08006803   Thumb Code    12  stm32f10x_usart.o(.text)
    USART_Cmd                                0x0800680f   Thumb Code    24  stm32f10x_usart.o(.text)
    USART_ITConfig                           0x08006827   Thumb Code    74  stm32f10x_usart.o(.text)
    USART_DMACmd                             0x08006871   Thumb Code    24  stm32f10x_usart.o(.text)
    USART_SetAddress                         0x08006889   Thumb Code    18  stm32f10x_usart.o(.text)
    USART_WakeUpConfig                       0x0800689b   Thumb Code    18  stm32f10x_usart.o(.text)
    USART_ReceiverWakeUpCmd                  0x080068ad   Thumb Code    24  stm32f10x_usart.o(.text)
    USART_LINBreakDetectLengthConfig         0x080068c5   Thumb Code    18  stm32f10x_usart.o(.text)
    USART_LINCmd                             0x080068d7   Thumb Code    24  stm32f10x_usart.o(.text)
    USART_SendData                           0x080068ef   Thumb Code     8  stm32f10x_usart.o(.text)
    USART_ReceiveData                        0x080068f7   Thumb Code    10  stm32f10x_usart.o(.text)
    USART_SendBreak                          0x08006901   Thumb Code    10  stm32f10x_usart.o(.text)
    USART_SetGuardTime                       0x0800690b   Thumb Code    16  stm32f10x_usart.o(.text)
    USART_SetPrescaler                       0x0800691b   Thumb Code    16  stm32f10x_usart.o(.text)
    USART_SmartCardCmd                       0x0800692b   Thumb Code    24  stm32f10x_usart.o(.text)
    USART_SmartCardNACKCmd                   0x08006943   Thumb Code    24  stm32f10x_usart.o(.text)
    USART_HalfDuplexCmd                      0x0800695b   Thumb Code    24  stm32f10x_usart.o(.text)
    USART_OverSampling8Cmd                   0x08006973   Thumb Code    22  stm32f10x_usart.o(.text)
    USART_OneBitMethodCmd                    0x08006989   Thumb Code    24  stm32f10x_usart.o(.text)
    USART_IrDAConfig                         0x080069a1   Thumb Code    18  stm32f10x_usart.o(.text)
    USART_IrDACmd                            0x080069b3   Thumb Code    24  stm32f10x_usart.o(.text)
    USART_GetFlagStatus                      0x080069cb   Thumb Code    26  stm32f10x_usart.o(.text)
    USART_ClearFlag                          0x080069e5   Thumb Code    18  stm32f10x_usart.o(.text)
    USART_GetITStatus                        0x080069f7   Thumb Code    84  stm32f10x_usart.o(.text)
    USART_ClearITPendingBit                  0x08006a4b   Thumb Code    50  stm32f10x_usart.o(.text)
    NVIC_PriorityGroupConfig                 0x08006a7d   Thumb Code    10  misc.o(.text)
    NVIC_Init                                0x08006a87   Thumb Code   118  misc.o(.text)
    NVIC_SetVectorTable                      0x08006afd   Thumb Code    12  misc.o(.text)
    NVIC_SystemLPConfig                      0x08006b09   Thumb Code    38  misc.o(.text)
    SysTick_CLKSourceConfig                  0x08006b2f   Thumb Code    40  misc.o(.text)
    __use_no_semihosting                     0x08006b75   Thumb Code     2  use_no_semi_2.o(.text)
    __aeabi_memclr4                          0x08006b77   Thumb Code     0  rt_memclr_w.o(.text)
    __aeabi_memclr8                          0x08006b77   Thumb Code     0  rt_memclr_w.o(.text)
    __rt_memclr_w                            0x08006b77   Thumb Code    78  rt_memclr_w.o(.text)
    _memset_w                                0x08006b7b   Thumb Code     0  rt_memclr_w.o(.text)
    __use_two_region_memory                  0x08006bc5   Thumb Code     2  heapauxi.o(.text)
    __rt_heap_escrow$2region                 0x08006bc7   Thumb Code     2  heapauxi.o(.text)
    __rt_heap_expand$2region                 0x08006bc9   Thumb Code     2  heapauxi.o(.text)
    __I$use$semihosting                      0x08006bcb   Thumb Code     0  use_no_semi.o(.text)
    __use_no_semihosting_swi                 0x08006bcb   Thumb Code     2  use_no_semi.o(.text)
    __user_setup_stackheap                   0x08006bcd   Thumb Code    74  sys_stackheap_outer.o(.text)
    exit                                     0x08006c17   Thumb Code    12  exit.o(.text)
    __user_libspace                          0x08006c25   Thumb Code     8  libspace.o(.text)
    __user_perproc_libspace                  0x08006c25   Thumb Code     0  libspace.o(.text)
    __user_perthread_libspace                0x08006c25   Thumb Code     0  libspace.o(.text)
    __rt_fp_status_addr                      0x08006c2d   Thumb Code     8  rt_fp_status_addr_intlibspace.o(.text)
    _fp_init                                 0x08006c35   Thumb Code    14  fpinit.o(x$fpl$fpinit)
    __fplib_config_pureend_doubles           0x08006c41   Thumb Code     0  fpinit.o(x$fpl$fpinit)
    Region$$Table$$Base                      0x08006c44   Number         0  anon$$obj.o(Region$$Table)
    Region$$Table$$Limit                     0x08006c64   Number         0  anon$$obj.o(Region$$Table)
    SystemCoreClock                          0x20000000   Data           4  system_stm32f10x.o(.data)
    AHBPrescTable                            0x20000004   Data          16  system_stm32f10x.o(.data)
    cfg                                      0x20000014   Data          24  main.o(.data)
    USART_RX_STA                             0x2000008c   Data           2  usart.o(.data)
    __stdout                                 0x20000090   Data           4  usart.o(.data)
    USART_RX_BUF                             0x200000a8   Data         200  usart.o(.bss)
    __libspace_start                         0x20000170   Data          96  libspace.o(.bss)
    __temporary_stack_top$libspace           0x200001d0   Data           0  libspace.o(.bss)



==============================================================================

Memory Map of the image

  Image Entry point : 0x08005531

  Load Region LR_IROM1 (Base: 0x08005000, Size: 0x00001d0c, Max: 0x00040000, ABSOLUTE)

    Execution Region ER_IROM2 (Base: 0x08005000, Size: 0x00000400, Max: 0x00000400, ABSOLUTE)

    Base Addr    Size         Type   Attr      Idx    E Section Name        Object

    0x08005000   0x00000400   Data   RO           66    .boot               main.o


    Execution Region ER_IROM1 (Base: 0x08005400, Size: 0x00001864, Max: 0x00040000, ABSOLUTE)

    Base Addr    Size         Type   Attr      Idx    E Section Name        Object

    0x08005400   0x00000130   Data   RO          203    RESET               startup_stm32f10x_hd.o
    0x08005530   0x00000008   Code   RO          266  * !!!main             c_w.l(__main.o)
    0x08005538   0x00000034   Code   RO          426    !!!scatter          c_w.l(__scatter.o)
    0x0800556c   0x0000001a   Code   RO          428    !!handler_copy      c_w.l(__scatter_copy.o)
    0x08005586   0x00000002   PAD
    0x08005588   0x0000001c   Code   RO          430    !!handler_zi        c_w.l(__scatter_zi.o)
    0x080055a4   0x00000006   Code   RO          300    .ARM.Collect$$libinit$$00000000  c_w.l(libinit.o)
    0x080055aa   0x00000000   Code   RO          308    .ARM.Collect$$libinit$$00000006  c_w.l(libinit2.o)
    0x080055aa   0x00000000   Code   RO          310    .ARM.Collect$$libinit$$00000008  c_w.l(libinit2.o)
    0x080055aa   0x00000000   Code   RO          312    .ARM.Collect$$libinit$$0000000A  c_w.l(libinit2.o)
    0x080055aa   0x00000000   Code   RO          315    .ARM.Collect$$libinit$$0000000D  c_w.l(libinit2.o)
    0x080055aa   0x00000000   Code   RO          317    .ARM.Collect$$libinit$$0000000F  c_w.l(libinit2.o)
    0x080055aa   0x00000000   Code   RO          319    .ARM.Collect$$libinit$$00000011  c_w.l(libinit2.o)
    0x080055aa   0x00000000   Code   RO          321    .ARM.Collect$$libinit$$00000013  c_w.l(libinit2.o)
    0x080055aa   0x00000000   Code   RO          323    .ARM.Collect$$libinit$$00000015  c_w.l(libinit2.o)
    0x080055aa   0x00000000   Code   RO          325    .ARM.Collect$$libinit$$00000017  c_w.l(libinit2.o)
    0x080055aa   0x00000000   Code   RO          327    .ARM.Collect$$libinit$$00000019  c_w.l(libinit2.o)
    0x080055aa   0x00000000   Code   RO          329    .ARM.Collect$$libinit$$0000001B  c_w.l(libinit2.o)
    0x080055aa   0x00000000   Code   RO          331    .ARM.Collect$$libinit$$0000001D  c_w.l(libinit2.o)
    0x080055aa   0x00000000   Code   RO          333    .ARM.Collect$$libinit$$0000001F  c_w.l(libinit2.o)
    0x080055aa   0x00000000   Code   RO          335    .ARM.Collect$$libinit$$00000021  c_w.l(libinit2.o)
    0x080055aa   0x00000000   Code   RO          339    .ARM.Collect$$libinit$$00000028  c_w.l(libinit2.o)
    0x080055aa   0x00000000   Code   RO          341    .ARM.Collect$$libinit$$0000002A  c_w.l(libinit2.o)
    0x080055aa   0x00000000   Code   RO          343    .ARM.Collect$$libinit$$0000002C  c_w.l(libinit2.o)
    0x080055aa   0x00000000   Code   RO          345    .ARM.Collect$$libinit$$0000002E  c_w.l(libinit2.o)
    0x080055aa   0x00000002   Code   RO          346    .ARM.Collect$$libinit$$0000002F  c_w.l(libinit2.o)
    0x080055ac   0x00000002   Code   RO          370    .ARM.Collect$$libshutdown$$00000000  c_w.l(libshutdown.o)
    0x080055ae   0x00000000   Code   RO          381    .ARM.Collect$$libshutdown$$00000003  c_w.l(libshutdown2.o)
    0x080055ae   0x00000000   Code   RO          384    .ARM.Collect$$libshutdown$$00000006  c_w.l(libshutdown2.o)
    0x080055ae   0x00000000   Code   RO          387    .ARM.Collect$$libshutdown$$00000009  c_w.l(libshutdown2.o)
    0x080055ae   0x00000000   Code   RO          389    .ARM.Collect$$libshutdown$$0000000B  c_w.l(libshutdown2.o)
    0x080055ae   0x00000000   Code   RO          392    .ARM.Collect$$libshutdown$$0000000E  c_w.l(libshutdown2.o)
    0x080055ae   0x00000002   Code   RO          393    .ARM.Collect$$libshutdown$$0000000F  c_w.l(libshutdown2.o)
    0x080055b0   0x00000000   Code   RO          270    .ARM.Collect$$rtentry$$00000000  c_w.l(rtentry.o)
    0x080055b0   0x00000000   Code   RO          273    .ARM.Collect$$rtentry$$00000002  c_w.l(rtentry2.o)
    0x080055b0   0x00000006   Code   RO          288    .ARM.Collect$$rtentry$$00000004  c_w.l(rtentry4.o)
    0x080055b6   0x00000000   Code   RO          275    .ARM.Collect$$rtentry$$00000009  c_w.l(rtentry2.o)
    0x080055b6   0x00000004   Code   RO          276    .ARM.Collect$$rtentry$$0000000A  c_w.l(rtentry2.o)
    0x080055ba   0x00000000   Code   RO          278    .ARM.Collect$$rtentry$$0000000C  c_w.l(rtentry2.o)
    0x080055ba   0x00000008   Code   RO          279    .ARM.Collect$$rtentry$$0000000D  c_w.l(rtentry2.o)
    0x080055c2   0x00000002   Code   RO          304    .ARM.Collect$$rtexit$$00000000  c_w.l(rtexit.o)
    0x080055c4   0x00000000   Code   RO          350    .ARM.Collect$$rtexit$$00000002  c_w.l(rtexit2.o)
    0x080055c4   0x00000004   Code   RO          351    .ARM.Collect$$rtexit$$00000003  c_w.l(rtexit2.o)
    0x080055c8   0x00000006   Code   RO          352    .ARM.Collect$$rtexit$$00000004  c_w.l(rtexit2.o)
    0x080055ce   0x0000001a   Code   RO            1    .text               stm32f10x_it.o
    0x080055e8   0x000001c8   Code   RO           47    .text               system_stm32f10x.o
    0x080057b0   0x000002c4   Code   RO           65    .text               main.o
    0x08005a74   0x000001b8   Code   RO          114    .text               qifreeio.o
    0x08005c2c   0x000000fc   Code   RO          128    .text               key.o
    0x08005d28   0x000000c4   Code   RO          141    .text               delay.o
    0x08005dec   0x00000148   Code   RO          167    .text               usart.o
    0x08005f34   0x00000040   Code   RO          204    .text               startup_stm32f10x_hd.o
    0x08005f74   0x00000358   Code   RO          208    .text               stm32f10x_gpio.o
    0x080062cc   0x000003a4   Code   RO          220    .text               stm32f10x_rcc.o
    0x08006670   0x0000040c   Code   RO          234    .text               stm32f10x_usart.o
    0x08006a7c   0x000000f8   Code   RO          246    .text               misc.o
    0x08006b74   0x00000002   Code   RO          260    .text               c_w.l(use_no_semi_2.o)
    0x08006b76   0x0000004e   Code   RO          262    .text               c_w.l(rt_memclr_w.o)
    0x08006bc4   0x00000006   Code   RO          264    .text               c_w.l(heapauxi.o)
    0x08006bca   0x00000002   Code   RO          268    .text               c_w.l(use_no_semi.o)
    0x08006bcc   0x0000004a   Code   RO          290    .text               c_w.l(sys_stackheap_outer.o)
    0x08006c16   0x0000000c   Code   RO          292    .text               c_w.l(exit.o)
    0x08006c22   0x00000002   PAD
    0x08006c24   0x00000008   Code   RO          301    .text               c_w.l(libspace.o)
    0x08006c2c   0x00000008   Code   RO          360    .text               c_w.l(rt_fp_status_addr_intlibspace.o)
    0x08006c34   0x0000000e   Code   RO          347    x$fpl$fpinit        fz_ws.l(fpinit.o)
    0x08006c42   0x00000002   PAD
    0x08006c44   0x00000020   Data   RO          424    Region$$Table       anon$$obj.o


    Execution Region RW_IRAM1 (Base: 0x20000000, Size: 0x000007d0, Max: 0x0000c000, ABSOLUTE)

    Base Addr    Size         Type   Attr      Idx    E Section Name        Object

    0x20000000   0x00000014   Data   RW           48    .data               system_stm32f10x.o
    0x20000014   0x00000018   Data   RW           67    .data               main.o
    0x2000002c   0x00000058   Data   RW          115    .data               qifreeio.o
    0x20000084   0x00000001   Data   RW          129    .data               key.o
    0x20000085   0x00000001   PAD
    0x20000086   0x00000004   Data   RW          142    .data               delay.o
    0x2000008a   0x00000002   PAD
    0x2000008c   0x00000008   Data   RW          169    .data               usart.o
    0x20000094   0x00000014   Data   RW          221    .data               stm32f10x_rcc.o
    0x200000a8   0x000000c8   Zero   RW          168    .bss                usart.o
    0x20000170   0x00000060   Zero   RW          302    .bss                c_w.l(libspace.o)
    0x200001d0   0x00000200   Zero   RW          202    HEAP                startup_stm32f10x_hd.o
    0x200003d0   0x00000400   Zero   RW          201    STACK               startup_stm32f10x_hd.o


==============================================================================

Image component sizes


      Code (inc. data)   RO Data    RW Data    ZI Data      Debug   Object Name

         0          0          0          0          0         32   core_cm3.o
       196         16          0          4          0        939   delay.o
       252         16          0          1          0        788   key.o
       708         12       1024         24          0     208038   main.o
       248         30          0          0          0       1701   misc.o
       440         40          0         88          0       2938   qifreeio.o
        64         26        304          0       1536        744   startup_stm32f10x_hd.o
       856         40          0          0          0       5633   stm32f10x_gpio.o
        26          0          0          0          0      28290   stm32f10x_it.o
       932         52          0         20          0       8760   stm32f10x_rcc.o
      1036         20          0          0          0       8376   stm32f10x_usart.o
       456         36          0         20          0       1595   system_stm32f10x.o
       328         22          0          8        200       2914   usart.o

    ----------------------------------------------------------------------
      5542        310       1360        168       1736     270748   Object Totals
         0          0         32          0          0          0   (incl. Generated)
         0          0          0          3          0          0   (incl. Padding)

    ----------------------------------------------------------------------

      Code (inc. data)   RO Data    RW Data    ZI Data      Debug   Library Member Name

         8          0          0          0          0         68   __main.o
        52          8          0          0          0          0   __scatter.o
        26          0          0          0          0          0   __scatter_copy.o
        28          0          0          0          0          0   __scatter_zi.o
        12          0          0          0          0         68   exit.o
         6          0          0          0          0        152   heapauxi.o
         6          0          0          0          0          0   libinit.o
         2          0          0          0          0          0   libinit2.o
         2          0          0          0          0          0   libshutdown.o
         2          0          0          0          0          0   libshutdown2.o
         8          4          0          0         96         68   libspace.o
         8          4          0          0          0         68   rt_fp_status_addr_intlibspace.o
        78          0          0          0          0         80   rt_memclr_w.o
         0          0          0          0          0          0   rtentry.o
        12          0          0          0          0          0   rtentry2.o
         6          0          0          0          0          0   rtentry4.o
         2          0          0          0          0          0   rtexit.o
        10          0          0          0          0          0   rtexit2.o
        74          0          0          0          0         80   sys_stackheap_outer.o
         2          0          0          0          0         68   use_no_semi.o
         2          0          0          0          0         68   use_no_semi_2.o
        14          0          0          0          0         76   fpinit.o

    ----------------------------------------------------------------------
       366         16          0          0         96        796   Library Totals
         6          0          0          0          0          0   (incl. Padding)

    ----------------------------------------------------------------------

      Code (inc. data)   RO Data    RW Data    ZI Data      Debug   Library Name

       346         16          0          0         96        720   c_w.l
        14          0          0          0          0         76   fz_ws.l

    ----------------------------------------------------------------------
       366         16          0          0         96        796   Library Totals

    ----------------------------------------------------------------------

==============================================================================


      Code (inc. data)   RO Data    RW Data    ZI Data      Debug   

      5908        326       1360        168       1832     270244   Grand Totals
      5908        326       1360        168       1832     270244   ELF Image Totals
      5908        326       1360        168          0          0   ROM Totals

==============================================================================

    Total RO  Size (Code + RO Data)                 7268 (   7.10kB)
    Total RW  Size (RW Data + ZI Data)              2000 (   1.95kB)
    Total ROM Size (Code + RO Data + RW Data)       7436 (   7.26kB)

==============================================================================

