<html>
<body>
<pre>
<h1>µVision Build Log</h1>
<h2>Project:</h2>
F:\USBS\AN10866\LPC1700 Secondary USB bootloader\bootloader.uvproj
Project File Date:  04/09/2015

<h2>Output:</h2>
Build target 'Bootloader LPC1700'
compiling core_cm3.c...
compiling system_LPC17xx.c...
compiling DiskImg.c...
compiling mscuser.c...
compiling usbcore.c...
compiling usbdesc.c...
compiling usbhw.c...
compiling usbuser.c...
compiling sbl_iap.c...
compiling memory.c...
linking...
Program Size: Code=7578 RO-data=826 RW-data=68 ZI-data=2676  
FromELF: creating hex file...
".\obj\bootloader.axf" - 0 Error(s), 0 Warning(s).
Build target 'Bootloader LPC1700'
compiling core_cm3.c...
compiling system_LPC17xx.c...
compiling DiskImg.c...
compiling mscuser.c...
compiling usbcore.c...
compiling usbdesc.c...
compiling usbhw.c...
compiling usbuser.c...
compiling sbl_iap.c...
compiling memory.c...
linking...
Program Size: Code=7854 RO-data=810 RW-data=68 ZI-data=2676  
FromELF: creating hex file...
".\obj\bootloader.axf" - 0 Error(s), 0 Warning(s).
Build target 'Bootloader LPC1700'
compiling core_cm3.c...
compiling system_LPC17xx.c...
compiling DiskImg.c...
compiling mscuser.c...
compiling usbcore.c...
usb\usbcore.c(320): warning: C3017W: alt may be used before being set
usb\usbcore.c(402): warning: C3017W: msk may be used before being set
usb\usbcore.c(402): warning: C3017W: old may be used before being set
usb\usbcore.c(402): warning: C3017W: alt may be used before being set
usb\usbcore.c(402): warning: C3017W: ifn may be used before being set
compiling usbdesc.c...
compiling usbhw.c...
compiling usbuser.c...
compiling sbl_iap.c...
compiling memory.c...
linking...
Program Size: Code=5770 RO-data=818 RW-data=68 ZI-data=2676  
FromELF: creating hex file...
".\obj\bootloader.axf" - 0 Error(s), 5 Warning(s).
