ARM Linker, 4.1 [Build 567] [Standard]

==============================================================================

Section Cross References

    main.o(.text) refers to lcd.o(.text) for LCD_Clear
    main.o(.text) refers to key.o(.text) for KEY_Scan
    main.o(.text) refers to touch.o(.text) for TP_Draw_Big_Point
    main.o(.text) refers to delay.o(.text) for delay_ms
    main.o(.text) refers to misc.o(.text) for NVIC_SetVectorTable
    main.o(.text) refers to sys.o(.text) for NVIC_Configuration
    main.o(.text) refers to usart.o(.text) for uart_init
    main.o(.text) refers to led.o(.text) for LED_Init
    main.o(.text) refers to lcd.o(.data) for POINT_COLOR
    main.o(.text) refers to lcd.o(.bss) for lcddev
    main.o(.text) refers to touch.o(.data) for tp_dev
    main.o(.text) refers to main.o(.constdata) for POINT_COLOR_TBL
    system_stm32f10x.o(.text) refers to system_stm32f10x.o(.data) for SystemCoreClock
    led.o(.text) refers to stm32f10x_rcc.o(.text) for RCC_APB2PeriphClockCmd
    led.o(.text) refers to stm32f10x_gpio.o(.text) for GPIO_Init
    lcd.o(.text) refers to _printf_percent.o(.ARM.Collect$$_printf_percent$$00000000) for _printf_percent
    lcd.o(.text) refers to _printf_x.o(.ARM.Collect$$_printf_percent$$0000000C) for _printf_x
    lcd.o(.text) refers to _printf_hex_int.o(.text) for _printf_longlong_hex
    lcd.o(.text) refers to stm32f10x_gpio.o(.text) for GPIO_ResetBits
    lcd.o(.text) refers to delay.o(.text) for delay_us
    lcd.o(.text) refers to lcd.o(.bss) for lcddev
    lcd.o(.text) refers to lcd.o(.data) for POINT_COLOR
    lcd.o(.text) refers to stm32f10x_rcc.o(.text) for RCC_APB2PeriphClockCmd
    lcd.o(.text) refers to noretval__2printf.o(.text) for __2printf
    lcd.o(.text) refers to lcd.o(.constdata) for asc2_1206
    key.o(.text) refers to stm32f10x_rcc.o(.text) for RCC_APB2PeriphClockCmd
    key.o(.text) refers to stm32f10x_gpio.o(.text) for GPIO_PinRemapConfig
    key.o(.text) refers to delay.o(.text) for delay_ms
    key.o(.text) refers to key.o(.data) for key_up
    myiic.o(.text) refers to stm32f10x_rcc.o(.text) for RCC_APB2PeriphClockCmd
    myiic.o(.text) refers to stm32f10x_gpio.o(.text) for GPIO_Init
    myiic.o(.text) refers to delay.o(.text) for delay_us
    24cxx.o(.text) refers to myiic.o(.text) for IIC_Init
    24cxx.o(.text) refers to delay.o(.text) for delay_ms
    ctiic.o(.text) refers to delay.o(.text) for delay_us
    ott2001a.o(.text) refers to _printf_percent.o(.ARM.Collect$$_printf_percent$$00000000) for _printf_percent
    ott2001a.o(.text) refers to _printf_x.o(.ARM.Collect$$_printf_percent$$0000000C) for _printf_x
    ott2001a.o(.text) refers to _printf_hex_int.o(.text) for _printf_longlong_hex
    ott2001a.o(.text) refers to ctiic.o(.text) for CT_IIC_Start
    ott2001a.o(.text) refers to stm32f10x_rcc.o(.text) for RCC_APB2PeriphClockCmd
    ott2001a.o(.text) refers to stm32f10x_gpio.o(.text) for GPIO_Init
    ott2001a.o(.text) refers to delay.o(.text) for delay_ms
    ott2001a.o(.text) refers to noretval__2printf.o(.text) for __2printf
    ott2001a.o(.text) refers to dflt_clz.o(x$fpl$dflt) for __aeabi_i2d
    ott2001a.o(.text) refers to dmul.o(x$fpl$dmul) for __aeabi_dmul
    ott2001a.o(.text) refers to dfixu.o(x$fpl$dfixu) for __aeabi_d2uiz
    ott2001a.o(.text) refers to daddsub_clz.o(x$fpl$drsb) for __aeabi_drsub
    ott2001a.o(.text) refers to ott2001a.o(.data) for t
    ott2001a.o(.text) refers to touch.o(.data) for tp_dev
    ott2001a.o(.text) refers to ott2001a.o(.constdata) for OTT_TPX_TBL
    touch.o(.text) refers to delay.o(.text) for delay_us
    touch.o(.text) refers to lcd.o(.text) for LCD_DrawLine
    touch.o(.text) refers to fflt_clz.o(x$fpl$fflt) for __aeabi_i2f
    touch.o(.text) refers to fflt_clz.o(x$fpl$ffltu) for __aeabi_ui2f
    touch.o(.text) refers to fmul.o(x$fpl$fmul) for __aeabi_fmul
    touch.o(.text) refers to faddsub_clz.o(x$fpl$fadd) for __aeabi_fadd
    touch.o(.text) refers to ffixu.o(x$fpl$ffixu) for __aeabi_f2uiz
    touch.o(.text) refers to 24cxx.o(.text) for AT24CXX_WriteLenByte
    touch.o(.text) refers to touch.o(.data) for CMD_RDX
    touch.o(.text) refers to lcd.o(.data) for POINT_COLOR
    touch.o(.text) refers to dflt_clz.o(x$fpl$dfltu) for __aeabi_ui2d
    touch.o(.text) refers to sqrt.o(i.sqrt) for sqrt
    touch.o(.text) refers to dfixu.o(x$fpl$dfixu) for __aeabi_d2uiz
    touch.o(.text) refers to fdiv.o(x$fpl$fdiv) for __aeabi_fdiv
    touch.o(.text) refers to f2d.o(x$fpl$f2d) for __aeabi_f2d
    touch.o(.text) refers to dleqf.o(x$fpl$dleqf) for __aeabi_cdcmple
    touch.o(.text) refers to lcd.o(.bss) for lcddev
    touch.o(.text) refers to touch.o(.constdata) for TP_ADJDIS_TBL
    touch.o(.text) refers to drleqf.o(x$fpl$drleqf) for __aeabi_cdrcmple
    touch.o(.text) refers to faddsub_clz.o(x$fpl$fsub) for __aeabi_fsub
    touch.o(.text) refers to ffix.o(x$fpl$ffix) for __aeabi_f2iz
    touch.o(.text) refers to ott2001a.o(.text) for OTT2001A_Init
[...]
    rt_fp_status_addr_intlibspace.o(.text) refers to libspace.o(.bss) for __libspace_start
    argv_veneer.o(.emb_text) refers to no_argv.o(.text) for __ARM_get_argv
    _get_argv_nomalloc.o(.text) refers (Special) to hrguard.o(.text) for __heap_region$guard
    _get_argv_nomalloc.o(.text) refers to defsig_rtmem_outer.o(.text) for __rt_SIGRTMEM
    _get_argv_nomalloc.o(.text) refers to sys_command.o(.text) for _sys_command_string
    libshutdown.o(.ARM.Collect$$libshutdown$$00000000) refers (Special) to libshutdown2.o(.ARM.Collect$$libshutdown$$00000006) for __rt_lib_shutdown_fp_trap_1
    libshutdown.o(.ARM.Collect$$libshutdown$$00000000) refers (Special) to libshutdown2.o(.ARM.Collect$$libshutdown$$0000000E) for __rt_lib_shutdown_heap_1
    libshutdown.o(.ARM.Collect$$libshutdown$$00000000) refers (Special) to libshutdown2.o(.ARM.Collect$$libshutdown$$0000000F) for __rt_lib_shutdown_return
    libshutdown.o(.ARM.Collect$$libshutdown$$00000000) refers (Special) to libshutdown2.o(.ARM.Collect$$libshutdown$$00000009) for __rt_lib_shutdown_signal_1
    libshutdown.o(.ARM.Collect$$libshutdown$$00000000) refers (Special) to libshutdown2.o(.ARM.Collect$$libshutdown$$00000003) for __rt_lib_shutdown_stdio_1
    libshutdown.o(.ARM.Collect$$libshutdown$$00000000) refers (Special) to libshutdown2.o(.ARM.Collect$$libshutdown$$0000000B) for __rt_lib_shutdown_user_alloc_1
    sys_command.o(.text) refers (Special) to use_no_semi.o(.text) for __I$use$semihosting
    defsig_rtmem_outer.o(.text) refers to defsig_rtmem_inner.o(.text) for __rt_SIGRTMEM_inner
    defsig_rtmem_outer.o(.text) refers to defsig_exit.o(.text) for __sig_exit
    defsig_rtmem_formal.o(.text) refers to rt_raise.o(.text) for __rt_raise
    rt_raise.o(.text) refers to __raise.o(.text) for __raise
    rt_raise.o(.text) refers to usart.o(.text) for _sys_exit
    defsig_exit.o(.text) refers to usart.o(.text) for _sys_exit
    defsig_rtmem_inner.o(.text) refers to defsig_general.o(.text) for __default_signal_display
    __raise.o(.text) refers to defsig.o(CL$$defsig) for __default_signal_handler
    defsig_general.o(.text) refers to sys_wrch.o(.text) for _ttywrch
    sys_wrch.o(.text) refers (Special) to use_no_semi.o(.text) for __I$use$semihosting
    defsig.o(CL$$defsig) refers to defsig_rtmem_inner.o(.text) for __rt_SIGRTMEM_inner
    defsig_abrt_inner.o(.text) refers to defsig_general.o(.text) for __default_signal_display
    defsig_fpe_inner.o(.text) refers to defsig_general.o(.text) for __default_signal_display
    defsig_rtred_inner.o(.text) refers to defsig_general.o(.text) for __default_signal_display
    defsig_stak_inner.o(.text) refers to defsig_general.o(.text) for __default_signal_display
    defsig_pvfn_inner.o(.text) refers to defsig_general.o(.text) for __default_signal_display
    defsig_cppl_inner.o(.text) refers to defsig_general.o(.text) for __default_signal_display
    defsig_segv_inner.o(.text) refers to defsig_general.o(.text) for __default_signal_display
    defsig_other.o(.text) refers to defsig_general.o(.text) for __default_signal_display


==============================================================================

Removing Unused input sections from the image.

    Removing core_cm3.o(.emb_text), (32 bytes).

1 unused section(s) (total 32 bytes) removed from the image.

==============================================================================

Image Symbol Table

    Local Symbols

    Symbol Name                              Value     Ov Type        Size  Object(Section)

    ../../angel/boardlib.s                   0x00000000   Number         0  boardshut.o ABSOLUTE
    ../../angel/boardlib.s                   0x00000000   Number         0  boardinit3.o ABSOLUTE
    ../../angel/boardlib.s                   0x00000000   Number         0  boardinit2.o ABSOLUTE
    ../../angel/boardlib.s                   0x00000000   Number         0  boardinit1.o ABSOLUTE
    ../../angel/handlers.s                   0x00000000   Number         0  __scatter_copy.o ABSOLUTE
    ../../angel/handlers.s                   0x00000000   Number         0  __scatter_zi.o ABSOLUTE
    ../../angel/kernel.s                     0x00000000   Number         0  rtentry.o ABSOLUTE
    ../../angel/kernel.s                     0x00000000   Number         0  rtentry4.o ABSOLUTE
    ../../angel/kernel.s                     0x00000000   Number         0  rtentry2.o ABSOLUTE
    ../../angel/kernel.s                     0x00000000   Number         0  rtexit.o ABSOLUTE
    ../../angel/kernel.s                     0x00000000   Number         0  rtexit2.o ABSOLUTE
    ../../angel/rt.s                         0x00000000   Number         0  rt_errno_addr.o ABSOLUTE
    ../../angel/rt.s                         0x00000000   Number         0  rt_fp_status_addr_intlibspace.o ABSOLUTE
    ../../angel/rt.s                         0x00000000   Number         0  rt_fp_status_addr.o ABSOLUTE
    ../../angel/rt.s                         0x00000000   Number         0  rt_raise.o ABSOLUTE
    ../../angel/rt.s                         0x00000000   Number         0  rt_errno_addr_intlibspace.o ABSOLUTE
    ../../angel/scatter.s                    0x00000000   Number         0  __scatter.o ABSOLUTE
    ../../angel/startup.s                    0x00000000   Number         0  __main.o ABSOLUTE
    ../../angel/sys.s                        0x00000000   Number         0  use_no_semi.o ABSOLUTE
    ../../angel/sys.s                        0x00000000   Number         0  use_no_semi_2.o ABSOLUTE
    ../../angel/sys.s                        0x00000000   Number         0  sys_stackheap_outer.o ABSOLUTE
    ../../angel/sys.s                        0x00000000   Number         0  libspace.o ABSOLUTE
    ../../angel/sysapp.c                     0x00000000   Number         0  sys_command.o ABSOLUTE
    ../../angel/sysapp.c                     0x00000000   Number         0  sys_wrch.o ABSOLUTE
    ../../armsys.c                           0x00000000   Number         0  no_argv.o ABSOLUTE
    ../../armsys.c                           0x00000000   Number         0  argv_veneer.o ABSOLUTE
    ../../armsys.c                           0x00000000   Number         0  _get_argv_nomalloc.o ABSOLUTE
    ../../armsys.c                           0x00000000   Number         0  argv_veneer.o ABSOLUTE
    ../../daddsub.s                          0x00000000   Number         0  daddsub_clz.o ABSOLUTE
    ../../dcmpi.s                            0x00000000   Number         0  dcmpi.o ABSOLUTE
    ../../dfixu.s                            0x00000000   Number         0  dfixu.o ABSOLUTE
    ../../dflt.s                             0x00000000   Number         0  dflt_clz.o ABSOLUTE
    ../../dleqf.s                            0x00000000   Number         0  dleqf.o ABSOLUTE
    ../../dmul.s                             0x00000000   Number         0  dmul.o ABSOLUTE
    ../../dnaninf.s                          0x00000000   Number         0  dnaninf.o ABSOLUTE
    ../../dretinf.s                          0x00000000   Number         0  dretinf.o ABSOLUTE
    ../../drleqf.s                           0x00000000   Number         0  drleqf.o ABSOLUTE
    ../../dsqrt.s                            0x00000000   Number         0  dsqrt_noumaal.o ABSOLUTE
    ../../f2d.s                              0x00000000   Number         0  f2d.o ABSOLUTE
    ../../faddsub.s                          0x00000000   Number         0  faddsub_clz.o ABSOLUTE
    ../../fdiv.s                             0x00000000   Number         0  fdiv.o ABSOLUTE
    ../../fenv.c                             0x00000000   Number         0  _rserrno.o ABSOLUTE
    ../../ffix.s                             0x00000000   Number         0  ffix.o ABSOLUTE
    ../../ffixu.s                            0x00000000   Number         0  ffixu.o ABSOLUTE
    ../../fflt.s                             0x00000000   Number         0  fflt_clz.o ABSOLUTE
    ../../fmul.s                             0x00000000   Number         0  fmul.o ABSOLUTE
    ../../fnaninf.s                          0x00000000   Number         0  fnaninf.o ABSOLUTE
    ../../fpinit.s                           0x00000000   Number         0  fpinit.o ABSOLUTE
    ../../fretinf.s                          0x00000000   Number         0  fretinf.o ABSOLUTE
    ../../heapalloc.c                        0x00000000   Number         0  hrguard.o ABSOLUTE
    ../../heapaux.c                          0x00000000   Number         0  heapauxi.o ABSOLUTE
    ../../libinit.s                          0x00000000   Number         0  libinit.o ABSOLUTE
    ../../libinit.s                          0x00000000   Number         0  libshutdown2.o ABSOLUTE
    ../../libinit.s                          0x00000000   Number         0  libinit2.o ABSOLUTE
    ../../libinit.s                          0x00000000   Number         0  libshutdown.o ABSOLUTE
    ../../printf.c                           0x00000000   Number         0  __printf_flags_ss.o ABSOLUTE
    ../../printf.c                           0x00000000   Number         0  __printf_wp.o ABSOLUTE
    ../../printf.c                           0x00000000   Number         0  __printf_flags_wp.o ABSOLUTE
    ../../printf.c                           0x00000000   Number         0  __printf_ss_wp.o ABSOLUTE
    ../../printf.c                           0x00000000   Number         0  __printf_flags_ss_wp.o ABSOLUTE
    ../../printf.c                           0x00000000   Number         0  _printf_char_common.o ABSOLUTE
    ../../printf.c                           0x00000000   Number         0  _printf_char_file.o ABSOLUTE
    ../../printf.c                           0x00000000   Number         0  _printf_intcommon.o ABSOLUTE
    ../../printf.c                           0x00000000   Number         0  _printf_hex_int.o ABSOLUTE
    ../../printf.c                           0x00000000   Number         0  __2printf.o ABSOLUTE
    ../../printf.c                           0x00000000   Number         0  noretval__2printf.o ABSOLUTE
    ../../printf.c                           0x00000000   Number         0  __printf.o ABSOLUTE
    ../../printf.c                           0x00000000   Number         0  _printf_hex_ll.o ABSOLUTE
    ../../printf.c                           0x00000000   Number         0  __printf_nopercent.o ABSOLUTE
    ../../printf.c                           0x00000000   Number         0  _printf_hex_int_ll.o ABSOLUTE
    ../../printf.c                           0x00000000   Number         0  _printf_hex_ptr.o ABSOLUTE
    ../../printf.c                           0x00000000   Number         0  _printf_hex_int_ptr.o ABSOLUTE
    ../../printf.c                           0x00000000   Number         0  _printf_hex_ll_ptr.o ABSOLUTE
    ../../printf.c                           0x00000000   Number         0  _printf_hex_int_ll_ptr.o ABSOLUTE
    ../../printf.c                           0x00000000   Number         0  __printf_flags.o ABSOLUTE
    ../../printf.c                           0x00000000   Number         0  __printf_ss.o ABSOLUTE
    ../../printf_percent.s                   0x00000000   Number         0  _printf_x.o ABSOLUTE
    ../../printf_percent.s                   0x00000000   Number         0  _printf_percent.o ABSOLUTE
    ../../printf_percent.s                   0x00000000   Number         0  _printf_percent_end.o ABSOLUTE
    ../../signal.c                           0x00000000   Number         0  defsig_rtmem_outer.o ABSOLUTE
    ../../signal.c                           0x00000000   Number         0  defsig_fpe_inner.o ABSOLUTE
    ../../signal.c                           0x00000000   Number         0  defsig_general.o ABSOLUTE
    ../../signal.c                           0x00000000   Number         0  __raise.o ABSOLUTE
    ../../signal.c                           0x00000000   Number         0  defsig_exit.o ABSOLUTE
    ../../signal.c                           0x00000000   Number         0  defsig_rtmem_inner.o ABSOLUTE
    ../../signal.c                           0x00000000   Number         0  defsig_stak_inner.o ABSOLUTE
    ../../signal.c                           0x00000000   Number         0  defsig_rtmem_formal.o ABSOLUTE
    ../../signal.c                           0x00000000   Number         0  defsig_abrt_inner.o ABSOLUTE
    ../../signal.c                           0x00000000   Number         0  defsig_rtred_inner.o ABSOLUTE
    ../../signal.c                           0x00000000   Number         0  defsig_pvfn_inner.o ABSOLUTE
    ../../signal.c                           0x00000000   Number         0  defsig_cppl_inner.o ABSOLUTE
    ../../signal.c                           0x00000000   Number         0  defsig_other.o ABSOLUTE
    ../../signal.c                           0x00000000   Number         0  defsig_segv_inner.o ABSOLUTE
    ../../signal.s                           0x00000000   Number         0  defsig.o ABSOLUTE
    ../../sqrt.c                             0x00000000   Number         0  sqrt_x.o ABSOLUTE
    ../../sqrt.c                             0x00000000   Number         0  sqrt.o ABSOLUTE
    ../../stdio.c                            0x00000000   Number         0  ferror.o ABSOLUTE
    ../../stdio.c                            0x00000000   Number         0  ferror_locked.o ABSOLUTE
    ../../stdlib.c                           0x00000000   Number         0  exit.o ABSOLUTE
    ../../usenofp.s                          0x00000000   Number         0  usenofp.o ABSOLUTE
    ..\CORE\core_cm3.c                       0x00000000   Number         0  core_cm3.o ABSOLUTE
    ..\CORE\startup_stm32f10x_hd.s           0x00000000   Number         0  startup_stm32f10x_hd.o ABSOLUTE
    ..\HARDWARE\24CXX\24cxx.c                0x00000000   Number         0  24cxx.o ABSOLUTE
    ..\HARDWARE\IIC\myiic.c                  0x00000000   Number         0  myiic.o ABSOLUTE
    ..\HARDWARE\KEY\key.c                    0x00000000   Number         0  key.o ABSOLUTE
    ..\HARDWARE\LCD\lcd.c                    0x00000000   Number         0  lcd.o ABSOLUTE
    ..\HARDWARE\LED\led.c                    0x00000000   Number         0  led.o ABSOLUTE
    ..\HARDWARE\TOUCH\ctiic.c                0x00000000   Number         0  ctiic.o ABSOLUTE
    ..\HARDWARE\TOUCH\ott2001a.c             0x00000000   Number         0  ott2001a.o ABSOLUTE
    ..\HARDWARE\TOUCH\touch.c                0x00000000   Number         0  touch.o ABSOLUTE
    ..\STM32F10x_FWLib\src\misc.c            0x00000000   Number         0  misc.o ABSOLUTE
    ..\STM32F10x_FWLib\src\stm32f10x_gpio.c  0x00000000   Number         0  stm32f10x_gpio.o ABSOLUTE
    ..\STM32F10x_FWLib\src\stm32f10x_rcc.c   0x00000000   Number         0  stm32f10x_rcc.o ABSOLUTE
    ..\STM32F10x_FWLib\src\stm32f10x_usart.c 0x00000000   Number         0  stm32f10x_usart.o ABSOLUTE
    ..\SYSTEM\delay\delay.c                  0x00000000   Number         0  delay.o ABSOLUTE
    ..\SYSTEM\sys\sys.c                      0x00000000   Number         0  sys.o ABSOLUTE
    ..\SYSTEM\usart\usart.c                  0x00000000   Number         0  usart.o ABSOLUTE
    ..\\CORE\\core_cm3.c                     0x00000000   Number         0  core_cm3.o ABSOLUTE
    dc.s                                     0x00000000   Number         0  dc.o ABSOLUTE
    main.c                                   0x00000000   Number         0  main.o ABSOLUTE
    stm32f10x_it.c                           0x00000000   Number         0  stm32f10x_it.o ABSOLUTE
    system_stm32f10x.c                       0x00000000   Number         0  system_stm32f10x.o ABSOLUTE
    RESET                                    0x08005000   Section      304  startup_stm32f10x_hd.o(RESET)
    !!!main                                  0x08005130   Section        8  __main.o(!!!main)
    !!!scatter                               0x08005138   Section       52  __scatter.o(!!!scatter)
    !!handler_copy                           0x0800516c   Section       26  __scatter_copy.o(!!handler_copy)
    !!handler_zi                             0x08005188   Section       28  __scatter_zi.o(!!handler_zi)
    .ARM.Collect$$_printf_percent$$00000000  0x080051a4   Section        0  _printf_percent.o(.ARM.Collect$$_printf_percent$$00000000)
    .ARM.Collect$$_printf_percent$$0000000C  0x080051a4   Section        6  _printf_x.o(.ARM.Collect$$_printf_percent$$0000000C)
    .ARM.Collect$$_printf_percent$$00000017  0x080051aa   Section        4  _printf_percent_end.o(.ARM.Collect$$_printf_percent$$00000017)
    .ARM.Collect$$libinit$$00000000          0x080051ae   Section        6  libinit.o(.ARM.Collect$$libinit$$00000000)
    .ARM.Collect$$libinit$$00000006          0x080051b4   Section        0  libinit2.o(.ARM.Collect$$libinit$$00000006)
    .ARM.Collect$$libinit$$00000008          0x080051b4   Section        0  libinit2.o(.ARM.Collect$$libinit$$00000008)
    .ARM.Collect$$libinit$$0000000A          0x080051b4   Section        0  libinit2.o(.ARM.Collect$$libinit$$0000000A)
    .ARM.Collect$$libinit$$0000000D          0x080051b4   Section        0  libinit2.o(.ARM.Collect$$libinit$$0000000D)
    .ARM.Collect$$libinit$$0000000F          0x080051b4   Section        0  libinit2.o(.ARM.Collect$$libinit$$0000000F)
    .ARM.Collect$$libinit$$00000011          0x080051b4   Section        0  libinit2.o(.ARM.Collect$$libinit$$00000011)
    .ARM.Collect$$libinit$$00000013          0x080051b4   Section        0  libinit2.o(.ARM.Collect$$libinit$$00000013)
    .ARM.Collect$$libinit$$00000015          0x080051b4   Section        0  libinit2.o(.ARM.Collect$$libinit$$00000015)
    .ARM.Collect$$libinit$$00000017          0x080051b4   Section        0  libinit2.o(.ARM.Collect$$libinit$$00000017)
    .ARM.Collect$$libinit$$00000019          0x080051b4   Section        0  libinit2.o(.ARM.Collect$$libinit$$00000019)
    .ARM.Collect$$libinit$$0000001B          0x080051b4   Section        0  libinit2.o(.ARM.Collect$$libinit$$0000001B)
    .ARM.Collect$$libinit$$0000001D          0x080051b4   Section        0  libinit2.o(.ARM.Collect$$libinit$$0000001D)
    .ARM.Collect$$libinit$$0000001F          0x080051b4   Section        0  libinit2.o(.ARM.Collect$$libinit$$0000001F)
    .ARM.Collect$$libinit$$00000021          0x080051b4   Section        0  libinit2.o(.ARM.Collect$$libinit$$00000021)
    .ARM.Collect$$libinit$$00000028          0x080051b4   Section        0  libinit2.o(.ARM.Collect$$libinit$$00000028)
    .ARM.Collect$$libinit$$0000002A          0x080051b4   Section        0  libinit2.o(.ARM.Collect$$libinit$$0000002A)
    .ARM.Collect$$libinit$$0000002C          0x080051b4   Section        0  libinit2.o(.ARM.Collect$$libinit$$0000002C)
    .ARM.Collect$$libinit$$0000002E          0x080051b4   Section        0  libinit2.o(.ARM.Collect$$libinit$$0000002E)
    .ARM.Collect$$libinit$$0000002F          0x080051b4   Section        2  libinit2.o(.ARM.Collect$$libinit$$0000002F)
    .ARM.Collect$$libshutdown$$00000000      0x080051b6   Section        2  libshutdown.o(.ARM.Collect$$libshutdown$$00000000)
    .ARM.Collect$$libshutdown$$00000003      0x080051b8   Section        0  libshutdown2.o(.ARM.Collect$$libshutdown$$00000003)
    .ARM.Collect$$libshutdown$$00000006      0x080051b8   Section        0  libshutdown2.o(.ARM.Collect$$libshutdown$$00000006)
    .ARM.Collect$$libshutdown$$00000009      0x080051b8   Section        0  libshutdown2.o(.ARM.Collect$$libshutdown$$00000009)
    .ARM.Collect$$libshutdown$$0000000B      0x080051b8   Section        0  libshutdown2.o(.ARM.Collect$$libshutdown$$0000000B)
    .ARM.Collect$$libshutdown$$0000000E      0x080051b8   Section        0  libshutdown2.o(.ARM.Collect$$libshutdown$$0000000E)
    .ARM.Collect$$libshutdown$$0000000F      0x080051b8   Section        2  libshutdown2.o(.ARM.Collect$$libshutdown$$0000000F)
    .ARM.Collect$$rtentry$$00000000          0x080051ba   Section        0  rtentry.o(.ARM.Collect$$rtentry$$00000000)
    .ARM.Collect$$rtentry$$00000002          0x080051ba   Section        0  rtentry2.o(.ARM.Collect$$rtentry$$00000002)
    .ARM.Collect$$rtentry$$00000004          0x080051ba   Section        6  rtentry4.o(.ARM.Collect$$rtentry$$00000004)
    .ARM.Collect$$rtentry$$00000009          0x080051c0   Section        0  rtentry2.o(.ARM.Collect$$rtentry$$00000009)
    .ARM.Collect$$rtentry$$0000000A          0x080051c0   Section        4  rtentry2.o(.ARM.Collect$$rtentry$$0000000A)
    .ARM.Collect$$rtentry$$0000000C          0x080051c4   Section        0  rtentry2.o(.ARM.Collect$$rtentry$$0000000C)
    .ARM.Collect$$rtentry$$0000000D          0x080051c4   Section        8  rtentry2.o(.ARM.Collect$$rtentry$$0000000D)
    .ARM.Collect$$rtexit$$00000000           0x080051cc   Section        2  rtexit.o(.ARM.Collect$$rtexit$$00000000)
    .ARM.Collect$$rtexit$$00000002           0x080051ce   Section        0  rtexit2.o(.ARM.Collect$$rtexit$$00000002)
    .ARM.Collect$$rtexit$$00000003           0x080051ce   Section        4  rtexit2.o(.ARM.Collect$$rtexit$$00000003)
    .ARM.Collect$$rtexit$$00000004           0x080051d2   Section        6  rtexit2.o(.ARM.Collect$$rtexit$$00000004)
    .text                                    0x080051d8   Section        0  main.o(.text)
    .text                                    0x080056ac   Section        0  stm32f10x_it.o(.text)
    .text                                    0x080056c8   Section        0  system_stm32f10x.o(.text)
    SetSysClockTo72                          0x080056c9   Thumb Code   192  system_stm32f10x.o(.text)
    SetSysClock                              0x08005789   Thumb Code     8  system_stm32f10x.o(.text)
    .text                                    0x08005890   Section        0  led.o(.text)
    .text                                    0x080058e0   Section        0  lcd.o(.text)
    .text                                    0x0800b188   Section        0  key.o(.text)
    .text                                    0x0800b284   Section        0  myiic.o(.text)
    .text                                    0x0800b4f8   Section        0  24cxx.o(.text)
    .text                                    0x0800b674   Section        0  ctiic.o(.text)
    .text                                    0x0800b8d0   Section        0  ott2001a.o(.text)
    .text                                    0x0800bc2c   Section        0  touch.o(.text)
    .text                                    0x0800c82c   Section        0  delay.o(.text)
    .text                                    0x0800c8f0   Section        0  sys.o(.text)
    .text                                    0x0800c8fc   Section        0  usart.o(.text)
    .text                                    0x0800ca44   Section       64  startup_stm32f10x_hd.o(.text)
    .text                                    0x0800ca84   Section        0  stm32f10x_gpio.o(.text)
    .text                                    0x0800cddc   Section        0  stm32f10x_rcc.o(.text)
    .text                                    0x0800d180   Section        0  stm32f10x_usart.o(.text)
    .text                                    0x0800d58c   Section        0  misc.o(.text)
    .text                                    0x0800d684   Section        2  use_no_semi_2.o(.text)
    .text                                    0x0800d688   Section        0  noretval__2printf.o(.text)
    .text                                    0x0800d6a0   Section        0  __printf.o(.text)
    .text                                    0x0800d70c   Section        0  _printf_hex_int.o(.text)
    .text                                    0x0800d768   Section        0  heapauxi.o(.text)
    .text                                    0x0800d76e   Section        2  use_no_semi.o(.text)
    .text                                    0x0800d770   Section        0  _rserrno.o(.text)
    .text                                    0x0800d786   Section        0  _printf_intcommon.o(.text)
    .text                                    0x0800d83c   Section        0  _printf_char_file.o(.text)
    .text                                    0x0800d860   Section        8  rt_errno_addr_intlibspace.o(.text)
    .text                                    0x0800d868   Section        0  _printf_char_common.o(.text)
    _printf_input_char                       0x0800d869   Thumb Code    10  _printf_char_common.o(.text)
    .text                                    0x0800d898   Section        0  ferror.o(.text)
    .text                                    0x0800d8a0   Section        8  libspace.o(.text)
    .text                                    0x0800d8a8   Section       74  sys_stackheap_outer.o(.text)
    .text                                    0x0800d8f2   Section        0  exit.o(.text)
    .text                                    0x0800d900   Section        8  rt_fp_status_addr_intlibspace.o(.text)
    i.sqrt                                   0x0800d908   Section        0  sqrt.o(i.sqrt)
    x$fpl$dadd                               0x0800d954   Section      336  daddsub_clz.o(x$fpl$dadd)
    _dadd1                                   0x0800d965   Thumb Code     0  daddsub_clz.o(x$fpl$dadd)
    x$fpl$dcmpinf                            0x0800daa4   Section       24  dcmpi.o(x$fpl$dcmpinf)
    x$fpl$dfixu                              0x0800dabc   Section       90  dfixu.o(x$fpl$dfixu)
    x$fpl$dflt                               0x0800db16   Section       46  dflt_clz.o(x$fpl$dflt)
    x$fpl$dfltu                              0x0800db44   Section       38  dflt_clz.o(x$fpl$dfltu)
    x$fpl$dleqf                              0x0800db6c   Section      120  dleqf.o(x$fpl$dleqf)
    x$fpl$dmul                               0x0800dbe4   Section      340  dmul.o(x$fpl$dmul)
    x$fpl$dnaninf                            0x0800dd38   Section      156  dnaninf.o(x$fpl$dnaninf)
    x$fpl$dretinf                            0x0800ddd4   Section       12  dretinf.o(x$fpl$dretinf)
    x$fpl$drleqf                             0x0800dde0   Section      108  drleqf.o(x$fpl$drleqf)
    x$fpl$drsb                               0x0800de4c   Section       22  daddsub_clz.o(x$fpl$drsb)
    x$fpl$dsqrt                              0x0800de64   Section      460  dsqrt_noumaal.o(x$fpl$dsqrt)
    x$fpl$dsub                               0x0800e030   Section      468  daddsub_clz.o(x$fpl$dsub)
    _dsub1                                   0x0800e041   Thumb Code     0  daddsub_clz.o(x$fpl$dsub)
    x$fpl$f2d                                0x0800e204   Section       86  f2d.o(x$fpl$f2d)
    x$fpl$fadd                               0x0800e25c   Section      196  faddsub_clz.o(x$fpl$fadd)
    _fadd1                                   0x0800e26b   Thumb Code     0  faddsub_clz.o(x$fpl$fadd)
    x$fpl$fdiv                               0x0800e320   Section      388  fdiv.o(x$fpl$fdiv)
    _fdiv1                                   0x0800e321   Thumb Code     0  fdiv.o(x$fpl$fdiv)
    x$fpl$ffix                               0x0800e4a4   Section       54  ffix.o(x$fpl$ffix)
    x$fpl$ffixu                              0x0800e4dc   Section       62  ffixu.o(x$fpl$ffixu)
    x$fpl$fflt                               0x0800e51c   Section       48  fflt_clz.o(x$fpl$fflt)
    x$fpl$ffltu                              0x0800e54c   Section       38  fflt_clz.o(x$fpl$ffltu)
    x$fpl$fmul                               0x0800e574   Section      258  fmul.o(x$fpl$fmul)
    x$fpl$fnaninf                            0x0800e676   Section      140  fnaninf.o(x$fpl$fnaninf)
    x$fpl$fpinit                             0x0800e702   Section       14  fpinit.o(x$fpl$fpinit)
    x$fpl$fretinf                            0x0800e710   Section       10  fretinf.o(x$fpl$fretinf)
    x$fpl$fsub                               0x0800e71c   Section      234  faddsub_clz.o(x$fpl$fsub)
    _fsub1                                   0x0800e72b   Thumb Code     0  faddsub_clz.o(x$fpl$fsub)
    .constdata                               0x0800e806   Section       10  main.o(.constdata)
    x$fpl$usenofp                            0x0800e806   Section        0  usenofp.o(x$fpl$usenofp)
    .constdata                               0x0800e810   Section     6080  lcd.o(.constdata)
    .constdata                               0x0800ffd0   Section       10  ott2001a.o(.constdata)
    .constdata                               0x0800ffda   Section       12  touch.o(.constdata)
    .constdata                               0x0800ffe6   Section       40  _printf_hex_int.o(.constdata)
    uc_hextab                                0x0800ffe6   Data          20  _printf_hex_int.o(.constdata)
    lc_hextab                                0x0800fffa   Data          20  _printf_hex_int.o(.constdata)
    .conststring                             0x0801000e   Section      121  touch.o(.conststring)
    .data                                    0x20000000   Section       20  system_stm32f10x.o(.data)
    .data                                    0x20000014   Section        4  lcd.o(.data)
    .data                                    0x20000018   Section        1  key.o(.data)
    key_up                                   0x20000018   Data           1  key.o(.data)
    .data                                    0x20000019   Section        1  ott2001a.o(.data)
    t                                        0x20000019   Data           1  ott2001a.o(.data)
    .data                                    0x2000001c   Section       60  touch.o(.data)
    .data                                    0x20000058   Section        4  delay.o(.data)
    fac_us                                   0x20000058   Data           1  delay.o(.data)
    fac_ms                                   0x2000005a   Data           2  delay.o(.data)
    .data                                    0x2000005c   Section        8  usart.o(.data)
    .data                                    0x20000064   Section       20  stm32f10x_rcc.o(.data)
    APBAHBPrescTable                         0x20000064   Data          16  stm32f10x_rcc.o(.data)
    ADCPrescTable                            0x20000074   Data           4  stm32f10x_rcc.o(.data)
    .bss                                     0x20000078   Section       14  lcd.o(.bss)
    .bss                                     0x20000086   Section      200  usart.o(.bss)
    .bss                                     0x20000150   Section       96  libspace.o(.bss)
    HEAP                                     0x200001b0   Section      512  startup_stm32f10x_hd.o(HEAP)
    Heap_Mem                                 0x200001b0   Data         512  startup_stm32f10x_hd.o(HEAP)
    STACK                                    0x200003b0   Section     1024  startup_stm32f10x_hd.o(STACK)
    Stack_Mem                                0x200003b0   Data        1024  startup_stm32f10x_hd.o(STACK)
    __initial_sp                             0x200007b0   Data           0  startup_stm32f10x_hd.o(STACK)

    Global Symbols

    Symbol Name                              Value     Ov Type        Size  Object(Section)

    BuildAttributes$$THM_ISAv4$P$D$K$B$S$PE$A:L22UL41UL21$X:L11$S22US41US21$IEEE1$IW$USESV6$~STKCKD$USESV7$~SHL$OTIME$ROPI$IEEEJ$EBA8$UX$STANDARDLIB$REQ8$PRES8$EABIv2 0x00000000   Number         0  anon$$obj.o ABSOLUTE
    __ARM_use_no_argv                        0x00000000   Number         0  main.o ABSOLUTE
    __ARM_exceptions_init                     - Undefined Weak Reference
    __alloca_initialize                       - Undefined Weak Reference
    __cpp_initialize__aeabi_                  - Undefined Weak Reference
    __cxa_finalize                            - Undefined Weak Reference
    __rt_locale                               - Undefined Weak Reference
    __sigvec_lookup                           - Undefined Weak Reference
    _atexit_init                              - Undefined Weak Reference
    _call_atexit_fns                          - Undefined Weak Reference
    _clock_init                               - Undefined Weak Reference
    _fp_trap_init                             - Undefined Weak Reference
    _fp_trap_shutdown                         - Undefined Weak Reference
    _get_lc_collate                           - Undefined Weak Reference
    _get_lc_ctype                             - Undefined Weak Reference
    _get_lc_monetary                          - Undefined Weak Reference
    _get_lc_numeric                           - Undefined Weak Reference
    _get_lc_time                              - Undefined Weak Reference
    _getenv_init                              - Undefined Weak Reference
    _handle_redirection                       - Undefined Weak Reference
    _init_alloc                               - Undefined Weak Reference
    _init_user_alloc                          - Undefined Weak Reference
    _initio                                   - Undefined Weak Reference
    _mutex_acquire                            - Undefined Weak Reference
    _mutex_release                            - Undefined Weak Reference
    _printf_post_padding                      - Undefined Weak Reference
    _printf_pre_padding                       - Undefined Weak Reference
    _printf_truncate_unsigned                 - Undefined Weak Reference
    _rand_init                                - Undefined Weak Reference
    _signal_finish                            - Undefined Weak Reference
    _signal_init                              - Undefined Weak Reference
    _terminate_alloc                          - Undefined Weak Reference
    _terminate_user_alloc                     - Undefined Weak Reference
    _terminateio                              - Undefined Weak Reference
    __Vectors_Size                           0x00000130   Number         0  startup_stm32f10x_hd.o ABSOLUTE
    __Vectors                                0x08005000   Data           4  startup_stm32f10x_hd.o(RESET)
    __Vectors_End                            0x08005130   Data           0  startup_stm32f10x_hd.o(RESET)
    __main                                   0x08005131   Thumb Code     8  __main.o(!!!main)
    __scatterload                            0x08005139   Thumb Code     0  __scatter.o(!!!scatter)
    __scatterload_rt2                        0x08005139   Thumb Code    44  __scatter.o(!!!scatter)
    __scatterload_rt2_thumb_only             0x08005139   Thumb Code     0  __scatter.o(!!!scatter)
    __scatterload_null                       0x08005147   Thumb Code     0  __scatter.o(!!!scatter)
    __scatterload_copy                       0x0800516d   Thumb Code    26  __scatter_copy.o(!!handler_copy)
    __scatterload_zeroinit                   0x08005189   Thumb Code    28  __scatter_zi.o(!!handler_zi)
    _printf_percent                          0x080051a5   Thumb Code     0  _printf_percent.o(.ARM.Collect$$_printf_percent$$00000000)
    _printf_x                                0x080051a5   Thumb Code     0  _printf_x.o(.ARM.Collect$$_printf_percent$$0000000C)
    _printf_percent_end                      0x080051ab   Thumb Code     0  _printf_percent_end.o(.ARM.Collect$$_printf_percent$$00000017)
    __rt_lib_init                            0x080051af   Thumb Code     0  libinit.o(.ARM.Collect$$libinit$$00000000)
    __rt_lib_init_alloca_1                   0x080051b5   Thumb Code     0  libinit2.o(.ARM.Collect$$libinit$$0000002A)
    __rt_lib_init_argv_1                     0x080051b5   Thumb Code     0  libinit2.o(.ARM.Collect$$libinit$$00000028)
    __rt_lib_init_atexit_1                   0x080051b5   Thumb Code     0  libinit2.o(.ARM.Collect$$libinit$$00000017)
    __rt_lib_init_clock_1                    0x080051b5   Thumb Code     0  libinit2.o(.ARM.Collect$$libinit$$0000001D)
    __rt_lib_init_cpp_1                      0x080051b5   Thumb Code     0  libinit2.o(.ARM.Collect$$libinit$$0000002E)
    __rt_lib_init_exceptions_1               0x080051b5   Thumb Code     0  libinit2.o(.ARM.Collect$$libinit$$0000002C)
    __rt_lib_init_fp_trap_1                  0x080051b5   Thumb Code     0  libinit2.o(.ARM.Collect$$libinit$$0000001B)
    __rt_lib_init_getenv_1                   0x080051b5   Thumb Code     0  libinit2.o(.ARM.Collect$$libinit$$0000001F)
    __rt_lib_init_heap_1                     0x080051b5   Thumb Code     0  libinit2.o(.ARM.Collect$$libinit$$00000006)
    __rt_lib_init_lc_collate_1               0x080051b5   Thumb Code     0  libinit2.o(.ARM.Collect$$libinit$$0000000D)
    __rt_lib_init_lc_ctype_1                 0x080051b5   Thumb Code     0  libinit2.o(.ARM.Collect$$libinit$$0000000F)
    __rt_lib_init_lc_monetary_1              0x080051b5   Thumb Code     0  libinit2.o(.ARM.Collect$$libinit$$00000011)
    __rt_lib_init_lc_numeric_1               0x080051b5   Thumb Code     0  libinit2.o(.ARM.Collect$$libinit$$00000013)
    __rt_lib_init_lc_time_1                  0x080051b5   Thumb Code     0  libinit2.o(.ARM.Collect$$libinit$$00000015)
    __rt_lib_init_rand_1                     0x080051b5   Thumb Code     0  libinit2.o(.ARM.Collect$$libinit$$0000000A)
    __rt_lib_init_return                     0x080051b5   Thumb Code     0  libinit2.o(.ARM.Collect$$libinit$$0000002F)
    __rt_lib_init_signal_1                   0x080051b5   Thumb Code     0  libinit2.o(.ARM.Collect$$libinit$$00000019)
    __rt_lib_init_stdio_1                    0x080051b5   Thumb Code     0  libinit2.o(.ARM.Collect$$libinit$$00000021)
    __rt_lib_init_user_alloc_1               0x080051b5   Thumb Code     0  libinit2.o(.ARM.Collect$$libinit$$00000008)
    __rt_lib_shutdown                        0x080051b7   Thumb Code     0  libshutdown.o(.ARM.Collect$$libshutdown$$00000000)
    __rt_lib_shutdown_fp_trap_1              0x080051b9   Thumb Code     0  libshutdown2.o(.ARM.Collect$$libshutdown$$00000006)
    __rt_lib_shutdown_heap_1                 0x080051b9   Thumb Code     0  libshutdown2.o(.ARM.Collect$$libshutdown$$0000000E)
    __rt_lib_shutdown_return                 0x080051b9   Thumb Code     0  libshutdown2.o(.ARM.Collect$$libshutdown$$0000000F)
    __rt_lib_shutdown_signal_1               0x080051b9   Thumb Code     0  libshutdown2.o(.ARM.Collect$$libshutdown$$00000009)
    __rt_lib_shutdown_stdio_1                0x080051b9   Thumb Code     0  libshutdown2.o(.ARM.Collect$$libshutdown$$00000003)
    __rt_lib_shutdown_user_alloc_1           0x080051b9   Thumb Code     0  libshutdown2.o(.ARM.Collect$$libshutdown$$0000000B)
    __rt_entry                               0x080051bb   Thumb Code     0  rtentry.o(.ARM.Collect$$rtentry$$00000000)
    __rt_entry_presh_1                       0x080051bb   Thumb Code     0  rtentry2.o(.ARM.Collect$$rtentry$$00000002)
    __rt_entry_sh                            0x080051bb   Thumb Code     0  rtentry4.o(.ARM.Collect$$rtentry$$00000004)
    __rt_entry_li                            0x080051c1   Thumb Code     0  rtentry2.o(.ARM.Collect$$rtentry$$0000000A)
    __rt_entry_postsh_1                      0x080051c1   Thumb Code     0  rtentry2.o(.ARM.Collect$$rtentry$$00000009)
    __rt_entry_main                          0x080051c5   Thumb Code     0  rtentry2.o(.ARM.Collect$$rtentry$$0000000D)
    __rt_entry_postli_1                      0x080051c5   Thumb Code     0  rtentry2.o(.ARM.Collect$$rtentry$$0000000C)
    __rt_exit                                0x080051cd   Thumb Code     0  rtexit.o(.ARM.Collect$$rtexit$$00000000)
    __rt_exit_ls                             0x080051cf   Thumb Code     0  rtexit2.o(.ARM.Collect$$rtexit$$00000003)
    __rt_exit_prels_1                        0x080051cf   Thumb Code     0  rtexit2.o(.ARM.Collect$$rtexit$$00000002)
    __rt_exit_exit                           0x080051d3   Thumb Code     0  rtexit2.o(.ARM.Collect$$rtexit$$00000004)
    Load_Drow_Dialog                         0x080051d9   Thumb Code    52  main.o(.text)
    gui_draw_hline                           0x0800520d   Thumb Code    36  main.o(.text)
    gui_fill_circle                          0x08005231   Thumb Code   176  main.o(.text)
    my_abs                                   0x080052e1   Thumb Code    18  main.o(.text)
    lcd_draw_bline                           0x080052f3   Thumb Code   210  main.o(.text)
    rtp_test                                 0x080053c5   Thumb Code   164  main.o(.text)
    ctp_test                                 0x08005469   Thumb Code   274  main.o(.text)
    main                                     0x0800557b   Thumb Code   264  main.o(.text)
    NMI_Handler                              0x080056ad   Thumb Code     2  stm32f10x_it.o(.text)
    HardFault_Handler                        0x080056af   Thumb Code     4  stm32f10x_it.o(.text)
    MemManage_Handler                        0x080056b3   Thumb Code     4  stm32f10x_it.o(.text)
    BusFault_Handler                         0x080056b7   Thumb Code     4  stm32f10x_it.o(.text)
    UsageFault_Handler                       0x080056bb   Thumb Code     4  stm32f10x_it.o(.text)
    SVC_Handler                              0x080056bf   Thumb Code     2  stm32f10x_it.o(.text)
    DebugMon_Handler                         0x080056c1   Thumb Code     2  stm32f10x_it.o(.text)
    PendSV_Handler                           0x080056c3   Thumb Code     2  stm32f10x_it.o(.text)
    SysTick_Handler                          0x080056c5   Thumb Code     2  stm32f10x_it.o(.text)
    SystemInit                               0x08005791   Thumb Code    78  system_stm32f10x.o(.text)
    SystemCoreClockUpdate                    0x080057df   Thumb Code   142  system_stm32f10x.o(.text)
    LED_Init                                 0x08005891   Thumb Code    72  led.o(.text)
    LCD_WR_REG                               0x080058e1   Thumb Code    60  lcd.o(.text)
    LCD_WR_DATAX                             0x0800591d   Thumb Code    60  lcd.o(.text)
    LCD_RD_DATA                              0x08005959   Thumb Code   122  lcd.o(.text)
    LCD_WriteReg                             0x080059d3   Thumb Code    68  lcd.o(.text)
    LCD_ReadReg                              0x08005a17   Thumb Code    16  lcd.o(.text)
    LCD_WriteRAM_Prepare                     0x08005a27   Thumb Code    12  lcd.o(.text)
    LCD_WriteRAM                             0x08005a33   Thumb Code    60  lcd.o(.text)
    LCD_BGR2RGB                              0x08005a6f   Thumb Code    26  lcd.o(.text)
    LCD_SetCursor                            0x08005a89   Thumb Code   868  lcd.o(.text)
    LCD_ReadPoint                            0x08005ded   Thumb Code   462  lcd.o(.text)
    LCD_DisplayOn                            0x08005fbb   Thumb Code    80  lcd.o(.text)
    LCD_DisplayOff                           0x0800600b   Thumb Code    78  lcd.o(.text)
    LCD_Scan_Dir                             0x08006059   Thumb Code  1520  lcd.o(.text)
    LCD_DrawPoint                            0x08006649   Thumb Code    76  lcd.o(.text)
    LCD_Fast_DrawPoint                       0x08006695   Thumb Code   978  lcd.o(.text)
    LCD_Display_Dir                          0x08006a67   Thumb Code   420  lcd.o(.text)
    LCD_Set_Window                           0x08006c0b   Thumb Code  1212  lcd.o(.text)
    LCD_Clear                                0x080070c7   Thumb Code   166  lcd.o(.text)
    LCD_Init                                 0x0800716d   Thumb Code 14850  lcd.o(.text)
    LCD_Fill                                 0x0800ab6f   Thumb Code   226  lcd.o(.text)
    LCD_Color_Fill                           0x0800ac51   Thumb Code   140  lcd.o(.text)
    LCD_DrawLine                             0x0800acdd   Thumb Code   176  lcd.o(.text)
    LCD_DrawRectangle                        0x0800ad8d   Thumb Code    80  lcd.o(.text)
    LCD_Draw_Circle                          0x0800addd   Thumb Code   176  lcd.o(.text)
    LCD_ShowChar                             0x0800ae8d   Thumb Code   268  lcd.o(.text)
    LCD_Pow                                  0x0800af99   Thumb Code    22  lcd.o(.text)
    LCD_ShowNum                              0x0800afaf   Thumb Code   152  lcd.o(.text)
    LCD_ShowxNum                             0x0800b047   Thumb Code   194  lcd.o(.text)
    LCD_ShowString                           0x0800b109   Thumb Code   102  lcd.o(.text)
    KEY_Init                                 0x0800b189   Thumb Code    82  key.o(.text)
    KEY_Scan                                 0x0800b1db   Thumb Code   154  key.o(.text)
    IIC_Init                                 0x0800b285   Thumb Code    52  myiic.o(.text)
    IIC_Start                                0x0800b2b9   Thumb Code    68  myiic.o(.text)
    IIC_Stop                                 0x0800b2fd   Thumb Code    66  myiic.o(.text)
    IIC_Wait_Ack                             0x0800b33f   Thumb Code    82  myiic.o(.text)
    IIC_Ack                                  0x0800b391   Thumb Code    72  myiic.o(.text)
    IIC_NAck                                 0x0800b3d9   Thumb Code    72  myiic.o(.text)
    IIC_Send_Byte                            0x0800b421   Thumb Code    96  myiic.o(.text)
    IIC_Read_Byte                            0x0800b481   Thumb Code    98  myiic.o(.text)
    AT24CXX_Init                             0x0800b4f9   Thumb Code     8  24cxx.o(.text)
    AT24CXX_ReadOneByte                      0x0800b501   Thumb Code    88  24cxx.o(.text)
    AT24CXX_WriteOneByte                     0x0800b559   Thumb Code    80  24cxx.o(.text)
    AT24CXX_WriteLenByte                     0x0800b5a9   Thumb Code    42  24cxx.o(.text)
    AT24CXX_ReadLenByte                      0x0800b5d3   Thumb Code    44  24cxx.o(.text)
    AT24CXX_Check                            0x0800b5ff   Thumb Code    46  24cxx.o(.text)
    AT24CXX_Read                             0x0800b62d   Thumb Code    34  24cxx.o(.text)
    AT24CXX_Write                            0x0800b64f   Thumb Code    36  24cxx.o(.text)
    CT_Delay                                 0x0800b675   Thumb Code    10  ctiic.o(.text)
    CT_IIC_Init                              0x0800b67f   Thumb Code    62  ctiic.o(.text)
    CT_IIC_Start                             0x0800b6bd   Thumb Code    60  ctiic.o(.text)
    CT_IIC_Stop                              0x0800b6f9   Thumb Code    60  ctiic.o(.text)
    CT_IIC_Wait_Ack                          0x0800b735   Thumb Code    82  ctiic.o(.text)
    CT_IIC_Ack                               0x0800b787   Thumb Code    64  ctiic.o(.text)
    CT_IIC_NAck                              0x0800b7c7   Thumb Code    64  ctiic.o(.text)
    CT_IIC_Send_Byte                         0x0800b807   Thumb Code    84  ctiic.o(.text)
    CT_IIC_Read_Byte                         0x0800b85b   Thumb Code    92  ctiic.o(.text)
    OTT2001A_WR_Reg                          0x0800b8d1   Thumb Code    92  ott2001a.o(.text)
    OTT2001A_RD_Reg                          0x0800b92d   Thumb Code    98  ott2001a.o(.text)
    OTT2001A_SensorControl                   0x0800b98f   Thumb Code    28  ott2001a.o(.text)
    OTT2001A_Init                            0x0800b9ab   Thumb Code   158  ott2001a.o(.text)
    CTP_Scan                                 0x0800ba49   Thumb Code   428  ott2001a.o(.text)
    TP_Write_Byte                            0x0800bc2d   Thumb Code    58  touch.o(.text)
    TP_Read_AD                               0x0800bc67   Thumb Code   120  touch.o(.text)
    TP_Read_XOY                              0x0800bcdf   Thumb Code   120  touch.o(.text)
    TP_Read_XY                               0x0800bd57   Thumb Code    38  touch.o(.text)
    TP_Read_XY2                              0x0800bd7d   Thumb Code   192  touch.o(.text)
    TP_Drow_Touch_Point                      0x0800be3d   Thumb Code   108  touch.o(.text)
    TP_Draw_Big_Point                        0x0800bea9   Thumb Code    54  touch.o(.text)
    TP_Scan                                  0x0800bedf   Thumb Code   262  touch.o(.text)
    TP_Save_Adjdata                          0x0800bfe5   Thumb Code   130  touch.o(.text)
    TP_Get_Adjdata                           0x0800c067   Thumb Code   120  touch.o(.text)
    TP_Adj_Info_Show                         0x0800c0df   Thumb Code   376  touch.o(.text)
    TP_Adjust                                0x0800c257   Thumb Code  1240  touch.o(.text)
    TP_Init                                  0x0800c72f   Thumb Code   170  touch.o(.text)
    delay_init                               0x0800c82d   Thumb Code    40  delay.o(.text)
    delay_us                                 0x0800c855   Thumb Code    70  delay.o(.text)
    delay_ms                                 0x0800c89b   Thumb Code    70  delay.o(.text)
    NVIC_Configuration                       0x0800c8f1   Thumb Code    12  sys.o(.text)
    _sys_exit                                0x0800c8fd   Thumb Code     6  usart.o(.text)
    fputc                                    0x0800c903   Thumb Code    20  usart.o(.text)
    uart_init                                0x0800c917   Thumb Code   158  usart.o(.text)
    USART1_IRQHandler                        0x0800c9b5   Thumb Code   122  usart.o(.text)
    Reset_Handler                            0x0800ca45   Thumb Code     8  startup_stm32f10x_hd.o(.text)
    ADC1_2_IRQHandler                        0x0800ca5f   Thumb Code     0  startup_stm32f10x_hd.o(.text)
    ADC3_IRQHandler                          0x0800ca5f   Thumb Code     0  startup_stm32f10x_hd.o(.text)
    CAN1_RX1_IRQHandler                      0x0800ca5f   Thumb Code     0  startup_stm32f10x_hd.o(.text)
    CAN1_SCE_IRQHandler                      0x0800ca5f   Thumb Code     0  startup_stm32f10x_hd.o(.text)
    DMA1_Channel1_IRQHandler                 0x0800ca5f   Thumb Code     0  startup_stm32f10x_hd.o(.text)
    DMA1_Channel2_IRQHandler                 0x0800ca5f   Thumb Code     0  startup_stm32f10x_hd.o(.text)
    DMA1_Channel3_IRQHandler                 0x0800ca5f   Thumb Code     0  startup_stm32f10x_hd.o(.text)
    DMA1_Channel4_IRQHandler                 0x0800ca5f   Thumb Code     0  startup_stm32f10x_hd.o(.text)
    DMA1_Channel5_IRQHandler                 0x0800ca5f   Thumb Code     0  startup_stm32f10x_hd.o(.text)
    DMA1_Channel6_IRQHandler                 0x0800ca5f   Thumb Code     0  startup_stm32f10x_hd.o(.text)
    DMA1_Channel7_IRQHandler                 0x0800ca5f   Thumb Code     0  startup_stm32f10x_hd.o(.text)
    DMA2_Channel1_IRQHandler                 0x0800ca5f   Thumb Code     0  startup_stm32f10x_hd.o(.text)
    DMA2_Channel2_IRQHandler                 0x0800ca5f   Thumb Code     0  startup_stm32f10x_hd.o(.text)
    DMA2_Channel3_IRQHandler                 0x0800ca5f   Thumb Code     0  startup_stm32f10x_hd.o(.text)
    DMA2_Channel4_5_IRQHandler               0x0800ca5f   Thumb Code     0  startup_stm32f10x_hd.o(.text)
    EXTI0_IRQHandler                         0x0800ca5f   Thumb Code     0  startup_stm32f10x_hd.o(.text)
    EXTI15_10_IRQHandler                     0x0800ca5f   Thumb Code     0  startup_stm32f10x_hd.o(.text)
    EXTI1_IRQHandler                         0x0800ca5f   Thumb Code     0  startup_stm32f10x_hd.o(.text)
    EXTI2_IRQHandler                         0x0800ca5f   Thumb Code     0  startup_stm32f10x_hd.o(.text)
    EXTI3_IRQHandler                         0x0800ca5f   Thumb Code     0  startup_stm32f10x_hd.o(.text)
    EXTI4_IRQHandler                         0x0800ca5f   Thumb Code     0  startup_stm32f10x_hd.o(.text)
    EXTI9_5_IRQHandler                       0x0800ca5f   Thumb Code     0  startup_stm32f10x_hd.o(.text)
    FLASH_IRQHandler                         0x0800ca5f   Thumb Code     0  startup_stm32f10x_hd.o(.text)
    FSMC_IRQHandler                          0x0800ca5f   Thumb Code     0  startup_stm32f10x_hd.o(.text)
    I2C1_ER_IRQHandler                       0x0800ca5f   Thumb Code     0  startup_stm32f10x_hd.o(.text)
    I2C1_EV_IRQHandler                       0x0800ca5f   Thumb Code     0  startup_stm32f10x_hd.o(.text)
    I2C2_ER_IRQHandler                       0x0800ca5f   Thumb Code     0  startup_stm32f10x_hd.o(.text)
    I2C2_EV_IRQHandler                       0x0800ca5f   Thumb Code     0  startup_stm32f10x_hd.o(.text)
    PVD_IRQHandler                           0x0800ca5f   Thumb Code     0  startup_stm32f10x_hd.o(.text)
    RCC_IRQHandler                           0x0800ca5f   Thumb Code     0  startup_stm32f10x_hd.o(.text)
    RTCAlarm_IRQHandler                      0x0800ca5f   Thumb Code     0  startup_stm32f10x_hd.o(.text)
    RTC_IRQHandler                           0x0800ca5f   Thumb Code     0  startup_stm32f10x_hd.o(.text)
    SDIO_IRQHandler                          0x0800ca5f   Thumb Code     0  startup_stm32f10x_hd.o(.text)
    SPI1_IRQHandler                          0x0800ca5f   Thumb Code     0  startup_stm32f10x_hd.o(.text)
    SPI2_IRQHandler                          0x0800ca5f   Thumb Code     0  startup_stm32f10x_hd.o(.text)
    SPI3_IRQHandler                          0x0800ca5f   Thumb Code     0  startup_stm32f10x_hd.o(.text)
    TAMPER_IRQHandler                        0x0800ca5f   Thumb Code     0  startup_stm32f10x_hd.o(.text)
    TIM1_BRK_IRQHandler                      0x0800ca5f   Thumb Code     0  startup_stm32f10x_hd.o(.text)
    TIM1_CC_IRQHandler                       0x0800ca5f   Thumb Code     0  startup_stm32f10x_hd.o(.text)
    TIM1_TRG_COM_IRQHandler                  0x0800ca5f   Thumb Code     0  startup_stm32f10x_hd.o(.text)
    TIM1_UP_IRQHandler                       0x0800ca5f   Thumb Code     0  startup_stm32f10x_hd.o(.text)
    TIM2_IRQHandler                          0x0800ca5f   Thumb Code     0  startup_stm32f10x_hd.o(.text)
    TIM3_IRQHandler                          0x0800ca5f   Thumb Code     0  startup_stm32f10x_hd.o(.text)
    TIM4_IRQHandler                          0x0800ca5f   Thumb Code     0  startup_stm32f10x_hd.o(.text)
    TIM5_IRQHandler                          0x0800ca5f   Thumb Code     0  startup_stm32f10x_hd.o(.text)
    TIM6_IRQHandler                          0x0800ca5f   Thumb Code     0  startup_stm32f10x_hd.o(.text)
    TIM7_IRQHandler                          0x0800ca5f   Thumb Code     0  startup_stm32f10x_hd.o(.text)
    TIM8_BRK_IRQHandler                      0x0800ca5f   Thumb Code     0  startup_stm32f10x_hd.o(.text)
    TIM8_CC_IRQHandler                       0x0800ca5f   Thumb Code     0  startup_stm32f10x_hd.o(.text)
    TIM8_TRG_COM_IRQHandler                  0x0800ca5f   Thumb Code     0  startup_stm32f10x_hd.o(.text)
    TIM8_UP_IRQHandler                       0x0800ca5f   Thumb Code     0  startup_stm32f10x_hd.o(.text)
    UART4_IRQHandler                         0x0800ca5f   Thumb Code     0  startup_stm32f10x_hd.o(.text)
    UART5_IRQHandler                         0x0800ca5f   Thumb Code     0  startup_stm32f10x_hd.o(.text)
    USART2_IRQHandler                        0x0800ca5f   Thumb Code     0  startup_stm32f10x_hd.o(.text)
    USART3_IRQHandler                        0x0800ca5f   Thumb Code     0  startup_stm32f10x_hd.o(.text)
    USBWakeUp_IRQHandler                     0x0800ca5f   Thumb Code     0  startup_stm32f10x_hd.o(.text)
    USB_HP_CAN1_TX_IRQHandler                0x0800ca5f   Thumb Code     0  startup_stm32f10x_hd.o(.text)
    USB_LP_CAN1_RX0_IRQHandler               0x0800ca5f   Thumb Code     0  startup_stm32f10x_hd.o(.text)
    WWDG_IRQHandler                          0x0800ca5f   Thumb Code     0  startup_stm32f10x_hd.o(.text)
    __user_initial_stackheap                 0x0800ca61   Thumb Code     0  startup_stm32f10x_hd.o(.text)
    GPIO_DeInit                              0x0800ca85   Thumb Code   172  stm32f10x_gpio.o(.text)
    GPIO_AFIODeInit                          0x0800cb31   Thumb Code    20  stm32f10x_gpio.o(.text)
    GPIO_Init                                0x0800cb45   Thumb Code   274  stm32f10x_gpio.o(.text)
    GPIO_StructInit                          0x0800cc57   Thumb Code    16  stm32f10x_gpio.o(.text)
    GPIO_ReadInputDataBit                    0x0800cc67   Thumb Code    18  stm32f10x_gpio.o(.text)
    GPIO_ReadInputData                       0x0800cc79   Thumb Code     8  stm32f10x_gpio.o(.text)
    GPIO_ReadOutputDataBit                   0x0800cc81   Thumb Code    18  stm32f10x_gpio.o(.text)
    GPIO_ReadOutputData                      0x0800cc93   Thumb Code     8  stm32f10x_gpio.o(.text)
    GPIO_SetBits                             0x0800cc9b   Thumb Code     4  stm32f10x_gpio.o(.text)
    GPIO_ResetBits                           0x0800cc9f   Thumb Code     4  stm32f10x_gpio.o(.text)
    GPIO_WriteBit                            0x0800cca3   Thumb Code    10  stm32f10x_gpio.o(.text)
    GPIO_Write                               0x0800ccad   Thumb Code     4  stm32f10x_gpio.o(.text)
    GPIO_PinLockConfig                       0x0800ccb1   Thumb Code    18  stm32f10x_gpio.o(.text)
    GPIO_EventOutputConfig                   0x0800ccc3   Thumb Code    26  stm32f10x_gpio.o(.text)
    GPIO_EventOutputCmd                      0x0800ccdd   Thumb Code     6  stm32f10x_gpio.o(.text)
    GPIO_PinRemapConfig                      0x0800cce3   Thumb Code   138  stm32f10x_gpio.o(.text)
    GPIO_EXTILineConfig                      0x0800cd6d   Thumb Code    66  stm32f10x_gpio.o(.text)
    GPIO_ETH_MediaInterfaceConfig            0x0800cdaf   Thumb Code     6  stm32f10x_gpio.o(.text)
    RCC_DeInit                               0x0800cddd   Thumb Code    64  stm32f10x_rcc.o(.text)
    RCC_HSEConfig                            0x0800ce1d   Thumb Code    70  stm32f10x_rcc.o(.text)
    RCC_GetFlagStatus                        0x0800ce63   Thumb Code    56  stm32f10x_rcc.o(.text)
    RCC_WaitForHSEStartUp                    0x0800ce9b   Thumb Code    48  stm32f10x_rcc.o(.text)
    RCC_AdjustHSICalibrationValue            0x0800cecb   Thumb Code    20  stm32f10x_rcc.o(.text)
    RCC_HSICmd                               0x0800cedf   Thumb Code     6  stm32f10x_rcc.o(.text)
    RCC_PLLConfig                            0x0800cee5   Thumb Code    24  stm32f10x_rcc.o(.text)
    RCC_PLLCmd                               0x0800cefd   Thumb Code     6  stm32f10x_rcc.o(.text)
    RCC_SYSCLKConfig                         0x0800cf03   Thumb Code    18  stm32f10x_rcc.o(.text)
    RCC_GetSYSCLKSource                      0x0800cf15   Thumb Code    10  stm32f10x_rcc.o(.text)
    RCC_HCLKConfig                           0x0800cf1f   Thumb Code    18  stm32f10x_rcc.o(.text)
    RCC_PCLK1Config                          0x0800cf31   Thumb Code    18  stm32f10x_rcc.o(.text)
    RCC_PCLK2Config                          0x0800cf43   Thumb Code    20  stm32f10x_rcc.o(.text)
    RCC_ITConfig                             0x0800cf57   Thumb Code    30  stm32f10x_rcc.o(.text)
    RCC_USBCLKConfig                         0x0800cf75   Thumb Code     6  stm32f10x_rcc.o(.text)
    RCC_ADCCLKConfig                         0x0800cf7b   Thumb Code    18  stm32f10x_rcc.o(.text)
    RCC_LSEConfig                            0x0800cf8d   Thumb Code    44  stm32f10x_rcc.o(.text)
    RCC_LSICmd                               0x0800cfb9   Thumb Code     6  stm32f10x_rcc.o(.text)
    RCC_RTCCLKConfig                         0x0800cfbf   Thumb Code    12  stm32f10x_rcc.o(.text)
    RCC_RTCCLKCmd                            0x0800cfcb   Thumb Code     6  stm32f10x_rcc.o(.text)
    RCC_GetClocksFreq                        0x0800cfd1   Thumb Code   192  stm32f10x_rcc.o(.text)
    RCC_AHBPeriphClockCmd                    0x0800d091   Thumb Code    26  stm32f10x_rcc.o(.text)
    RCC_APB2PeriphClockCmd                   0x0800d0ab   Thumb Code    26  stm32f10x_rcc.o(.text)
    RCC_APB1PeriphClockCmd                   0x0800d0c5   Thumb Code    26  stm32f10x_rcc.o(.text)
    RCC_APB2PeriphResetCmd                   0x0800d0df   Thumb Code    26  stm32f10x_rcc.o(.text)
    RCC_APB1PeriphResetCmd                   0x0800d0f9   Thumb Code    26  stm32f10x_rcc.o(.text)
    RCC_BackupResetCmd                       0x0800d113   Thumb Code     6  stm32f10x_rcc.o(.text)
    RCC_ClockSecuritySystemCmd               0x0800d119   Thumb Code     6  stm32f10x_rcc.o(.text)
    RCC_MCOConfig                            0x0800d11f   Thumb Code     6  stm32f10x_rcc.o(.text)
    RCC_ClearFlag                            0x0800d125   Thumb Code    14  stm32f10x_rcc.o(.text)
    RCC_GetITStatus                          0x0800d133   Thumb Code    20  stm32f10x_rcc.o(.text)
    RCC_ClearITPendingBit                    0x0800d147   Thumb Code     6  stm32f10x_rcc.o(.text)
    USART_DeInit                             0x0800d181   Thumb Code   134  stm32f10x_usart.o(.text)
    USART_Init                               0x0800d207   Thumb Code   210  stm32f10x_usart.o(.text)
    USART_StructInit                         0x0800d2d9   Thumb Code    24  stm32f10x_usart.o(.text)
    USART_ClockInit                          0x0800d2f1   Thumb Code    34  stm32f10x_usart.o(.text)
    USART_ClockStructInit                    0x0800d313   Thumb Code    12  stm32f10x_usart.o(.text)
    USART_Cmd                                0x0800d31f   Thumb Code    24  stm32f10x_usart.o(.text)
    USART_ITConfig                           0x0800d337   Thumb Code    74  stm32f10x_usart.o(.text)
    USART_DMACmd                             0x0800d381   Thumb Code    24  stm32f10x_usart.o(.text)
    USART_SetAddress                         0x0800d399   Thumb Code    18  stm32f10x_usart.o(.text)
    USART_WakeUpConfig                       0x0800d3ab   Thumb Code    18  stm32f10x_usart.o(.text)
    USART_ReceiverWakeUpCmd                  0x0800d3bd   Thumb Code    24  stm32f10x_usart.o(.text)
    USART_LINBreakDetectLengthConfig         0x0800d3d5   Thumb Code    18  stm32f10x_usart.o(.text)
    USART_LINCmd                             0x0800d3e7   Thumb Code    24  stm32f10x_usart.o(.text)
    USART_SendData                           0x0800d3ff   Thumb Code     8  stm32f10x_usart.o(.text)
    USART_ReceiveData                        0x0800d407   Thumb Code    10  stm32f10x_usart.o(.text)
    USART_SendBreak                          0x0800d411   Thumb Code    10  stm32f10x_usart.o(.text)
    USART_SetGuardTime                       0x0800d41b   Thumb Code    16  stm32f10x_usart.o(.text)
    USART_SetPrescaler                       0x0800d42b   Thumb Code    16  stm32f10x_usart.o(.text)
    USART_SmartCardCmd                       0x0800d43b   Thumb Code    24  stm32f10x_usart.o(.text)
    USART_SmartCardNACKCmd                   0x0800d453   Thumb Code    24  stm32f10x_usart.o(.text)
    USART_HalfDuplexCmd                      0x0800d46b   Thumb Code    24  stm32f10x_usart.o(.text)
    USART_OverSampling8Cmd                   0x0800d483   Thumb Code    22  stm32f10x_usart.o(.text)
    USART_OneBitMethodCmd                    0x0800d499   Thumb Code    24  stm32f10x_usart.o(.text)
    USART_IrDAConfig                         0x0800d4b1   Thumb Code    18  stm32f10x_usart.o(.text)
    USART_IrDACmd                            0x0800d4c3   Thumb Code    24  stm32f10x_usart.o(.text)
    USART_GetFlagStatus                      0x0800d4db   Thumb Code    26  stm32f10x_usart.o(.text)
    USART_ClearFlag                          0x0800d4f5   Thumb Code    18  stm32f10x_usart.o(.text)
    USART_GetITStatus                        0x0800d507   Thumb Code    84  stm32f10x_usart.o(.text)
    USART_ClearITPendingBit                  0x0800d55b   Thumb Code    50  stm32f10x_usart.o(.text)
    NVIC_PriorityGroupConfig                 0x0800d58d   Thumb Code    10  misc.o(.text)
    NVIC_Init                                0x0800d597   Thumb Code   118  misc.o(.text)
    NVIC_SetVectorTable                      0x0800d60d   Thumb Code    12  misc.o(.text)
    NVIC_SystemLPConfig                      0x0800d619   Thumb Code    38  misc.o(.text)
    SysTick_CLKSourceConfig                  0x0800d63f   Thumb Code    40  misc.o(.text)
    __use_no_semihosting                     0x0800d685   Thumb Code     2  use_no_semi_2.o(.text)
    __2printf                                0x0800d689   Thumb Code    20  noretval__2printf.o(.text)
    __printf                                 0x0800d6a1   Thumb Code   106  __printf.o(.text)
    _printf_int_hex                          0x0800d70d   Thumb Code    88  _printf_hex_int.o(.text)
    _printf_longlong_hex                     0x0800d70d   Thumb Code     0  _printf_hex_int.o(.text)
    __use_two_region_memory                  0x0800d769   Thumb Code     2  heapauxi.o(.text)
    __rt_heap_escrow$2region                 0x0800d76b   Thumb Code     2  heapauxi.o(.text)
    __rt_heap_expand$2region                 0x0800d76d   Thumb Code     2  heapauxi.o(.text)
    __I$use$semihosting                      0x0800d76f   Thumb Code     0  use_no_semi.o(.text)
    __use_no_semihosting_swi                 0x0800d76f   Thumb Code     2  use_no_semi.o(.text)
    __read_errno                             0x0800d771   Thumb Code    10  _rserrno.o(.text)
    __set_errno                              0x0800d77b   Thumb Code    12  _rserrno.o(.text)
    _printf_int_common                       0x0800d787   Thumb Code   180  _printf_intcommon.o(.text)
    _printf_char_file                        0x0800d83d   Thumb Code    32  _printf_char_file.o(.text)
    __aeabi_errno_addr                       0x0800d861   Thumb Code     8  rt_errno_addr_intlibspace.o(.text)
    __errno$intlibspace                      0x0800d861   Thumb Code     0  rt_errno_addr_intlibspace.o(.text)
    __rt_errno_addr$intlibspace              0x0800d861   Thumb Code     0  rt_errno_addr_intlibspace.o(.text)
    _printf_char_common                      0x0800d873   Thumb Code    32  _printf_char_common.o(.text)
    ferror                                   0x0800d899   Thumb Code     8  ferror.o(.text)
    __user_libspace                          0x0800d8a1   Thumb Code     8  libspace.o(.text)
    __user_perproc_libspace                  0x0800d8a1   Thumb Code     0  libspace.o(.text)
    __user_perthread_libspace                0x0800d8a1   Thumb Code     0  libspace.o(.text)
    __user_setup_stackheap                   0x0800d8a9   Thumb Code    74  sys_stackheap_outer.o(.text)
    exit                                     0x0800d8f3   Thumb Code    12  exit.o(.text)
    __rt_fp_status_addr                      0x0800d901   Thumb Code     8  rt_fp_status_addr_intlibspace.o(.text)
    sqrt                                     0x0800d909   Thumb Code    74  sqrt.o(i.sqrt)
    __aeabi_dadd                             0x0800d955   Thumb Code     0  daddsub_clz.o(x$fpl$dadd)
    _dadd                                    0x0800d955   Thumb Code   332  daddsub_clz.o(x$fpl$dadd)
    __fpl_dcmp_Inf                           0x0800daa5   Thumb Code    24  dcmpi.o(x$fpl$dcmpinf)
    __aeabi_d2uiz                            0x0800dabd   Thumb Code     0  dfixu.o(x$fpl$dfixu)
    _dfixu                                   0x0800dabd   Thumb Code    90  dfixu.o(x$fpl$dfixu)
    __aeabi_i2d                              0x0800db17   Thumb Code     0  dflt_clz.o(x$fpl$dflt)
    _dflt                                    0x0800db17   Thumb Code    46  dflt_clz.o(x$fpl$dflt)
    __aeabi_ui2d                             0x0800db45   Thumb Code     0  dflt_clz.o(x$fpl$dfltu)
    _dfltu                                   0x0800db45   Thumb Code    38  dflt_clz.o(x$fpl$dfltu)
    __aeabi_cdcmple                          0x0800db6d   Thumb Code     0  dleqf.o(x$fpl$dleqf)
    _dcmple                                  0x0800db6d   Thumb Code   120  dleqf.o(x$fpl$dleqf)
    __fpl_dcmple_InfNaN                      0x0800dbcf   Thumb Code     0  dleqf.o(x$fpl$dleqf)
    __aeabi_dmul                             0x0800dbe5   Thumb Code     0  dmul.o(x$fpl$dmul)
    _dmul                                    0x0800dbe5   Thumb Code   332  dmul.o(x$fpl$dmul)
    __fpl_dnaninf                            0x0800dd39   Thumb Code   156  dnaninf.o(x$fpl$dnaninf)
    __fpl_dretinf                            0x0800ddd5   Thumb Code    12  dretinf.o(x$fpl$dretinf)
    __aeabi_cdrcmple                         0x0800dde1   Thumb Code     0  drleqf.o(x$fpl$drleqf)
    _drcmple                                 0x0800dde1   Thumb Code   108  drleqf.o(x$fpl$drleqf)
    __aeabi_drsub                            0x0800de4d   Thumb Code     0  daddsub_clz.o(x$fpl$drsb)
    _drsb                                    0x0800de4d   Thumb Code    22  daddsub_clz.o(x$fpl$drsb)
    _dsqrt                                   0x0800de65   Thumb Code   456  dsqrt_noumaal.o(x$fpl$dsqrt)
    __aeabi_dsub                             0x0800e031   Thumb Code     0  daddsub_clz.o(x$fpl$dsub)
    _dsub                                    0x0800e031   Thumb Code   464  daddsub_clz.o(x$fpl$dsub)
    __aeabi_f2d                              0x0800e205   Thumb Code     0  f2d.o(x$fpl$f2d)
    _f2d                                     0x0800e205   Thumb Code    86  f2d.o(x$fpl$f2d)
    __aeabi_fadd                             0x0800e25d   Thumb Code     0  faddsub_clz.o(x$fpl$fadd)
    _fadd                                    0x0800e25d   Thumb Code   196  faddsub_clz.o(x$fpl$fadd)
    __aeabi_fdiv                             0x0800e321   Thumb Code     0  fdiv.o(x$fpl$fdiv)
    _fdiv                                    0x0800e321   Thumb Code   384  fdiv.o(x$fpl$fdiv)
    __aeabi_f2iz                             0x0800e4a5   Thumb Code     0  ffix.o(x$fpl$ffix)
    _ffix                                    0x0800e4a5   Thumb Code    54  ffix.o(x$fpl$ffix)
    __aeabi_f2uiz                            0x0800e4dd   Thumb Code     0  ffixu.o(x$fpl$ffixu)
    _ffixu                                   0x0800e4dd   Thumb Code    62  ffixu.o(x$fpl$ffixu)
    __aeabi_i2f                              0x0800e51d   Thumb Code     0  fflt_clz.o(x$fpl$fflt)
    _fflt                                    0x0800e51d   Thumb Code    48  fflt_clz.o(x$fpl$fflt)
    __aeabi_ui2f                             0x0800e54d   Thumb Code     0  fflt_clz.o(x$fpl$ffltu)
    _ffltu                                   0x0800e54d   Thumb Code    38  fflt_clz.o(x$fpl$ffltu)
    __aeabi_fmul                             0x0800e575   Thumb Code     0  fmul.o(x$fpl$fmul)
    _fmul                                    0x0800e575   Thumb Code   258  fmul.o(x$fpl$fmul)
    __fpl_fnaninf                            0x0800e677   Thumb Code   140  fnaninf.o(x$fpl$fnaninf)
    _fp_init                                 0x0800e703   Thumb Code    14  fpinit.o(x$fpl$fpinit)
    __fplib_config_pureend_doubles           0x0800e70f   Thumb Code     0  fpinit.o(x$fpl$fpinit)
    __fpl_fretinf                            0x0800e711   Thumb Code    10  fretinf.o(x$fpl$fretinf)
    __aeabi_fsub                             0x0800e71d   Thumb Code     0  faddsub_clz.o(x$fpl$fsub)
    _fsub                                    0x0800e71d   Thumb Code   234  faddsub_clz.o(x$fpl$fsub)
    POINT_COLOR_TBL                          0x0800e806   Data          10  main.o(.constdata)
    __I$use$fp                               0x0800e807   Thumb Code     0  usenofp.o(x$fpl$usenofp)
    asc2_1206                                0x0800e810   Data        1140  lcd.o(.constdata)
    asc2_1608                                0x0800ec84   Data        1520  lcd.o(.constdata)
    asc2_2412                                0x0800f274   Data        3420  lcd.o(.constdata)
    OTT_TPX_TBL                              0x0800ffd0   Data          10  ott2001a.o(.constdata)
    TP_ADJDIS_TBL                            0x0800ffda   Data          12  touch.o(.constdata)
    Region$$Table$$Base                      0x08010088   Number         0  anon$$obj.o(Region$$Table)
    Region$$Table$$Limit                     0x080100a8   Number         0  anon$$obj.o(Region$$Table)
    SystemCoreClock                          0x20000000   Data           4  system_stm32f10x.o(.data)
    AHBPrescTable                            0x20000004   Data          16  system_stm32f10x.o(.data)
    POINT_COLOR                              0x20000014   Data           2  lcd.o(.data)
    BACK_COLOR                               0x20000016   Data           2  lcd.o(.data)
    tp_dev                                   0x2000001c   Data          52  touch.o(.data)
    CMD_RDX                                  0x20000050   Data           1  touch.o(.data)
    CMD_RDY                                  0x20000051   Data           1  touch.o(.data)
    TP_REMIND_MSG_TBL                        0x20000054   Data           4  touch.o(.data)
    USART_RX_STA                             0x2000005c   Data           2  usart.o(.data)
    __stdout                                 0x20000060   Data           4  usart.o(.data)
    lcddev                                   0x20000078   Data          14  lcd.o(.bss)
    USART_RX_BUF                             0x20000086   Data         200  usart.o(.bss)
    __libspace_start                         0x20000150   Data          96  libspace.o(.bss)
    __temporary_stack_top$libspace           0x200001b0   Data           0  libspace.o(.bss)



==============================================================================

Memory Map of the image

  Image Entry point : 0x08005131

  Load Region LR_IROM1 (Base: 0x08005000, Size: 0x0000b120, Max: 0x00040000, ABSOLUTE)

    Execution Region ER_IROM1 (Base: 0x08005000, Size: 0x0000b0a8, Max: 0x00040000, ABSOLUTE)

    Base Addr    Size         Type   Attr      Idx    E Section Name        Object

    0x08005000   0x00000130   Data   RO          333    RESET               startup_stm32f10x_hd.o
    0x08005130   0x00000008   Code   RO          441  * !!!main             c_w.l(__main.o)
    0x08005138   0x00000034   Code   RO          692    !!!scatter          c_w.l(__scatter.o)
    0x0800516c   0x0000001a   Code   RO          694    !!handler_copy      c_w.l(__scatter_copy.o)
    0x08005186   0x00000002   PAD
    0x08005188   0x0000001c   Code   RO          696    !!handler_zi        c_w.l(__scatter_zi.o)
    0x080051a4   0x00000000   Code   RO          438    .ARM.Collect$$_printf_percent$$00000000  c_w.l(_printf_percent.o)
    0x080051a4   0x00000006   Code   RO          437    .ARM.Collect$$_printf_percent$$0000000C  c_w.l(_printf_x.o)
    0x080051aa   0x00000004   Code   RO          511    .ARM.Collect$$_printf_percent$$00000017  c_w.l(_printf_percent_end.o)
    0x080051ae   0x00000006   Code   RO          569    .ARM.Collect$$libinit$$00000000  c_w.l(libinit.o)
    0x080051b4   0x00000000   Code   RO          574    .ARM.Collect$$libinit$$00000006  c_w.l(libinit2.o)
    0x080051b4   0x00000000   Code   RO          576    .ARM.Collect$$libinit$$00000008  c_w.l(libinit2.o)
    0x080051b4   0x00000000   Code   RO          578    .ARM.Collect$$libinit$$0000000A  c_w.l(libinit2.o)
    0x080051b4   0x00000000   Code   RO          581    .ARM.Collect$$libinit$$0000000D  c_w.l(libinit2.o)
    0x080051b4   0x00000000   Code   RO          583    .ARM.Collect$$libinit$$0000000F  c_w.l(libinit2.o)
    0x080051b4   0x00000000   Code   RO          585    .ARM.Collect$$libinit$$00000011  c_w.l(libinit2.o)
    0x080051b4   0x00000000   Code   RO          587    .ARM.Collect$$libinit$$00000013  c_w.l(libinit2.o)
    0x080051b4   0x00000000   Code   RO          589    .ARM.Collect$$libinit$$00000015  c_w.l(libinit2.o)
    0x080051b4   0x00000000   Code   RO          591    .ARM.Collect$$libinit$$00000017  c_w.l(libinit2.o)
    0x080051b4   0x00000000   Code   RO          593    .ARM.Collect$$libinit$$00000019  c_w.l(libinit2.o)
    0x080051b4   0x00000000   Code   RO          595    .ARM.Collect$$libinit$$0000001B  c_w.l(libinit2.o)
    0x080051b4   0x00000000   Code   RO          597    .ARM.Collect$$libinit$$0000001D  c_w.l(libinit2.o)
    0x080051b4   0x00000000   Code   RO          599    .ARM.Collect$$libinit$$0000001F  c_w.l(libinit2.o)
    0x080051b4   0x00000000   Code   RO          601    .ARM.Collect$$libinit$$00000021  c_w.l(libinit2.o)
    0x080051b4   0x00000000   Code   RO          605    .ARM.Collect$$libinit$$00000028  c_w.l(libinit2.o)
    0x080051b4   0x00000000   Code   RO          607    .ARM.Collect$$libinit$$0000002A  c_w.l(libinit2.o)
    0x080051b4   0x00000000   Code   RO          609    .ARM.Collect$$libinit$$0000002C  c_w.l(libinit2.o)
    0x080051b4   0x00000000   Code   RO          611    .ARM.Collect$$libinit$$0000002E  c_w.l(libinit2.o)
    0x080051b4   0x00000002   Code   RO          612    .ARM.Collect$$libinit$$0000002F  c_w.l(libinit2.o)
    0x080051b6   0x00000002   Code   RO          636    .ARM.Collect$$libshutdown$$00000000  c_w.l(libshutdown.o)
    0x080051b8   0x00000000   Code   RO          647    .ARM.Collect$$libshutdown$$00000003  c_w.l(libshutdown2.o)
    0x080051b8   0x00000000   Code   RO          650    .ARM.Collect$$libshutdown$$00000006  c_w.l(libshutdown2.o)
    0x080051b8   0x00000000   Code   RO          653    .ARM.Collect$$libshutdown$$00000009  c_w.l(libshutdown2.o)
    0x080051b8   0x00000000   Code   RO          655    .ARM.Collect$$libshutdown$$0000000B  c_w.l(libshutdown2.o)
    0x080051b8   0x00000000   Code   RO          658    .ARM.Collect$$libshutdown$$0000000E  c_w.l(libshutdown2.o)
    0x080051b8   0x00000002   Code   RO          659    .ARM.Collect$$libshutdown$$0000000F  c_w.l(libshutdown2.o)
    0x080051ba   0x00000000   Code   RO          503    .ARM.Collect$$rtentry$$00000000  c_w.l(rtentry.o)
    0x080051ba   0x00000000   Code   RO          526    .ARM.Collect$$rtentry$$00000002  c_w.l(rtentry2.o)
    0x080051ba   0x00000006   Code   RO          541    .ARM.Collect$$rtentry$$00000004  c_w.l(rtentry4.o)
    0x080051c0   0x00000000   Code   RO          528    .ARM.Collect$$rtentry$$00000009  c_w.l(rtentry2.o)
    0x080051c0   0x00000004   Code   RO          529    .ARM.Collect$$rtentry$$0000000A  c_w.l(rtentry2.o)
    0x080051c4   0x00000000   Code   RO          531    .ARM.Collect$$rtentry$$0000000C  c_w.l(rtentry2.o)
    0x080051c4   0x00000008   Code   RO          532    .ARM.Collect$$rtentry$$0000000D  c_w.l(rtentry2.o)
    0x080051cc   0x00000002   Code   RO          570    .ARM.Collect$$rtexit$$00000000  c_w.l(rtexit.o)
    0x080051ce   0x00000000   Code   RO          616    .ARM.Collect$$rtexit$$00000002  c_w.l(rtexit2.o)
    0x080051ce   0x00000004   Code   RO          617    .ARM.Collect$$rtexit$$00000003  c_w.l(rtexit2.o)
    0x080051d2   0x00000006   Code   RO          618    .ARM.Collect$$rtexit$$00000004  c_w.l(rtexit2.o)
    0x080051d8   0x000004d4   Code   RO            1    .text               main.o
    0x080056ac   0x0000001a   Code   RO           87    .text               stm32f10x_it.o
    0x080056c6   0x00000002   PAD
    0x080056c8   0x000001c8   Code   RO          119    .text               system_stm32f10x.o
    0x08005890   0x00000050   Code   RO          137    .text               led.o
    0x080058e0   0x000058a8   Code   RO          149    .text               lcd.o
    0x0800b188   0x000000fc   Code   RO          179    .text               key.o
    0x0800b284   0x00000274   Code   RO          192    .text               myiic.o
    0x0800b4f8   0x0000017a   Code   RO          204    .text               24cxx.o
    0x0800b672   0x00000002   PAD
    0x0800b674   0x0000025c   Code   RO          216    .text               ctiic.o
    0x0800b8d0   0x0000035c   Code   RO          231    .text               ott2001a.o
    0x0800bc2c   0x00000c00   Code   RO          247    .text               touch.o
    0x0800c82c   0x000000c4   Code   RO          271    .text               delay.o
    0x0800c8f0   0x0000000c   Code   RO          285    .text               sys.o
    0x0800c8fc   0x00000148   Code   RO          297    .text               usart.o
    0x0800ca44   0x00000040   Code   RO          334    .text               startup_stm32f10x_hd.o
    0x0800ca84   0x00000358   Code   RO          338    .text               stm32f10x_gpio.o
    0x0800cddc   0x000003a4   Code   RO          350    .text               stm32f10x_rcc.o
    0x0800d180   0x0000040c   Code   RO          364    .text               stm32f10x_usart.o
    0x0800d58c   0x000000f8   Code   RO          376    .text               misc.o
    0x0800d684   0x00000002   Code   RO          390    .text               c_w.l(use_no_semi_2.o)
    0x0800d686   0x00000002   PAD
    0x0800d688   0x00000018   Code   RO          394    .text               c_w.l(noretval__2printf.o)
    0x0800d6a0   0x0000006a   Code   RO          396    .text               c_w.l(__printf.o)
    0x0800d70a   0x00000002   PAD
    0x0800d70c   0x0000005c   Code   RO          401    .text               c_w.l(_printf_hex_int.o)
    0x0800d768   0x00000006   Code   RO          439    .text               c_w.l(heapauxi.o)
    0x0800d76e   0x00000002   Code   RO          501    .text               c_w.l(use_no_semi.o)
    0x0800d770   0x00000016   Code   RO          505    .text               c_w.l(_rserrno.o)
    0x0800d786   0x000000b4   Code   RO          507    .text               c_w.l(_printf_intcommon.o)
    0x0800d83a   0x00000002   PAD
    0x0800d83c   0x00000024   Code   RO          509    .text               c_w.l(_printf_char_file.o)
    0x0800d860   0x00000008   Code   RO          546    .text               c_w.l(rt_errno_addr_intlibspace.o)
    0x0800d868   0x00000030   Code   RO          548    .text               c_w.l(_printf_char_common.o)
    0x0800d898   0x00000008   Code   RO          550    .text               c_w.l(ferror.o)
    0x0800d8a0   0x00000008   Code   RO          554    .text               c_w.l(libspace.o)
    0x0800d8a8   0x0000004a   Code   RO          557    .text               c_w.l(sys_stackheap_outer.o)
    0x0800d8f2   0x0000000c   Code   RO          561    .text               c_w.l(exit.o)
    0x0800d8fe   0x00000002   PAD
    0x0800d900   0x00000008   Code   RO          626    .text               c_w.l(rt_fp_status_addr_intlibspace.o)
    0x0800d908   0x0000004a   Code   RO          494    i.sqrt              m_ws.l(sqrt.o)
    0x0800d952   0x00000002   PAD
    0x0800d954   0x00000150   Code   RO          443    x$fpl$dadd          fz_ws.l(daddsub_clz.o)
    0x0800daa4   0x00000018   Code   RO          512    x$fpl$dcmpinf       fz_ws.l(dcmpi.o)
    0x0800dabc   0x0000005a   Code   RO          449    x$fpl$dfixu         fz_ws.l(dfixu.o)
    0x0800db16   0x0000002e   Code   RO          454    x$fpl$dflt          fz_ws.l(dflt_clz.o)
    0x0800db44   0x00000026   Code   RO          453    x$fpl$dfltu         fz_ws.l(dflt_clz.o)
    0x0800db6a   0x00000002   PAD
    0x0800db6c   0x00000078   Code   RO          459    x$fpl$dleqf         fz_ws.l(dleqf.o)
    0x0800dbe4   0x00000154   Code   RO          461    x$fpl$dmul          fz_ws.l(dmul.o)
    0x0800dd38   0x0000009c   Code   RO          514    x$fpl$dnaninf       fz_ws.l(dnaninf.o)
    0x0800ddd4   0x0000000c   Code   RO          516    x$fpl$dretinf       fz_ws.l(dretinf.o)
    0x0800dde0   0x0000006c   Code   RO          463    x$fpl$drleqf        fz_ws.l(drleqf.o)
    0x0800de4c   0x00000016   Code   RO          444    x$fpl$drsb          fz_ws.l(daddsub_clz.o)
    0x0800de62   0x00000002   PAD
    0x0800de64   0x000001cc   Code   RO          518    x$fpl$dsqrt         fz_ws.l(dsqrt_noumaal.o)
    0x0800e030   0x000001d4   Code   RO          445    x$fpl$dsub          fz_ws.l(daddsub_clz.o)
    0x0800e204   0x00000056   Code   RO          465    x$fpl$f2d           fz_ws.l(f2d.o)
    0x0800e25a   0x00000002   PAD
    0x0800e25c   0x000000c4   Code   RO          467    x$fpl$fadd          fz_ws.l(faddsub_clz.o)
    0x0800e320   0x00000184   Code   RO          474    x$fpl$fdiv          fz_ws.l(fdiv.o)
    0x0800e4a4   0x00000036   Code   RO          477    x$fpl$ffix          fz_ws.l(ffix.o)
    0x0800e4da   0x00000002   PAD
    0x0800e4dc   0x0000003e   Code   RO          481    x$fpl$ffixu         fz_ws.l(ffixu.o)
    0x0800e51a   0x00000002   PAD
    0x0800e51c   0x00000030   Code   RO          486    x$fpl$fflt          fz_ws.l(fflt_clz.o)
    0x0800e54c   0x00000026   Code   RO          485    x$fpl$ffltu         fz_ws.l(fflt_clz.o)
    0x0800e572   0x00000002   PAD
    0x0800e574   0x00000102   Code   RO          491    x$fpl$fmul          fz_ws.l(fmul.o)
    0x0800e676   0x0000008c   Code   RO          520    x$fpl$fnaninf       fz_ws.l(fnaninf.o)
    0x0800e702   0x0000000e   Code   RO          613    x$fpl$fpinit        fz_ws.l(fpinit.o)
    0x0800e710   0x0000000a   Code   RO          522    x$fpl$fretinf       fz_ws.l(fretinf.o)
    0x0800e71a   0x00000002   PAD
    0x0800e71c   0x000000ea   Code   RO          469    x$fpl$fsub          fz_ws.l(faddsub_clz.o)
    0x0800e806   0x00000000   Code   RO          524    x$fpl$usenofp       fz_ws.l(usenofp.o)
    0x0800e806   0x0000000a   Data   RO            2    .constdata          main.o
    0x0800e810   0x000017c0   Data   RO          151    .constdata          lcd.o
    0x0800ffd0   0x0000000a   Data   RO          232    .constdata          ott2001a.o
    0x0800ffda   0x0000000c   Data   RO          248    .constdata          touch.o
    0x0800ffe6   0x00000028   Data   RO          402    .constdata          c_w.l(_printf_hex_int.o)
    0x0801000e   0x00000079   Data   RO          249    .conststring        touch.o
    0x08010087   0x00000001   PAD
    0x08010088   0x00000020   Data   RO          690    Region$$Table       anon$$obj.o


    Execution Region RW_IRAM1 (Base: 0x20000000, Size: 0x000007b0, Max: 0x0000c000, ABSOLUTE)

    Base Addr    Size         Type   Attr      Idx    E Section Name        Object

    0x20000000   0x00000014   Data   RW          120    .data               system_stm32f10x.o
    0x20000014   0x00000004   Data   RW          152    .data               lcd.o
    0x20000018   0x00000001   Data   RW          180    .data               key.o
    0x20000019   0x00000001   Data   RW          233    .data               ott2001a.o
    0x2000001a   0x00000002   PAD
    0x2000001c   0x0000003c   Data   RW          250    .data               touch.o
    0x20000058   0x00000004   Data   RW          272    .data               delay.o
    0x2000005c   0x00000008   Data   RW          299    .data               usart.o
    0x20000064   0x00000014   Data   RW          351    .data               stm32f10x_rcc.o
    0x20000078   0x0000000e   Zero   RW          150    .bss                lcd.o
    0x20000086   0x000000c8   Zero   RW          298    .bss                usart.o
    0x2000014e   0x00000002   PAD
    0x20000150   0x00000060   Zero   RW          555    .bss                c_w.l(libspace.o)
    0x200001b0   0x00000200   Zero   RW          332    HEAP                startup_stm32f10x_hd.o
    0x200003b0   0x00000400   Zero   RW          331    STACK               startup_stm32f10x_hd.o


==============================================================================

Image component sizes


      Code (inc. data)   RO Data    RW Data    ZI Data      Debug   Object Name

       378          0          0          0          0       2710   24cxx.o
         0          0          0          0          0         32   core_cm3.o
       604         26          0          0          0       1977   ctiic.o
       196         16          0          4          0        939   delay.o
       252         16          0          1          0        792   key.o
     22696        226       6080          4         14      24108   lcd.o
        80          8          0          0          0        451   led.o
      1236        106         10          0          0     235665   main.o
       248         30          0          0          0       1709   misc.o
       628         22          0          0          0       1828   myiic.o
       860         56         10          1          0       2550   ott2001a.o
        64         26        304          0       1536        748   startup_stm32f10x_hd.o
       856         40          0          0          0       5637   stm32f10x_gpio.o
        26          0          0          0          0       1134   stm32f10x_it.o
       932         52          0         20          0       8764   stm32f10x_rcc.o
      1036         20          0          0          0       8384   stm32f10x_usart.o
        12          0          0          0          0        405   sys.o
       456         36          0         20          0       1603   system_stm32f10x.o
      3072        198        133         60          0       6351   touch.o
       328         22          0          8        200       2922   usart.o

    ----------------------------------------------------------------------
     33964        900       6570        120       1752     308709   Object Totals
         0          0         32          0          0          0   (incl. Generated)
         4          0          1          2          2          3   (incl. Padding)

    ----------------------------------------------------------------------

      Code (inc. data)   RO Data    RW Data    ZI Data      Debug   Library Member Name

         8          0          0          0          0         68   __main.o
       106          0          0          0          0         84   __printf.o
        52          8          0          0          0          0   __scatter.o
        26          0          0          0          0          0   __scatter_copy.o
        28          0          0          0          0          0   __scatter_zi.o
        48          6          0          0          0         96   _printf_char_common.o
        36          4          0          0          0         80   _printf_char_file.o
        92          4         40          0          0         88   _printf_hex_int.o
       180          0          0          0          0         88   _printf_intcommon.o
         0          0          0          0          0          0   _printf_percent.o
         4          0          0          0          0          0   _printf_percent_end.o
         6          0          0          0          0          0   _printf_x.o
        22          0          0          0          0        100   _rserrno.o
        12          0          0          0          0         68   exit.o
         8          0          0          0          0         68   ferror.o
         6          0          0          0          0        152   heapauxi.o
         6          0          0          0          0          0   libinit.o
         2          0          0          0          0          0   libinit2.o
         2          0          0          0          0          0   libshutdown.o
         2          0          0          0          0          0   libshutdown2.o
         8          4          0          0         96         68   libspace.o
        24          4          0          0          0         84   noretval__2printf.o
         8          4          0          0          0         68   rt_errno_addr_intlibspace.o
         8          4          0          0          0         68   rt_fp_status_addr_intlibspace.o
         0          0          0          0          0          0   rtentry.o
        12          0          0          0          0          0   rtentry2.o
         6          0          0          0          0          0   rtentry4.o
         2          0          0          0          0          0   rtexit.o
        10          0          0          0          0          0   rtexit2.o
        74          0          0          0          0         80   sys_stackheap_outer.o
         2          0          0          0          0         68   use_no_semi.o
         2          0          0          0          0         68   use_no_semi_2.o
       826         16          0          0          0        356   daddsub_clz.o
        24          0          0          0          0         68   dcmpi.o
        90          4          0          0          0         92   dfixu.o
        84          0          0          0          0        136   dflt_clz.o
       120          4          0          0          0         92   dleqf.o
       340         12          0          0          0        104   dmul.o
       156          4          0          0          0         92   dnaninf.o
        12          0          0          0          0         68   dretinf.o
       108          0          0          0          0         80   drleqf.o
       460         56          0          0          0        120   dsqrt_noumaal.o
        86          4          0          0          0         84   f2d.o
       430          8          0          0          0        168   faddsub_clz.o
       388         76          0          0          0         96   fdiv.o
        54          4          0          0          0         84   ffix.o
        62          4          0          0          0         84   ffixu.o
        86          0          0          0          0        136   fflt_clz.o
       258          4          0          0          0         84   fmul.o
       140          4          0          0          0         84   fnaninf.o
        14          0          0          0          0         76   fpinit.o
        10          0          0          0          0         68   fretinf.o
         0          0          0          0          0          0   usenofp.o
        74          0          0          0          0         84   sqrt.o

    ----------------------------------------------------------------------
      4650        238         40          0         96       3652   Library Totals
        26          0          0          0          0          0   (incl. Padding)

    ----------------------------------------------------------------------

      Code (inc. data)   RO Data    RW Data    ZI Data      Debug   Library Name

       802         38         40          0         96       1396   c_w.l
      3748        200          0          0          0       2172   fz_ws.l
        74          0          0          0          0         84   m_ws.l

    ----------------------------------------------------------------------
      4650        238         40          0         96       3652   Library Totals

    ----------------------------------------------------------------------

==============================================================================


      Code (inc. data)   RO Data    RW Data    ZI Data      Debug   

     38614       1138       6610        120       1848     308880   Grand Totals
     38614       1138       6610        120       1848     308880   ELF Image Totals
     38614       1138       6610        120          0          0   ROM Totals

==============================================================================

    Total RO  Size (Code + RO Data)                45224 (  44.16kB)
    Total RW  Size (RW Data + ZI Data)              1968 (   1.92kB)
    Total ROM Size (Code + RO Data + RW Data)      45344 (  44.28kB)

==============================================================================

