<html>
<body>
<pre>
<h1>礦ision Build Log</h1>
<h2>Project:</h2>
F:\USBS\ALIENTEK MINISTM32 实验1 跑马灯\USER\LED.uvproj
Project File Date:  04/04/2015

<h2>Output:</h2>
Build target 'Target 1'
compiling stm32f10x_it.c...
compiling system_stm32f10x.c...
compiling QiFreeMain.c...
compiling core_cm3.c...
assembling startup_stm32f10x_hd.s...
compiling stm32f10x_gpio.c...
compiling stm32f10x_rcc.c...
compiling stm32f10x_usart.c...
compiling misc.c...
compiling stm32f10x_flash.c...
compiling flash_if.c...
compiling stmflash.c...
compiling usart.c...
compiling QiFreeIO.c...
..\QiFree\QiFreeIO.c(89): warning:  #188-D: enumerated type mixed with another type
..\QiFree\QiFreeIO.c(96): warning:  #188-D: enumerated type mixed with another type
..\QiFree\QiFreeIO.c(104): warning:  #188-D: enumerated type mixed with another type
..\QiFree\QiFreeIO.c(115): warning:  #188-D: enumerated type mixed with another type
linking...
Program Size: Code=6218 RO-data=770 RW-data=152 ZI-data=3928  
FromELF: creating hex file...
User command #1: fromelf --bin "..\obj\QiFreeBoot.axf" --output "..\obj\QiFreeBoot.bin"
"..\obj\QiFreeBoot.axf": Error: Q0122E: Could not open file '..\obj\QiFreeBoot.axf': No such file or directory
Finished: 0 information, 0 warning and 1 error messages.
"..\OBJ\QiFreeUpdate.axf" - 0 Error(s), 4 Warning(s).
Load "..\\OBJ\\QiFreeUpdate.AXF" 
Set JLink Project File to "F:\USBS\ALIENTEK MINISTM32 实验1 跑马灯\USER\JLinkSettings.ini"
 
JLink info:
------------
DLL: V4.20p, compiled Nov 19 2010 15:55:07
Firmware: J-Link ARM V8 compiled Sep 20 2012 13:27:01
Hardware: V8.00
S/N : 799713843 
Feature(s) : RDI,FlashDL,FlashBP,JFlash,GDBFULL 
 
**JLink Warning: RESET (pin 15) high, but should be low. Please check target hardware.
**JLink Warning: CPU core not found.
**JLink Warning: RESET (pin 15) high, but should be low. Please check target hardware.
***JLink Error: Supply voltage too low (1 Volt is required, Measured: 0.0 Volt).
Please check target power.
Wrong AHB ID (15:3). Expected 0x04770001 (Mask 0x0FFFFF0F), Found 0x00000000
Build target 'Target 1'
linking...
Program Size: Code=6218 RO-data=770 RW-data=152 ZI-data=3928  
FromELF: creating hex file...
User command #1: fromelf --bin "..\obj\QiFreeUpdate.axf" --output "..\obj\QiFreeUpdate.bin"
"..\OBJ\QiFreeUpdate.axf" - 0 Error(s), 0 Warning(s).
Build target 'Target 1'
compiling QiFreeMain.c...
linking...
Program Size: Code=6206 RO-data=770 RW-data=152 ZI-data=3928  
FromELF: creating hex file...
User command #1: fromelf --bin "..\obj\QiFreeUpdate.axf" --output "..\obj\QiFreeUpdate.bin"
"..\OBJ\QiFreeUpdate.axf" - 0 Error(s), 0 Warning(s).
Build target 'Target 1'
compiling QiFreeIO.c...
..\QiFree\QiFreeIO.c(90): warning:  #188-D: enumerated type mixed with another type
..\QiFree\QiFreeIO.c(97): warning:  #188-D: enumerated type mixed with another type
..\QiFree\QiFreeIO.c(105): warning:  #188-D: enumerated type mixed with another type
..\QiFree\QiFreeIO.c(116): warning:  #188-D: enumerated type mixed with another type
linking...
Program Size: Code=6294 RO-data=770 RW-data=152 ZI-data=3928  
FromELF: creating hex file...
User command #1: fromelf --bin "..\obj\QiFreeUpdate.axf" --output "..\obj\QiFreeUpdate.bin"
"..\OBJ\QiFreeUpdate.axf" - 0 Error(s), 4 Warning(s).
Build target 'Target 1'
compiling QiFreeIO.c...
..\QiFree\QiFreeIO.c(89): warning:  #188-D: enumerated type mixed with another type
..\QiFree\QiFreeIO.c(96): warning:  #188-D: enumerated type mixed with another type
..\QiFree\QiFreeIO.c(104): warning:  #188-D: enumerated type mixed with another type
..\QiFree\QiFreeIO.c(115): warning:  #188-D: enumerated type mixed with another type
linking...
Program Size: Code=6206 RO-data=770 RW-data=152 ZI-data=3928  
FromELF: creating hex file...
User command #1: fromelf --bin "..\obj\QiFreeUpdate.axf" --output "..\obj\QiFreeUpdate.bin"
"..\OBJ\QiFreeUpdate.axf" - 0 Error(s), 4 Warning(s).
