<html>
<body>
<pre>
<h1>µVision Build Log</h1>
<h2>Project:</h2>
F:\USBS\ALIENTEK MINISTM32  µ—È1 ≈‹¬Ìµ∆\USER\LED.uvproj
Project File Date:  04/01/2015

<h2>Output:</h2>
Build target 'Target 1'
compiling QiFreeMain.c...
linking...
Program Size: Code=5482 RO-data=1518 RW-data=140 ZI-data=3924  
FromELF: creating hex file...
User command #1: fromelf --bin "..\obj\QiFreeUSBS.axf" --output "..\obj\QiFreeUSBS.bin"
"..\OBJ\QiFreeBoot.axf" - 0 Error(s), 0 Warning(s).
Build target 'Target 1'
linking...
Program Size: Code=5482 RO-data=1518 RW-data=140 ZI-data=3924  
FromELF: creating hex file...
User command #1: fromelf --bin "..\obj\QiFreeBoot.axf" --output "..\obj\QiFreeBoot.bin"
"..\OBJ\QiFreeBoot.axf" - 0 Error(s), 0 Warning(s).
